Archive member included because of file (symbol)

contiki-srf06-cc26xx.a(mqtt.o)
                              obj_srf06-cc26xx/mqtt-client.o (mqtt_register)
contiki-srf06-cc26xx.a(contiki-main.o)
                              obj_srf06-cc26xx/startup_gcc.o (main)
contiki-srf06-cc26xx.a(sensors.o)
                              cc26xx-web-demo.co (sensors_event)
contiki-srf06-cc26xx.a(leds.o)
                              contiki-srf06-cc26xx.a(contiki-main.o) (leds_init)
contiki-srf06-cc26xx.a(leds-arch.o)
                              contiki-srf06-cc26xx.a(leds.o) (leds_arch_init)
contiki-srf06-cc26xx.a(sensortag-senso)
                              contiki-srf06-cc26xx.a(sensors.o) (sensors_flags)
contiki-srf06-cc26xx.a(bmp-280-sensor.)
                              cc26xx-web-demo.co (bmp_280_sensor)
contiki-srf06-cc26xx.a(tmp-007-sensor.)
                              cc26xx-web-demo.co (tmp_007_sensor)
contiki-srf06-cc26xx.a(opt-3001-sensor)
                              cc26xx-web-demo.co (opt_3001_sensor)
contiki-srf06-cc26xx.a(hdc-1000-sensor)
                              cc26xx-web-demo.co (hdc_1000_sensor)
contiki-srf06-cc26xx.a(mpu-9250-sensor)
                              cc26xx-web-demo.co (mpu_9250_sensor)
contiki-srf06-cc26xx.a(button-sensor.o)
                              contiki-srf06-cc26xx.a(sensortag-senso) (button_right_sensor)
contiki-srf06-cc26xx.a(reed-relay.o)
                              cc26xx-web-demo.co (reed_relay_sensor)
contiki-srf06-cc26xx.a(ext-flash.o)
                              cc26xx-web-demo.co (ext_flash_open)
contiki-srf06-cc26xx.a(buzzer.o)
                              obj_srf06-cc26xx/mqtt-client.o (buzzer_start)
contiki-srf06-cc26xx.a(board.o)
                              contiki-srf06-cc26xx.a(contiki-main.o) (board_init)
contiki-srf06-cc26xx.a(board-spi.o)
                              contiki-srf06-cc26xx.a(ext-flash.o) (board_spi_write)
contiki-srf06-cc26xx.a(board-i2c.o)
                              contiki-srf06-cc26xx.a(board.o) (board_i2c_wakeup)
contiki-srf06-cc26xx.a(clock.o)
                              contiki-srf06-cc26xx.a(contiki-main.o) (clock_init)
contiki-srf06-cc26xx.a(rtimer-arch.o)
                              contiki-srf06-cc26xx.a(mpu-9250-sensor) (rtimer_arch_now)
contiki-srf06-cc26xx.a(soc-rtc.o)
                              contiki-srf06-cc26xx.a(contiki-main.o) (soc_rtc_init)
contiki-srf06-cc26xx.a(contiki-watchdo)
                              contiki-srf06-cc26xx.a(contiki-main.o) (watchdog_init)
contiki-srf06-cc26xx.a(putchar.o)
                              contiki-srf06-cc26xx.a(contiki-main.o) (putchar)
contiki-srf06-cc26xx.a(ieee-addr.o)
                              contiki-srf06-cc26xx.a(contiki-main.o) (ieee_addr_cpy_to)
contiki-srf06-cc26xx.a(batmon-sensor.o)
                              cc26xx-web-demo.co (batmon_sensor)
contiki-srf06-cc26xx.a(cc26xx-uart.o)
                              contiki-srf06-cc26xx.a(contiki-main.o) (cc26xx_uart_init)
contiki-srf06-cc26xx.a(lpm.o)
                              contiki-srf06-cc26xx.a(button-sensor.o) (lpm_shutdown)
contiki-srf06-cc26xx.a(gpio-interrupt.)
                              contiki-srf06-cc26xx.a(button-sensor.o) (gpio_interrupt_register_handler)
contiki-srf06-cc26xx.a(oscillators.o)
                              contiki-srf06-cc26xx.a(contiki-main.o) (oscillators_select_lf_xosc)
contiki-srf06-cc26xx.a(ieee-mode.o)
                              contiki-srf06-cc26xx.a(contiki-main.o) (ieee_mode_driver)
contiki-srf06-cc26xx.a(random.o)
                              cc26xx-web-demo.co (random_rand)
contiki-srf06-cc26xx.a(soc-trng.o)
                              contiki-srf06-cc26xx.a(random.o) (soc_trng_rand_synchronous)
contiki-srf06-cc26xx.a(dbg-printf.o)
                              obj_srf06-cc26xx/mqtt-client.o (printf)
contiki-srf06-cc26xx.a(dbg-snprintf.o)
                              cc26xx-web-demo.co (snprintf)
contiki-srf06-cc26xx.a(dbg-sprintf.o)
                              cc26xx-web-demo.co (sprintf)
contiki-srf06-cc26xx.a(strformat.o)
                              contiki-srf06-cc26xx.a(dbg-printf.o) (format_str_v)
contiki-srf06-cc26xx.a(autostart.o)
                              contiki-srf06-cc26xx.a(contiki-main.o) (autostart_start)
contiki-srf06-cc26xx.a(ctimer.o)
                              contiki-srf06-cc26xx.a(contiki-main.o) (ctimer_init)
contiki-srf06-cc26xx.a(energest.o)
                              contiki-srf06-cc26xx.a(contiki-main.o) (energest_init)
contiki-srf06-cc26xx.a(etimer.o)
                              contiki-srf06-cc26xx.a(clock.o) (etimer_request_poll)
contiki-srf06-cc26xx.a(process.o)
                              cc26xx-web-demo.co (process_alloc_event)
contiki-srf06-cc26xx.a(rtimer.o)
                              contiki-srf06-cc26xx.a(contiki-main.o) (rtimer_init)
contiki-srf06-cc26xx.a(timer.o)
                              obj_srf06-cc26xx/mqtt-client.o (timer_set)
contiki-srf06-cc26xx.a(serial-line.o)
[...]
Memory Configuration

Name             Origin             Length             Attributes
FLASH            0x0000000000000000 0x000000000001ffa8 xr
FLASH_CCFG       0x000000000001ffa8 0x0000000000000058 xr
SRAM             0x0000000020000000 0x0000000000005000 xrw
GPRAM            0x0000000011000000 0x0000000000002000 xrw
*default*        0x0000000000000000 0xffffffffffffffff

Linker script and memory map

LOAD obj_srf06-cc26xx/fault-handlers.o
LOAD obj_srf06-cc26xx/ccfg.o
LOAD obj_srf06-cc26xx/startup_gcc.o
LOAD cc26xx-web-demo.co
LOAD obj_srf06-cc26xx/cetic-6lbr-client.o
LOAD obj_srf06-cc26xx/mqtt-client.o
LOAD obj_srf06-cc26xx/httpd-simple.o
LOAD obj_srf06-cc26xx/gcm.o
LOAD obj_srf06-cc26xx/aes-gcm.o
LOAD contiki-srf06-cc26xx.a
LOAD /usr/bin/../lib/gcc/arm-none-eabi/4.9.3/../../../../arm-none-eabi/lib/armv7-m/libm.a
START GROUP
LOAD /usr/bin/../lib/gcc/arm-none-eabi/4.9.3/armv7-m/libgcc.a
LOAD /usr/bin/../lib/gcc/arm-none-eabi/4.9.3/../../../../arm-none-eabi/lib/armv7-m/libc.a
END GROUP
                0x0000000020005000                _estack = (ORIGIN (SRAM) + 0x5000)
                0x0000000000000000                _Min_Heap_Size = 0x0
                0x0000000000000100                _Min_Stack_Size = 0x100

.text           0x0000000000000000    0x1a291
                0x0000000000000000                _text = .
 *(SORT(.vectors))
 .vectors       0x0000000000000000       0xc8 obj_srf06-cc26xx/startup_gcc.o
                0x0000000000000000                g_pfnVectors
 *(SORT(.text*))
 .text.value    0x00000000000000c8       0xb0 contiki-srf06-cc26xx.a(opt-3001-sensor)
 .text.value    0x0000000000000178       0x9c contiki-srf06-cc26xx.a(hdc-1000-sensor)
 *fill*         0x0000000000000214        0x4 00000000
 .text.value    0x0000000000000218      0x1b4 contiki-srf06-cc26xx.a(mpu-9250-sensor)
 *fill*         0x00000000000003cc        0x4 00000000
 .text.__ieee754_pow
                0x00000000000003d0      0xaa0 /usr/bin/../lib/gcc/arm-none-eabi/4.9.3/../../../../arm-none-eabi/lib/armv7-m/libm.a(lib_a-e_pow.o)
                0x00000000000003d0                __ieee754_pow
 .text.scalbn   0x0000000000000e70       0xec /usr/bin/../lib/gcc/arm-none-eabi/4.9.3/../../../../arm-none-eabi/lib/armv7-m/libm.a(lib_a-s_scalbn.o)
                0x0000000000000e70                scalbn
 .text.FaultISR
                0x0000000000000f5c       0x18 obj_srf06-cc26xx/fault-handlers.o
                0x0000000000000f5c                FaultISR
 .text.NmiSRHandler
                0x0000000000000f74        0x4 obj_srf06-cc26xx/startup_gcc.o
                0x0000000000000f74                NmiSR
 .text.IntDefaultHandler
                0x0000000000000f78        0x4 obj_srf06-cc26xx/startup_gcc.o
                0x0000000000000f78                SSI0IntHandler
                0x0000000000000f78                SWEvent0IntHandler
                0x0000000000000f78                uDMAIntHandler
                0x0000000000000f78                WatchdogIntHandler
                0x0000000000000f78                RFCHardwareIntHandler
                0x0000000000000f78                Timer1BIntHandler
                0x0000000000000f78                I2SIntHandler
                0x0000000000000f78                Timer2BIntHandler
                0x0000000000000f78                Timer2AIntHandler
                0x0000000000000f78                Timer1AIntHandler
                0x0000000000000f78                AONIntHandler
                0x0000000000000f78                AUXSWEvent0IntHandler
                0x0000000000000f78                AUXADCIntHandler
                0x0000000000000f78                PendSVIntHandler
                0x0000000000000f78                AUXSWEvent1IntHandler
                0x0000000000000f78                SVCallIntHandler
                0x0000000000000f78                MPUFaultIntHandler
                0x0000000000000f78                SysTickIntHandler
                0x0000000000000f78                BusFaultIntHandler
                0x0000000000000f78                AONProgIntHandler
                0x0000000000000f78                AUXCompAIntHandler
                0x0000000000000f78                SSI1IntHandler
                0x0000000000000f78                FlashIntHandler
                0x0000000000000f78                uDMAErrIntHandler
                0x0000000000000f78                UsageFaultIntHandler
                0x0000000000000f78                RFCCmdAckIntHandler
                0x0000000000000f78                CryptoIntHandler
                0x0000000000000f78                Timer0AIntHandler
                0x0000000000000f78                I2CIntHandler
                0x0000000000000f78                DebugMonIntHandler
                0x0000000000000f78                Timer0BIntHandler
                0x0000000000000f78                AUXCombEventIntHandler
                0x0000000000000f78                Timer3AIntHandler
                0x0000000000000f78                DynProgIntHandler
                0x0000000000000f78                Timer3BIntHandler
 .text.ResetISR
                0x0000000000000f7c       0x5c obj_srf06-cc26xx/startup_gcc.o
                0x0000000000000f7c                ResetISR
 .text.publish_led_off
                0x0000000000000fd8        0x8 cc26xx-web-demo.co
 .text.get_batmon_reading
                0x0000000000000fe0       0xf4 cc26xx-web-demo.co
 .text.print_mpu_reading
                0x00000000000010d4       0x3c cc26xx-web-demo.co
 .text.sensor_readings_handler
                0x0000000000001110       0x7c cc26xx-web-demo.co
 .text.init_bmp_reading
                0x000000000000118c       0x3c cc26xx-web-demo.co
 .text.init_light_reading
                0x00000000000011c8       0x30 cc26xx-web-demo.co
 .text.init_hdc_reading
                0x00000000000011f8       0x3c cc26xx-web-demo.co
 .text.init_tmp_reading
                0x0000000000001234       0x3c cc26xx-web-demo.co
 .text.init_mpu_reading
                0x0000000000001270       0x78 cc26xx-web-demo.co
 .text.init_sensor_readings
                0x00000000000012e8       0x2c cc26xx-web-demo.co
 .text.echo_reply_handler
                0x0000000000001314       0x24 cc26xx-web-demo.co
 .text.save_config
                0x0000000000001338       0x94 cc26xx-web-demo.co
 .text.ping_interval_post_handler
                0x00000000000013cc       0x44 cc26xx-web-demo.co
 .text.cc26xx_web_demo_ipaddr_sprintf
                0x0000000000001410       0xa4 cc26xx-web-demo.co
                0x0000000000001410                cc26xx_web_demo_ipaddr_sprintf
 .text.cc26xx_web_demo_sensor_first
                0x00000000000014b4        0xc cc26xx-web-demo.co
                0x00000000000014b4                cc26xx_web_demo_sensor_first
 .text.cc26xx_web_demo_restore_defaults
                0x00000000000014c0       0x44 cc26xx-web-demo.co
                0x00000000000014c0                cc26xx_web_demo_restore_defaults
 .text.process_thread_cc26xx_web_demo_process
                0x0000000000001504      0xb48 cc26xx-web-demo.co
 .text.defaults_post_handler
                0x000000000000204c       0x24 cc26xx-web-demo.co
 .text.process_thread_cetic_6lbr_client_process
                0x0000000000002070      0x1ec obj_srf06-cc26xx/cetic-6lbr-client.o
 .text.publish_led_off
                0x000000000000225c        0x8 obj_srf06-cc26xx/mqtt-client.o
 .text.init_config
                0x0000000000002264       0xc0 obj_srf06-cc26xx/mqtt-client.o
 .text.update_config
                0x0000000000002324       0xcc obj_srf06-cc26xx/mqtt-client.o
 .text.mqtt_event
                0x00000000000023f0       0xfc obj_srf06-cc26xx/mqtt-client.o
 .text.process_thread_mqtt_client_process
                0x00000000000024ec      0x544 obj_srf06-cc26xx/mqtt-client.o
 .text.new_net_config.part.2
                0x0000000000002a30       0x24 obj_srf06-cc26xx/mqtt-client.o
 .text.org_id_post_handler
                0x0000000000002a54       0x60 obj_srf06-cc26xx/mqtt-client.o
 .text.type_id_post_handler
                0x0000000000002ab4       0x64 obj_srf06-cc26xx/mqtt-client.o
 .text.event_type_id_post_handler
                0x0000000000002b18       0x64 obj_srf06-cc26xx/mqtt-client.o
 .text.cmd_type_post_handler
                0x0000000000002b7c       0x78 obj_srf06-cc26xx/mqtt-client.o
 .text.username_post_handler
                0x0000000000002bf4       0x64 obj_srf06-cc26xx/mqtt-client.o
 .text.password_post_handler
                0x0000000000002c58       0x64 obj_srf06-cc26xx/mqtt-client.o
 .text.reconnect_post_handler
                0x0000000000002cbc       0x34 obj_srf06-cc26xx/mqtt-client.o
 .text.ip_addr_post_handler
                0x0000000000002cf0       0x70 obj_srf06-cc26xx/mqtt-client.o
 .text.port_post_handler
                0x0000000000002d60       0x58 obj_srf06-cc26xx/mqtt-client.o
 .text.interval_post_handler
                0x0000000000002db8       0x48 obj_srf06-cc26xx/mqtt-client.o
 .text.html_escape_quotes
                0x0000000000002e00       0x74 obj_srf06-cc26xx/httpd-simple.o
 .text.enqueue_chunk
                0x0000000000002e74      0x110 obj_srf06-cc26xx/httpd-simple.o
 .text.generate_top_matter
                0x0000000000002f84      0x270 obj_srf06-cc26xx/httpd-simple.o
 .text.generate_mqtt_config
                0x00000000000031f4      0x8cc obj_srf06-cc26xx/httpd-simple.o
 .text.send_headers
                0x0000000000003ac0      0x120 obj_srf06-cc26xx/httpd-simple.o
 .text.generate_config
                0x0000000000003be0      0x594 obj_srf06-cc26xx/httpd-simple.o
 .text.generate_index
                0x0000000000004174      0x53c obj_srf06-cc26xx/httpd-simple.o
 .text.send_string
                0x00000000000046b0       0x44 obj_srf06-cc26xx/httpd-simple.o
 .text.handle_output
                0x00000000000046f4      0x2d8 obj_srf06-cc26xx/httpd-simple.o
 .text.handle_input
                0x00000000000049cc      0x5b4 obj_srf06-cc26xx/httpd-simple.o
 .text.process_thread_httpd_simple_process
                0x0000000000004f80      0x15c obj_srf06-cc26xx/httpd-simple.o
 .text.httpd_simple_register_post_handler
                0x00000000000050dc        0xc obj_srf06-cc26xx/httpd-simple.o
                0x00000000000050dc                httpd_simple_register_post_handler
 .text.gcm_mult
                0x00000000000050e8      0x190 obj_srf06-cc26xx/gcm.o
 .text.gcm_setkey
                0x0000000000005278      0x188 obj_srf06-cc26xx/gcm.o
                0x0000000000005278                gcm_setkey
 .text.gcm_start
                0x0000000000005400      0x178 obj_srf06-cc26xx/gcm.o
                0x0000000000005400                gcm_start
 .text.gcm_update
                0x0000000000005578       0xcc obj_srf06-cc26xx/gcm.o
                0x0000000000005578                gcm_update
 .text.gcm_finish
                0x0000000000005644      0x180 obj_srf06-cc26xx/gcm.o
                0x0000000000005644                gcm_finish
 .text.gcm_crypt_and_tag
                0x00000000000057c4       0x50 obj_srf06-cc26xx/gcm.o
                0x00000000000057c4                gcm_crypt_and_tag
 .text.gcm_zero_ctx
                0x0000000000005814        0xc obj_srf06-cc26xx/gcm.o
                0x0000000000005814                gcm_zero_ctx
 .text.aes_gcm_encrypt
                0x0000000000005820       0x64 obj_srf06-cc26xx/aes-gcm.o
                0x0000000000005820                aes_gcm_encrypt
 .text.call_event
                0x0000000000005884       0x1c contiki-srf06-cc26xx.a(mqtt.o)
 .text.connect_tcp
                0x00000000000058a0       0x7c contiki-srf06-cc26xx.a(mqtt.o)
 .text.abort_connection
                0x000000000000591c       0x40 contiki-srf06-cc26xx.a(mqtt.o)
 .text.send_out_buffer
                0x000000000000595c       0x24 contiki-srf06-cc26xx.a(mqtt.o)
 .text.write_bytes
                0x0000000000005980       0x50 contiki-srf06-cc26xx.a(mqtt.o)
 .text.string_to_mqtt_string
                0x00000000000059d0       0x18 contiki-srf06-cc26xx.a(mqtt.o)
 .text.handle_publish
                0x00000000000059e8       0x38 contiki-srf06-cc26xx.a(mqtt.o)
 .text.tcp_input
                0x0000000000005a20      0x364 contiki-srf06-cc26xx.a(mqtt.o)
 .text.keep_alive_callback
                0x0000000000005d84       0x40 contiki-srf06-cc26xx.a(mqtt.o)
 .text.tcp_event
                0x0000000000005dc4       0x98 contiki-srf06-cc26xx.a(mqtt.o)
 .text.mqtt_init.part.4
                0x0000000000005e5c       0xac contiki-srf06-cc26xx.a(mqtt.o)
 .text.process_thread_mqtt_process
                0x0000000000005f08     0x169c contiki-srf06-cc26xx.a(mqtt.o)
 .text.mqtt_register
                0x00000000000075a4       0x84 contiki-srf06-cc26xx.a(mqtt.o)
                0x00000000000075a4                mqtt_register
 .text.mqtt_connect
                0x0000000000007628       0x68 contiki-srf06-cc26xx.a(mqtt.o)
                0x0000000000007628                mqtt_connect
 .text.mqtt_disconnect
                0x0000000000007690       0x24 contiki-srf06-cc26xx.a(mqtt.o)
                0x0000000000007690                mqtt_disconnect
 .text.mqtt_subscribe
                0x00000000000076b4       0x68 contiki-srf06-cc26xx.a(mqtt.o)
                0x00000000000076b4                mqtt_subscribe
 .text.mqtt_publish
                0x000000000000771c       0x80 contiki-srf06-cc26xx.a(mqtt.o)
                0x000000000000771c                mqtt_publish
 .text.mqtt_set_username_password
                0x000000000000779c       0x3c contiki-srf06-cc26xx.a(mqtt.o)
                0x000000000000779c                mqtt_set_username_password
 .text.fade     0x00000000000077d8       0x64 contiki-srf06-cc26xx.a(contiki-main.o)
 .text.startup.main
                0x000000000000783c      0x24c contiki-srf06-cc26xx.a(contiki-main.o)
                0x000000000000783c                main
 .text.process_thread_sensors_process
                0x0000000000007a88       0xf8 contiki-srf06-cc26xx.a(sensors.o)
 .text.sensors_changed
                0x0000000000007b80       0x50 contiki-srf06-cc26xx.a(sensors.o)
                0x0000000000007b80                sensors_changed
 .text.leds_init
                0x0000000000007bd0       0x14 contiki-srf06-cc26xx.a(leds.o)
                0x0000000000007bd0                leds_init
 .text.leds_on  0x0000000000007be4       0x14 contiki-srf06-cc26xx.a(leds.o)
                0x0000000000007be4                leds_on
 .text.leds_off
                0x0000000000007bf8       0x14 contiki-srf06-cc26xx.a(leds.o)
                0x0000000000007bf8                leds_off
 .text.leds_arch_init
                0x0000000000007c0c       0x38 contiki-srf06-cc26xx.a(leds-arch.o)
                0x0000000000007c0c                leds_arch_init
 .text.leds_arch_set
                0x0000000000007c44       0x34 contiki-srf06-cc26xx.a(leds-arch.o)
                0x0000000000007c44                leds_arch_set
 .text.status   0x0000000000007c78       0x14 contiki-srf06-cc26xx.a(bmp-280-sensor.)
 .text.notify_ready
                0x0000000000007c8c       0x14 contiki-srf06-cc26xx.a(bmp-280-sensor.)
 .text.enable_sensor
                0x0000000000007ca0       0x2c contiki-srf06-cc26xx.a(bmp-280-sensor.)
 .text.configure
                0x0000000000007ccc       0x94 contiki-srf06-cc26xx.a(bmp-280-sensor.)
 .text.value    0x0000000000007d60      0x15c contiki-srf06-cc26xx.a(bmp-280-sensor.)
 .text.status   0x0000000000007ebc       0x14 contiki-srf06-cc26xx.a(tmp-007-sensor.)
 .text.notify_ready
                0x0000000000007ed0       0x14 contiki-srf06-cc26xx.a(tmp-007-sensor.)
 .text.enable_sensor
                0x0000000000007ee4       0x2c contiki-srf06-cc26xx.a(tmp-007-sensor.)
 .text.configure
                0x0000000000007f10       0x94 contiki-srf06-cc26xx.a(tmp-007-sensor.)
 .text.value    0x0000000000007fa4       0xec contiki-srf06-cc26xx.a(tmp-007-sensor.)
 .text.status   0x0000000000008090        0xc contiki-srf06-cc26xx.a(opt-3001-sensor)
 .text.enable_sensor
                0x000000000000809c       0x44 contiki-srf06-cc26xx.a(opt-3001-sensor)
 .text.notify_ready
                0x00000000000080e0       0x54 contiki-srf06-cc26xx.a(opt-3001-sensor)
 .text.configure
                0x0000000000008134       0x4c contiki-srf06-cc26xx.a(opt-3001-sensor)
 .text.status   0x0000000000008180       0x14 contiki-srf06-cc26xx.a(hdc-1000-sensor)
 .text.notify_ready
                0x0000000000008194       0x60 contiki-srf06-cc26xx.a(hdc-1000-sensor)
 .text.configure
                0x00000000000081f4       0xb8 contiki-srf06-cc26xx.a(hdc-1000-sensor)
 .text.acc_convert
                0x00000000000082ac       0x70 contiki-srf06-cc26xx.a(mpu-9250-sensor)
 .text.status   0x000000000000831c       0x14 contiki-srf06-cc26xx.a(mpu-9250-sensor)
 .text.notify_ready
                0x0000000000008330       0x14 contiki-srf06-cc26xx.a(mpu-9250-sensor)
 .text.sensor_sleep
                0x0000000000008344       0x38 contiki-srf06-cc26xx.a(mpu-9250-sensor)
 .text.configure
                0x000000000000837c       0xdc contiki-srf06-cc26xx.a(mpu-9250-sensor)
 .text.int_status
                0x0000000000008458       0x28 contiki-srf06-cc26xx.a(mpu-9250-sensor)
 .text.initialise
                0x0000000000008480       0xfc contiki-srf06-cc26xx.a(mpu-9250-sensor)
 .text.status.part.0
                0x000000000000857c       0x14 contiki-srf06-cc26xx.a(button-sensor.o)
 .text.value_left
                0x0000000000008590       0x24 contiki-srf06-cc26xx.a(button-sensor.o)
 .text.value_right
                0x00000000000085b4       0x18 contiki-srf06-cc26xx.a(button-sensor.o)
 .text.status_left
                0x00000000000085cc       0x10 contiki-srf06-cc26xx.a(button-sensor.o)
 .text.status_right
                0x00000000000085dc       0x10 contiki-srf06-cc26xx.a(button-sensor.o)
 .text.config_buttons
                0x00000000000085ec       0x84 contiki-srf06-cc26xx.a(button-sensor.o)
 .text.config_left
                0x0000000000008670        0xc contiki-srf06-cc26xx.a(button-sensor.o)
 .text.config_right
                0x000000000000867c        0xc contiki-srf06-cc26xx.a(button-sensor.o)
 .text.button_press_handler
                0x0000000000008688       0x64 contiki-srf06-cc26xx.a(button-sensor.o)
 .text.value    0x00000000000086ec       0x10 contiki-srf06-cc26xx.a(reed-relay.o)
 .text.status   0x00000000000086fc       0x20 contiki-srf06-cc26xx.a(reed-relay.o)
 .text.configure
                0x000000000000871c       0x6c contiki-srf06-cc26xx.a(reed-relay.o)
 .text.reed_interrupt_handler
                0x0000000000008788       0x28 contiki-srf06-cc26xx.a(reed-relay.o)
 .text.write_enable
                0x00000000000087b0       0x2c contiki-srf06-cc26xx.a(ext-flash.o)
 .text.verify_part
                0x00000000000087dc       0x7c contiki-srf06-cc26xx.a(ext-flash.o)
 .text.wait_ready
                0x0000000000008858       0x64 contiki-srf06-cc26xx.a(ext-flash.o)
 .text.power_down
                0x00000000000088bc       0x50 contiki-srf06-cc26xx.a(ext-flash.o)
 .text.ext_flash_open
                0x000000000000890c       0x60 contiki-srf06-cc26xx.a(ext-flash.o)
                0x000000000000890c                ext_flash_open
 .text.ext_flash_close
                0x000000000000896c       0x10 contiki-srf06-cc26xx.a(ext-flash.o)
                0x000000000000896c                ext_flash_close
 .text.ext_flash_read
                0x000000000000897c       0x54 contiki-srf06-cc26xx.a(ext-flash.o)
                0x000000000000897c                ext_flash_read
 .text.ext_flash_write
                0x00000000000089d0       0x98 contiki-srf06-cc26xx.a(ext-flash.o)
                0x00000000000089d0                ext_flash_write
 .text.ext_flash_erase
                0x0000000000008a68       0x90 contiki-srf06-cc26xx.a(ext-flash.o)
                0x0000000000008a68                ext_flash_erase
 .text.ext_flash_init
                0x0000000000008af8       0x14 contiki-srf06-cc26xx.a(ext-flash.o)
                0x0000000000008af8                ext_flash_init
 .text.buzzer_init
                0x0000000000008b0c        0xc contiki-srf06-cc26xx.a(buzzer.o)
                0x0000000000008b0c                buzzer_init
 .text.buzzer_start
                0x0000000000008b18       0xa4 contiki-srf06-cc26xx.a(buzzer.o)
                0x0000000000008b18                buzzer_start
 .text.buzzer_stop
                0x0000000000008bbc       0x74 contiki-srf06-cc26xx.a(buzzer.o)
                0x0000000000008bbc                buzzer_stop
 .text.power_domains_on
                0x0000000000008c30       0x20 contiki-srf06-cc26xx.a(board.o)
 .text.lpm_wakeup_handler
                0x0000000000008c50        0x4 contiki-srf06-cc26xx.a(board.o)
 .text.shutdown_handler
                0x0000000000008c54       0x68 contiki-srf06-cc26xx.a(board.o)
 .text.board_init
                0x0000000000008cbc      0x118 contiki-srf06-cc26xx.a(board.o)
                0x0000000000008cbc                board_init
 .text.accessible
                0x0000000000008dd4       0x24 contiki-srf06-cc26xx.a(board-spi.o)
 .text.board_spi_write
                0x0000000000008df8       0x3c contiki-srf06-cc26xx.a(board-spi.o)
                0x0000000000008df8                board_spi_write
 .text.board_spi_read
                0x0000000000008e34       0x48 contiki-srf06-cc26xx.a(board-spi.o)
                0x0000000000008e34                board_spi_read
 .text.board_spi_flush
                0x0000000000008e7c       0x24 contiki-srf06-cc26xx.a(board-spi.o)
                0x0000000000008e7c                board_spi_flush
 .text.board_spi_open
                0x0000000000008ea0       0xc0 contiki-srf06-cc26xx.a(board-spi.o)
                0x0000000000008ea0                board_spi_open
 .text.board_spi_close
                0x0000000000008f60       0x70 contiki-srf06-cc26xx.a(board-spi.o)
                0x0000000000008f60                board_spi_close
 .text.i2c_status
                0x0000000000008fd0       0x34 contiki-srf06-cc26xx.a(board-i2c.o)
 .text.accessible
                0x0000000000009004       0x24 contiki-srf06-cc26xx.a(board-i2c.o)
 .text.board_i2c_wakeup
                0x0000000000009028       0x5c contiki-srf06-cc26xx.a(board-i2c.o)
                0x0000000000009028                board_i2c_wakeup
 .text.board_i2c_shutdown
                0x0000000000009084       0xa4 contiki-srf06-cc26xx.a(board-i2c.o)
                0x0000000000009084                board_i2c_shutdown
 .text.board_i2c_write
                0x0000000000009128      0x138 contiki-srf06-cc26xx.a(board-i2c.o)
                0x0000000000009128                board_i2c_write
 .text.board_i2c_write_single
                0x0000000000009260       0x70 contiki-srf06-cc26xx.a(board-i2c.o)
                0x0000000000009260                board_i2c_write_single
 .text.board_i2c_read
                0x00000000000092d0      0x118 contiki-srf06-cc26xx.a(board-i2c.o)
                0x00000000000092d0                board_i2c_read
 .text.board_i2c_write_read
                0x00000000000093e8      0x1cc contiki-srf06-cc26xx.a(board-i2c.o)
                0x00000000000093e8                board_i2c_write_read
 .text.board_i2c_select
                0x00000000000095b4       0xdc contiki-srf06-cc26xx.a(board-i2c.o)
                0x00000000000095b4                board_i2c_select
 .text.power_domain_on
                0x0000000000009690       0x20 contiki-srf06-cc26xx.a(clock.o)
 .text.clock_init
                0x00000000000096b0       0x98 contiki-srf06-cc26xx.a(clock.o)
                0x00000000000096b0                clock_init
 .text.clock_time
                0x0000000000009748       0x34 contiki-srf06-cc26xx.a(clock.o)
                0x0000000000009748                clock_time
 .text.clock_update
                0x000000000000977c       0x3c contiki-srf06-cc26xx.a(clock.o)
                0x000000000000977c                clock_update
 .text.clock_seconds
                0x00000000000097b8       0x18 contiki-srf06-cc26xx.a(clock.o)
                0x00000000000097b8                clock_seconds
 .text.rtimer_arch_init
                0x00000000000097d0        0x4 contiki-srf06-cc26xx.a(rtimer-arch.o)
                0x00000000000097d0                rtimer_arch_init
 .text.rtimer_arch_schedule
                0x00000000000097d4        0x8 contiki-srf06-cc26xx.a(rtimer-arch.o)
                0x00000000000097d4                rtimer_arch_schedule
 .text.rtimer_arch_now
                0x00000000000097dc        0x4 contiki-srf06-cc26xx.a(rtimer-arch.o)
                0x00000000000097dc                rtimer_arch_now
 .text.soc_rtc_init
                0x00000000000097e0       0xa0 contiki-srf06-cc26xx.a(soc-rtc.o)
                0x00000000000097e0                soc_rtc_init
 .text.soc_rtc_schedule_one_shot
                0x0000000000009880       0x70 contiki-srf06-cc26xx.a(soc-rtc.o)
                0x0000000000009880                soc_rtc_schedule_one_shot
 .text.soc_rtc_last_isr_time
                0x00000000000098f0        0xc contiki-srf06-cc26xx.a(soc-rtc.o)
                0x00000000000098f0                soc_rtc_last_isr_time
 .text.AONRTCIntHandler
                0x00000000000098fc       0x88 contiki-srf06-cc26xx.a(soc-rtc.o)
                0x00000000000098fc                AONRTCIntHandler
 .text.lock_config
                0x0000000000009984       0x18 contiki-srf06-cc26xx.a(contiki-watchdo)
 .text.unlock_config
                0x000000000000999c       0x2c contiki-srf06-cc26xx.a(contiki-watchdo)
 .text.watchdog_init
                0x00000000000099c8       0x1c contiki-srf06-cc26xx.a(contiki-watchdo)
                0x00000000000099c8                watchdog_init
 .text.watchdog_start
                0x00000000000099e4       0x30 contiki-srf06-cc26xx.a(contiki-watchdo)
                0x00000000000099e4                watchdog_start
 .text.watchdog_periodic
                0x0000000000009a14       0x1c contiki-srf06-cc26xx.a(contiki-watchdo)
                0x0000000000009a14                watchdog_periodic
 .text.putchar  0x0000000000009a30       0x10 contiki-srf06-cc26xx.a(putchar.o)
                0x0000000000009a30                putchar
 .text.puts     0x0000000000009a40       0x30 contiki-srf06-cc26xx.a(putchar.o)
                0x0000000000009a40                puts
 .text.dbg_send_bytes
                0x0000000000009a70       0x40 contiki-srf06-cc26xx.a(putchar.o)
                0x0000000000009a70                dbg_send_bytes
 .text.ieee_addr_cpy_to
                0x0000000000009ab0       0x40 contiki-srf06-cc26xx.a(ieee-addr.o)
                0x0000000000009ab0                ieee_addr_cpy_to
 .text.configure
                0x0000000000009af0       0x34 contiki-srf06-cc26xx.a(batmon-sensor.o)
 .text.status   0x0000000000009b24       0x14 contiki-srf06-cc26xx.a(batmon-sensor.o)
 .text.value    0x0000000000009b38       0x24 contiki-srf06-cc26xx.a(batmon-sensor.o)
 .text.power_and_clock
                0x0000000000009b5c       0x40 contiki-srf06-cc26xx.a(cc26xx-uart.o)
 .text.enable   0x0000000000009b9c       0xf4 contiki-srf06-cc26xx.a(cc26xx-uart.o)
 .text.accessible
                0x0000000000009c90       0x24 contiki-srf06-cc26xx.a(cc26xx-uart.o)
 .text.lpm_drop_handler
                0x0000000000009cb4       0xcc contiki-srf06-cc26xx.a(cc26xx-uart.o)
 .text.cc26xx_uart_init
                0x0000000000009d80       0x28 contiki-srf06-cc26xx.a(cc26xx-uart.o)
                0x0000000000009d80                cc26xx_uart_init
 .text.cc26xx_uart_write_byte
                0x0000000000009da8       0x28 contiki-srf06-cc26xx.a(cc26xx-uart.o)
                0x0000000000009da8                cc26xx_uart_write_byte
 .text.cc26xx_uart_busy
                0x0000000000009dd0       0x18 contiki-srf06-cc26xx.a(cc26xx-uart.o)
                0x0000000000009dd0                cc26xx_uart_busy
 .text.UART0IntHandler
                0x0000000000009de8       0x54 contiki-srf06-cc26xx.a(cc26xx-uart.o)
                0x0000000000009de8                UART0IntHandler
 .text.lpm_shutdown
                0x0000000000009e3c      0x19c contiki-srf06-cc26xx.a(lpm.o)
                0x0000000000009e3c                lpm_shutdown
 .text.lpm_sleep
                0x0000000000009fd8       0x14 contiki-srf06-cc26xx.a(lpm.o)
                0x0000000000009fd8                lpm_sleep
 .text.lpm_drop
                0x0000000000009fec      0x25c contiki-srf06-cc26xx.a(lpm.o)
                0x0000000000009fec                lpm_drop
 .text.lpm_register_module
                0x000000000000a248        0xc contiki-srf06-cc26xx.a(lpm.o)
                0x000000000000a248                lpm_register_module
 .text.lpm_unregister_module
                0x000000000000a254        0xc contiki-srf06-cc26xx.a(lpm.o)
                0x000000000000a254                lpm_unregister_module
 .text.lpm_init
                0x000000000000a260       0x20 contiki-srf06-cc26xx.a(lpm.o)
                0x000000000000a260                lpm_init
 .text.lpm_pin_set_default_state
                0x000000000000a280       0x2c contiki-srf06-cc26xx.a(lpm.o)
                0x000000000000a280                lpm_pin_set_default_state
 .text.gpio_interrupt_register_handler
                0x000000000000a2ac       0x2c contiki-srf06-cc26xx.a(gpio-interrupt.)
                0x000000000000a2ac                gpio_interrupt_register_handler
 .text.gpio_interrupt_init
                0x000000000000a2d8       0x24 contiki-srf06-cc26xx.a(gpio-interrupt.)
                0x000000000000a2d8                gpio_interrupt_init
 .text.GPIOIntHandler
                0x000000000000a2fc       0x30 contiki-srf06-cc26xx.a(gpio-interrupt.)
                0x000000000000a2fc                GPIOIntHandler
 .text.oscillators_select_lf_xosc
                0x000000000000a32c       0x50 contiki-srf06-cc26xx.a(oscillators.o)
                0x000000000000a32c                oscillators_select_lf_xosc
 .text.oscillators_select_lf_rcosc
                0x000000000000a37c       0x3c contiki-srf06-cc26xx.a(oscillators.o)
                0x000000000000a37c                oscillators_select_lf_rcosc
 .text.oscillators_request_hf_xosc
                0x000000000000a3b8       0x30 contiki-srf06-cc26xx.a(oscillators.o)
                0x000000000000a3b8                oscillators_request_hf_xosc
 .text.oscillators_switch_to_hf_xosc
                0x000000000000a3e8       0x34 contiki-srf06-cc26xx.a(oscillators.o)
                0x000000000000a3e8                oscillators_switch_to_hf_xosc
 .text.oscillators_switch_to_hf_rc
                0x000000000000a41c       0x38 contiki-srf06-cc26xx.a(oscillators.o)
                0x000000000000a41c                oscillators_switch_to_hf_rc
 .text.request  0x000000000000a454       0x20 contiki-srf06-cc26xx.a(ieee-mode.o)
 .text.rx_on    0x000000000000a474       0x60 contiki-srf06-cc26xx.a(ieee-mode.o)
 .text.prepare  0x000000000000a4d4       0x1c contiki-srf06-cc26xx.a(ieee-mode.o)
 .text.rf_radio_setup
                0x000000000000a4f0       0x64 contiki-srf06-cc26xx.a(ieee-mode.o)
 .text.soft_on  0x000000000000a554       0x18 contiki-srf06-cc26xx.a(ieee-mode.o)
 .text.pending_packet
                0x000000000000a56c       0x48 contiki-srf06-cc26xx.a(ieee-mode.o)
 .text.soft_off
                0x000000000000a5b4       0x44 contiki-srf06-cc26xx.a(ieee-mode.o)
 .text.get_object
                0x000000000000a5f8       0x4c contiki-srf06-cc26xx.a(ieee-mode.o)
 .text.transmitting
                0x000000000000a644       0x4c contiki-srf06-cc26xx.a(ieee-mode.o)
 .text.rx_off   0x000000000000a690       0x6c contiki-srf06-cc26xx.a(ieee-mode.o)
 .text.set_object
                0x000000000000a6fc       0x60 contiki-srf06-cc26xx.a(ieee-mode.o)
 .text.get_cca_info
                0x000000000000a75c       0x50 contiki-srf06-cc26xx.a(ieee-mode.o)
 .text.check_rat_overflow
                0x000000000000a7ac       0x80 contiki-srf06-cc26xx.a(ieee-mode.o)
 .text.receiving_packet
                0x000000000000a82c       0x34 contiki-srf06-cc26xx.a(ieee-mode.o)
 .text.off      0x000000000000a860       0x6c contiki-srf06-cc26xx.a(ieee-mode.o)
 .text.on       0x000000000000a8cc       0xac contiki-srf06-cc26xx.a(ieee-mode.o)
 .text.set_value
                0x000000000000a978      0x168 contiki-srf06-cc26xx.a(ieee-mode.o)
 .text.get_value
                0x000000000000aae0      0x188 contiki-srf06-cc26xx.a(ieee-mode.o)
 .text.transmit
                0x000000000000ac68       0xec contiki-srf06-cc26xx.a(ieee-mode.o)
 .text.send     0x000000000000ad54       0x24 contiki-srf06-cc26xx.a(ieee-mode.o)
 .text.channel_clear
                0x000000000000ad78       0x68 contiki-srf06-cc26xx.a(ieee-mode.o)
 .text.read_frame
                0x000000000000ade0      0x1a0 contiki-srf06-cc26xx.a(ieee-mode.o)
 .text.handle_rat_overflow
                0x000000000000af80       0x60 contiki-srf06-cc26xx.a(ieee-mode.o)
 .text.init     0x000000000000afe0      0x118 contiki-srf06-cc26xx.a(ieee-mode.o)
 .text.random_rand
                0x000000000000b0f8        0xc contiki-srf06-cc26xx.a(random.o)
                0x000000000000b0f8                random_rand
 .text.random_init
                0x000000000000b104        0x4 contiki-srf06-cc26xx.a(random.o)
                0x000000000000b104                random_init
 .text.power_up
                0x000000000000b108       0x40 contiki-srf06-cc26xx.a(soc-trng.o)
 .text.request  0x000000000000b148       0x14 contiki-srf06-cc26xx.a(soc-trng.o)
 .text.process_thread_soc_trng_process
                0x000000000000b15c       0x94 contiki-srf06-cc26xx.a(soc-trng.o)
 .text.accessible
                0x000000000000b1f0       0x24 contiki-srf06-cc26xx.a(soc-trng.o)
 .text.soc_trng_rand_synchronous
                0x000000000000b214       0xc4 contiki-srf06-cc26xx.a(soc-trng.o)
                0x000000000000b214                soc_trng_rand_synchronous
 .text.TRNGIntHandler
                0x000000000000b2d8       0x50 contiki-srf06-cc26xx.a(soc-trng.o)
                0x000000000000b2d8                TRNGIntHandler
 .text.soc_trng_init
                0x000000000000b328       0x28 contiki-srf06-cc26xx.a(soc-trng.o)
                0x000000000000b328                soc_trng_init
 .text.write_str
                0x000000000000b350       0x14 contiki-srf06-cc26xx.a(dbg-printf.o)
 .text.printf   0x000000000000b364       0x24 contiki-srf06-cc26xx.a(dbg-printf.o)
                0x000000000000b364                printf
 .text.buffer_str
                0x000000000000b388       0x28 contiki-srf06-cc26xx.a(dbg-snprintf.o)
 .text.snprintf
                0x000000000000b3b0       0x38 contiki-srf06-cc26xx.a(dbg-snprintf.o)
                0x000000000000b3b0                snprintf
 .text.vsnprintf
                0x000000000000b3e8       0x28 contiki-srf06-cc26xx.a(dbg-snprintf.o)
                0x000000000000b3e8                vsnprintf
 .text.buffer_str
                0x000000000000b410       0x18 contiki-srf06-cc26xx.a(dbg-sprintf.o)
 .text.sprintf  0x000000000000b428       0x34 contiki-srf06-cc26xx.a(dbg-sprintf.o)
                0x000000000000b428                sprintf
 .text.fill_space
                0x000000000000b45c       0x3c contiki-srf06-cc26xx.a(strformat.o)
 .text.format_str_v
                0x000000000000b498      0x95c contiki-srf06-cc26xx.a(strformat.o)
                0x000000000000b498                format_str_v
 .text.autostart_start
                0x000000000000bdf4       0x18 contiki-srf06-cc26xx.a(autostart.o)
                0x000000000000bdf4                autostart_start
 .text.process_thread_ctimer_process
                0x000000000000be0c       0x94 contiki-srf06-cc26xx.a(ctimer.o)
 .text.ctimer_init
                0x000000000000bea0       0x28 contiki-srf06-cc26xx.a(ctimer.o)
                0x000000000000bea0                ctimer_init
 .text.ctimer_set_with_process
                0x000000000000bec8       0x4c contiki-srf06-cc26xx.a(ctimer.o)
                0x000000000000bec8                ctimer_set_with_process
 .text.ctimer_set
                0x000000000000bf14       0x18 contiki-srf06-cc26xx.a(ctimer.o)
                0x000000000000bf14                ctimer_set
 .text.ctimer_reset
                0x000000000000bf2c       0x38 contiki-srf06-cc26xx.a(ctimer.o)
                0x000000000000bf2c                ctimer_reset
 .text.ctimer_restart
                0x000000000000bf64       0x38 contiki-srf06-cc26xx.a(ctimer.o)
                0x000000000000bf64                ctimer_restart
 .text.ctimer_stop
                0x000000000000bf9c       0x34 contiki-srf06-cc26xx.a(ctimer.o)
                0x000000000000bf9c                ctimer_stop
 .text.energest_init
                0x000000000000bfd0        0x4 contiki-srf06-cc26xx.a(energest.o)
                0x000000000000bfd0                energest_init
 .text.update_time
                0x000000000000bfd4       0x44 contiki-srf06-cc26xx.a(etimer.o)
 .text.process_thread_etimer_process
                0x000000000000c018       0xc8 contiki-srf06-cc26xx.a(etimer.o)
 .text.add_timer
                0x000000000000c0e0       0x54 contiki-srf06-cc26xx.a(etimer.o)
 .text.etimer_request_poll
                0x000000000000c134        0xc contiki-srf06-cc26xx.a(etimer.o)
                0x000000000000c134                etimer_request_poll
 .text.etimer_set
                0x000000000000c140       0x14 contiki-srf06-cc26xx.a(etimer.o)
                0x000000000000c140                etimer_set
 .text.etimer_reset
                0x000000000000c154       0x14 contiki-srf06-cc26xx.a(etimer.o)
                0x000000000000c154                etimer_reset
 .text.etimer_restart
                0x000000000000c168       0x14 contiki-srf06-cc26xx.a(etimer.o)
                0x000000000000c168                etimer_restart
 .text.etimer_expired
                0x000000000000c17c        0xc contiki-srf06-cc26xx.a(etimer.o)
                0x000000000000c17c                etimer_expired
 .text.etimer_expiration_time
                0x000000000000c188        0x8 contiki-srf06-cc26xx.a(etimer.o)
                0x000000000000c188                etimer_expiration_time
 .text.etimer_pending
                0x000000000000c190       0x10 contiki-srf06-cc26xx.a(etimer.o)
                0x000000000000c190                etimer_pending
 .text.etimer_next_expiration_time
                0x000000000000c1a0       0x14 contiki-srf06-cc26xx.a(etimer.o)
                0x000000000000c1a0                etimer_next_expiration_time
 .text.etimer_stop
                0x000000000000c1b4       0x4c contiki-srf06-cc26xx.a(etimer.o)
                0x000000000000c1b4                etimer_stop
 .text.exit_process
                0x000000000000c200       0xb0 contiki-srf06-cc26xx.a(process.o)
 .text.call_process.part.0
                0x000000000000c2b0       0x38 contiki-srf06-cc26xx.a(process.o)
 .text.do_poll  0x000000000000c2e8       0x3c contiki-srf06-cc26xx.a(process.o)
 .text.process_alloc_event
                0x000000000000c324       0x10 contiki-srf06-cc26xx.a(process.o)
                0x000000000000c324                process_alloc_event
 .text.process_init
                0x000000000000c334       0x34 contiki-srf06-cc26xx.a(process.o)
                0x000000000000c334                process_init
 .text.process_run
                0x000000000000c368       0xac contiki-srf06-cc26xx.a(process.o)
                0x000000000000c368                process_run
 .text.process_nevents
                0x000000000000c414       0x14 contiki-srf06-cc26xx.a(process.o)
                0x000000000000c414                process_nevents
 .text.process_post
                0x000000000000c428       0x40 contiki-srf06-cc26xx.a(process.o)
                0x000000000000c428                process_post
 .text.process_post_synch
                0x000000000000c468       0x18 contiki-srf06-cc26xx.a(process.o)
                0x000000000000c468                process_post_synch
 .text.process_start
                0x000000000000c480       0x40 contiki-srf06-cc26xx.a(process.o)
                0x000000000000c480                process_start
 .text.process_poll
                0x000000000000c4c0       0x18 contiki-srf06-cc26xx.a(process.o)
                0x000000000000c4c0                process_poll
 .text.rtimer_init
                0x000000000000c4d8        0x4 contiki-srf06-cc26xx.a(rtimer.o)
                0x000000000000c4d8                rtimer_init
 .text.rtimer_set
                0x000000000000c4dc       0x2c contiki-srf06-cc26xx.a(rtimer.o)
                0x000000000000c4dc                rtimer_set
 .text.rtimer_run_next
                0x000000000000c508       0x28 contiki-srf06-cc26xx.a(rtimer.o)
                0x000000000000c508                rtimer_run_next
 .text.timer_set
                0x000000000000c530       0x10 contiki-srf06-cc26xx.a(timer.o)
                0x000000000000c530                timer_set
 .text.timer_reset
                0x000000000000c540        0xc contiki-srf06-cc26xx.a(timer.o)
                0x000000000000c540                timer_reset
 .text.timer_restart
                0x000000000000c54c        0xc contiki-srf06-cc26xx.a(timer.o)
                0x000000000000c54c                timer_restart
 .text.timer_expired
                0x000000000000c558       0x1c contiki-srf06-cc26xx.a(timer.o)
                0x000000000000c558                timer_expired
 .text.process_thread_serial_line_process
                0x000000000000c574       0xac contiki-srf06-cc26xx.a(serial-line.o)
 .text.serial_line_init
                0x000000000000c620       0x24 contiki-srf06-cc26xx.a(serial-line.o)
                0x000000000000c620                serial_line_init
 .text.set_key  0x000000000000c644       0xac contiki-srf06-cc26xx.a(aes-128.o)
 .text.encrypt  0x000000000000c6f0      0x168 contiki-srf06-cc26xx.a(aes-128.o)
 .text.list_init
                0x000000000000c858        0x8 contiki-srf06-cc26xx.a(list.o)
                0x000000000000c858                list_init
 .text.list_head
                0x000000000000c860        0x4 contiki-srf06-cc26xx.a(list.o)
                0x000000000000c860                list_head
 .text.list_add
                0x000000000000c864       0x48 contiki-srf06-cc26xx.a(list.o)
                0x000000000000c864                list_add
 .text.list_push
                0x000000000000c8ac       0x40 contiki-srf06-cc26xx.a(list.o)
                0x000000000000c8ac                list_push
 .text.list_remove
                0x000000000000c8ec       0x2c contiki-srf06-cc26xx.a(list.o)
                0x000000000000c8ec                list_remove
 .text.list_length
                0x000000000000c918       0x14 contiki-srf06-cc26xx.a(list.o)
                0x000000000000c918                list_length
 .text.list_item_next
                0x000000000000c92c        0x8 contiki-srf06-cc26xx.a(list.o)
                0x000000000000c92c                list_item_next
 .text.memb_init
                0x000000000000c934       0x24 contiki-srf06-cc26xx.a(memb.o)
                0x000000000000c934                memb_init
 .text.memb_alloc
                0x000000000000c958       0x3c contiki-srf06-cc26xx.a(memb.o)
                0x000000000000c958                memb_alloc
 .text.memb_free
                0x000000000000c994       0x44 contiki-srf06-cc26xx.a(memb.o)
                0x000000000000c994                memb_free
 .text.memb_inmemb
                0x000000000000c9d8       0x1c contiki-srf06-cc26xx.a(memb.o)
                0x000000000000c9d8                memb_inmemb
 .text.memb_numfree
                0x000000000000c9f4       0x1c contiki-srf06-cc26xx.a(memb.o)
                0x000000000000c9f4                memb_numfree
 .text.ringbuf_init
                0x000000000000ca10       0x10 contiki-srf06-cc26xx.a(ringbuf.o)
                0x000000000000ca10                ringbuf_init
 .text.ringbuf_get
                0x000000000000ca20       0x28 contiki-srf06-cc26xx.a(ringbuf.o)
                0x000000000000ca20                ringbuf_get
 .text.sicslowpan_init
                0x000000000000ca48       0x24 contiki-srf06-cc26xx.a(sicslowpan.o)
                0x000000000000ca48                sicslowpan_init
 .text.compress_addr_64
                0x000000000000ca6c       0x9c contiki-srf06-cc26xx.a(sicslowpan.o)
 .text.set_packet_attrs
                0x000000000000cb08       0x4c contiki-srf06-cc26xx.a(sicslowpan.o)
 .text.addr_context_lookup_by_prefix
                0x000000000000cb54       0x28 contiki-srf06-cc26xx.a(sicslowpan.o)
 .text.send_packet
                0x000000000000cb7c       0x24 contiki-srf06-cc26xx.a(sicslowpan.o)
 .text.packet_sent
                0x000000000000cba0       0x28 contiki-srf06-cc26xx.a(sicslowpan.o)
 .text.store_fragment
                0x000000000000cbc8       0x68 contiki-srf06-cc26xx.a(sicslowpan.o)
 .text.add_fragment
                0x000000000000cc30      0x19c contiki-srf06-cc26xx.a(sicslowpan.o)
 .text.uncompress_addr
                0x000000000000cdcc       0xb8 contiki-srf06-cc26xx.a(sicslowpan.o)
 .text.input    0x000000000000ce84      0x660 contiki-srf06-cc26xx.a(sicslowpan.o)
 .text.output   0x000000000000d4e4      0x730 contiki-srf06-cc26xx.a(sicslowpan.o)
 .text.sicslowpan_get_last_rssi
                0x000000000000dc14        0xc contiki-srf06-cc26xx.a(sicslowpan.o)
                0x000000000000dc14                sicslowpan_get_last_rssi
 .text.chksum   0x000000000000dc20       0x50 contiki-srf06-cc26xx.a(uip6.o)
 .text.upper_layer_chksum
                0x000000000000dc70       0x58 contiki-srf06-cc26xx.a(uip6.o)
 .text.ext_hdr_options_process
                0x000000000000dcc8       0xc8 contiki-srf06-cc26xx.a(uip6.o)
 .text.uip_add32
                0x000000000000dd90       0x58 contiki-srf06-cc26xx.a(uip6.o)
                0x000000000000dd90                uip_add32
 .text.unlikely.uip_add_rcv_nxt
                0x000000000000dde8       0x2c contiki-srf06-cc26xx.a(uip6.o)
 .text.uip_icmp6chksum
                0x000000000000de14        0x8 contiki-srf06-cc26xx.a(uip6.o)
                0x000000000000de14                uip_icmp6chksum
 .text.uip_init
                0x000000000000de1c       0x5c contiki-srf06-cc26xx.a(uip6.o)
                0x000000000000de1c                uip_init
 .text.uip_connect
                0x000000000000de78       0xfc contiki-srf06-cc26xx.a(uip6.o)
                0x000000000000de78                uip_connect
 .text.remove_ext_hdr
                0x000000000000df74       0x60 contiki-srf06-cc26xx.a(uip6.o)
                0x000000000000df74                remove_ext_hdr
 .text.uip_udp_new
                0x000000000000dfd4       0x94 contiki-srf06-cc26xx.a(uip6.o)
                0x000000000000dfd4                uip_udp_new
 .text.uip_unlisten
                0x000000000000e068       0x28 contiki-srf06-cc26xx.a(uip6.o)
                0x000000000000e068                uip_unlisten
 .text.uip_listen
                0x000000000000e090       0x24 contiki-srf06-cc26xx.a(uip6.o)
                0x000000000000e090                uip_listen
 .text.uip_process
                0x000000000000e0b4     0x1100 contiki-srf06-cc26xx.a(uip6.o)
                0x000000000000e0b4                uip_process
 .text.uip_htons
                0x000000000000f1b4        0x8 contiki-srf06-cc26xx.a(uip6.o)
                0x000000000000f1b4                uip_htons
 .text.uip_htonl
                0x000000000000f1bc       0x14 contiki-srf06-cc26xx.a(uip6.o)
                0x000000000000f1bc                uip_htonl
 .text.uip_send
                0x000000000000f1d0       0x50 contiki-srf06-cc26xx.a(uip6.o)
                0x000000000000f1d0                uip_send
 .text.uip_ds6_list_loop
                0x000000000000f220       0x60 contiki-srf06-cc26xx.a(uip-ds6.o)
                0x000000000000f220                uip_ds6_list_loop
 .text.uip_ds6_prefix_add
                0x000000000000f280       0x6c contiki-srf06-cc26xx.a(uip-ds6.o)
                0x000000000000f280                uip_ds6_prefix_add
 .text.uip_ds6_is_addr_onlink
                0x000000000000f2ec       0x3c contiki-srf06-cc26xx.a(uip-ds6.o)
                0x000000000000f2ec                uip_ds6_is_addr_onlink
 .text.uip_ds6_addr_lookup
                0x000000000000f328       0x30 contiki-srf06-cc26xx.a(uip-ds6.o)
                0x000000000000f328                uip_ds6_addr_lookup
 .text.uip_ds6_get_link_local
                0x000000000000f358       0x44 contiki-srf06-cc26xx.a(uip-ds6.o)
                0x000000000000f358                uip_ds6_get_link_local
 .text.uip_ds6_get_global
                0x000000000000f39c       0x44 contiki-srf06-cc26xx.a(uip-ds6.o)
                0x000000000000f39c                uip_ds6_get_global
 .text.uip_ds6_maddr_add
                0x000000000000f3e0       0x50 contiki-srf06-cc26xx.a(uip-ds6.o)
                0x000000000000f3e0                uip_ds6_maddr_add
 .text.uip_ds6_addr_add
                0x000000000000f430       0xa8 contiki-srf06-cc26xx.a(uip-ds6.o)
                0x000000000000f430                uip_ds6_addr_add
 .text.uip_ds6_maddr_lookup
                0x000000000000f4d8       0x30 contiki-srf06-cc26xx.a(uip-ds6.o)
                0x000000000000f4d8                uip_ds6_maddr_lookup
 .text.uip_ds6_addr_rm
                0x000000000000f508       0x48 contiki-srf06-cc26xx.a(uip-ds6.o)
                0x000000000000f508                uip_ds6_addr_rm
 .text.uip_ds6_periodic
                0x000000000000f550       0x5c contiki-srf06-cc26xx.a(uip-ds6.o)
                0x000000000000f550                uip_ds6_periodic
 .text.uip_ds6_select_src
                0x000000000000f5ac       0xf4 contiki-srf06-cc26xx.a(uip-ds6.o)
                0x000000000000f5ac                uip_ds6_select_src
 .text.uip_ds6_set_addr_iid
                0x000000000000f6a0       0x14 contiki-srf06-cc26xx.a(uip-ds6.o)
                0x000000000000f6a0                uip_ds6_set_addr_iid
 .text.uip_ds6_compute_reachable_time
                0x000000000000f6b4       0x28 contiki-srf06-cc26xx.a(uip-ds6.o)
                0x000000000000f6b4                uip_ds6_compute_reachable_time
 .text.uip_ds6_init
                0x000000000000f6dc       0xf8 contiki-srf06-cc26xx.a(uip-ds6.o)
                0x000000000000f6dc                uip_ds6_init
 .text.uip_ds6_nbr_rm
                0x000000000000f7d4       0x20 contiki-srf06-cc26xx.a(uip-ds6-nbr.o)
                0x000000000000f7d4                uip_ds6_nbr_rm
 .text.uip_ds6_neighbors_init
                0x000000000000f7f4       0x1c contiki-srf06-cc26xx.a(uip-ds6-nbr.o)
                0x000000000000f7f4                uip_ds6_neighbors_init
 .text.uip_ds6_nbr_add
                0x000000000000f810       0x38 contiki-srf06-cc26xx.a(uip-ds6-nbr.o)
                0x000000000000f810                uip_ds6_nbr_add
 .text.uip_ds6_nbr_get_ll
                0x000000000000f848       0x10 contiki-srf06-cc26xx.a(uip-ds6-nbr.o)
                0x000000000000f848                uip_ds6_nbr_get_ll
 .text.uip_ds6_nbr_lookup
                0x000000000000f858       0x3c contiki-srf06-cc26xx.a(uip-ds6-nbr.o)
                0x000000000000f858                uip_ds6_nbr_lookup
 .text.uip_ds6_nbr_ipaddr_from_lladdr
                0x000000000000f894       0x10 contiki-srf06-cc26xx.a(uip-ds6-nbr.o)
                0x000000000000f894                uip_ds6_nbr_ipaddr_from_lladdr
 .text.uip_ds6_nbr_lladdr_from_ipaddr
                0x000000000000f8a4       0x1c contiki-srf06-cc26xx.a(uip-ds6-nbr.o)
                0x000000000000f8a4                uip_ds6_nbr_lladdr_from_ipaddr
 .text.uip_ds6_link_neighbor_callback
                0x000000000000f8c0       0x34 contiki-srf06-cc26xx.a(uip-ds6-nbr.o)
                0x000000000000f8c0                uip_ds6_link_neighbor_callback
 .text.call_route_callback
                0x000000000000f8f4       0x50 contiki-srf06-cc26xx.a(uip-ds6-route.o)
 .text.uip_ds6_route_init
                0x000000000000f944       0x4c contiki-srf06-cc26xx.a(uip-ds6-route.o)
                0x000000000000f944                uip_ds6_route_init
 .text.uip_ds6_route_nexthop
                0x000000000000f990       0x1c contiki-srf06-cc26xx.a(uip-ds6-route.o)
                0x000000000000f990                uip_ds6_route_nexthop
 .text.uip_ds6_route_head
                0x000000000000f9ac        0xc contiki-srf06-cc26xx.a(uip-ds6-route.o)
                0x000000000000f9ac                uip_ds6_route_head
 .text.uip_ds6_route_next
                0x000000000000f9b8        0x8 contiki-srf06-cc26xx.a(uip-ds6-route.o)
                0x000000000000f9b8                uip_ds6_route_next
 .text.uip_ds6_route_is_nexthop
                0x000000000000f9c0       0x20 contiki-srf06-cc26xx.a(uip-ds6-route.o)
                0x000000000000f9c0                uip_ds6_route_is_nexthop
 .text.uip_ds6_route_lookup
                0x000000000000f9e0       0x78 contiki-srf06-cc26xx.a(uip-ds6-route.o)
                0x000000000000f9e0                uip_ds6_route_lookup
 .text.uip_ds6_route_rm
                0x000000000000fa58       0xac contiki-srf06-cc26xx.a(uip-ds6-route.o)
                0x000000000000fa58                uip_ds6_route_rm
 .text.rm_routelist
                0x000000000000fb04       0x38 contiki-srf06-cc26xx.a(uip-ds6-route.o)
 .text.rm_routelist_callback
                0x000000000000fb3c        0x4 contiki-srf06-cc26xx.a(uip-ds6-route.o)
 .text.uip_ds6_route_add
                0x000000000000fb40      0x12c contiki-srf06-cc26xx.a(uip-ds6-route.o)
                0x000000000000fb40                uip_ds6_route_add
 .text.uip_ds6_defrt_rm
                0x000000000000fc6c       0x48 contiki-srf06-cc26xx.a(uip-ds6-route.o)
                0x000000000000fc6c                uip_ds6_defrt_rm
 .text.uip_ds6_defrt_lookup
                0x000000000000fcb4       0x34 contiki-srf06-cc26xx.a(uip-ds6-route.o)
                0x000000000000fcb4                uip_ds6_defrt_lookup
 .text.uip_ds6_defrt_add
                0x000000000000fce8       0x5c contiki-srf06-cc26xx.a(uip-ds6-route.o)
                0x000000000000fce8                uip_ds6_defrt_add
 .text.uip_ds6_defrt_choose
                0x000000000000fd44       0x34 contiki-srf06-cc26xx.a(uip-ds6-route.o)
                0x000000000000fd44                uip_ds6_defrt_choose
 .text.uip_ds6_defrt_periodic
                0x000000000000fd78       0x3c contiki-srf06-cc26xx.a(uip-ds6-route.o)
                0x000000000000fd78                uip_ds6_defrt_periodic
 .text.echo_reply_input
                0x000000000000fdb4       0xb0 contiki-srf06-cc26xx.a(uip-icmp6.o)
 .text.echo_request_input
                0x000000000000fe64       0xb8 contiki-srf06-cc26xx.a(uip-icmp6.o)
 .text.uip_icmp6_input
                0x000000000000ff1c       0x3c contiki-srf06-cc26xx.a(uip-icmp6.o)
                0x000000000000ff1c                uip_icmp6_input
 .text.uip_icmp6_register_input_handler
                0x000000000000ff58        0xc contiki-srf06-cc26xx.a(uip-icmp6.o)
                0x000000000000ff58                uip_icmp6_register_input_handler
 .text.uip_icmp6_error_output
                0x000000000000ff64      0x150 contiki-srf06-cc26xx.a(uip-icmp6.o)
                0x000000000000ff64                uip_icmp6_error_output
 .text.uip_icmp6_send
                0x00000000000100b4       0x84 contiki-srf06-cc26xx.a(uip-icmp6.o)
                0x00000000000100b4                uip_icmp6_send
 .text.uip_icmp6_echo_reply_callback_add
                0x0000000000010138       0x14 contiki-srf06-cc26xx.a(uip-icmp6.o)
                0x0000000000010138                uip_icmp6_echo_reply_callback_add
 .text.uip_icmp6_init
                0x000000000001014c       0x24 contiki-srf06-cc26xx.a(uip-icmp6.o)
                0x000000000001014c                uip_icmp6_init
 .text.ns_input
                0x0000000000010170      0x2a0 contiki-srf06-cc26xx.a(uip-nd6.o)
 .text.uip_nd6_init
                0x0000000000010410        0xc contiki-srf06-cc26xx.a(uip-nd6.o)
                0x0000000000010410                uip_nd6_init
 .text.psock_send
                0x000000000001041c       0xa4 contiki-srf06-cc26xx.a(psock.o)
                0x000000000001041c                psock_send
 .text.psock_datalen
                0x00000000000104c0        0xc contiki-srf06-cc26xx.a(psock.o)
                0x00000000000104c0                psock_datalen
 .text.psock_readto
                0x00000000000104cc       0xbc contiki-srf06-cc26xx.a(psock.o)
                0x00000000000104cc                psock_readto
 .text.psock_readbuf_len
                0x0000000000010588       0xf4 contiki-srf06-cc26xx.a(psock.o)
                0x0000000000010588                psock_readbuf_len
 .text.psock_init
                0x000000000001067c       0x18 contiki-srf06-cc26xx.a(psock.o)
                0x000000000001067c                psock_init
 .text.start_periodic_tcp_timer
                0x0000000000010694       0x1c contiki-srf06-cc26xx.a(tcpip.o)
 .text.tcpip_set_outputfunc
                0x00000000000106b0        0xc contiki-srf06-cc26xx.a(tcpip.o)
                0x00000000000106b0                tcpip_set_outputfunc
 .text.tcp_connect
                0x00000000000106bc       0x2c contiki-srf06-cc26xx.a(tcpip.o)
                0x00000000000106bc                tcp_connect
 .text.tcp_unlisten
                0x00000000000106e8       0x3c contiki-srf06-cc26xx.a(tcpip.o)
                0x00000000000106e8                tcp_unlisten
 .text.tcp_listen
                0x0000000000010724       0x34 contiki-srf06-cc26xx.a(tcpip.o)
                0x0000000000010724                tcp_listen
 .text.tcp_attach
                0x0000000000010758       0x10 contiki-srf06-cc26xx.a(tcpip.o)
                0x0000000000010758                tcp_attach
 .text.udp_new  0x0000000000010768       0x18 contiki-srf06-cc26xx.a(tcpip.o)
                0x0000000000010768                udp_new
 .text.tcpip_icmp6_call
                0x0000000000010780       0x28 contiki-srf06-cc26xx.a(tcpip.o)
                0x0000000000010780                tcpip_icmp6_call
 .text.tcpip_input
                0x00000000000107a8       0x24 contiki-srf06-cc26xx.a(tcpip.o)
                0x00000000000107a8                tcpip_input
 .text.tcpip_ipv6_output
                0x00000000000107cc       0xbc contiki-srf06-cc26xx.a(tcpip.o)
                0x00000000000107cc                tcpip_ipv6_output
 .text.process_thread_tcpip_process
                0x0000000000010888      0x1c8 contiki-srf06-cc26xx.a(tcpip.o)
 .text.tcpip_poll_tcp
                0x0000000000010a50       0x10 contiki-srf06-cc26xx.a(tcpip.o)
                0x0000000000010a50                tcpip_poll_tcp
 .text.tcpip_uipcall
                0x0000000000010a60       0x70 contiki-srf06-cc26xx.a(tcpip.o)
                0x0000000000010a60                tcpip_uipcall
 .text.newdata  0x0000000000010ad0       0x48 contiki-srf06-cc26xx.a(tcp-socket.o)
 .text.senddata
                0x0000000000010b18       0x34 contiki-srf06-cc26xx.a(tcp-socket.o)
 .text.process_thread_tcp_socket_process
                0x0000000000010b4c      0x2a4 contiki-srf06-cc26xx.a(tcp-socket.o)
 .text.tcp_socket_register
                0x0000000000010df0       0x70 contiki-srf06-cc26xx.a(tcp-socket.o)
                0x0000000000010df0                tcp_socket_register
 .text.tcp_socket_connect
                0x0000000000010e60       0x4c contiki-srf06-cc26xx.a(tcp-socket.o)
                0x0000000000010e60                tcp_socket_connect
 .text.tcp_socket_unlisten
                0x0000000000010eac       0x3c contiki-srf06-cc26xx.a(tcp-socket.o)
                0x0000000000010eac                tcp_socket_unlisten
 .text.tcp_socket_send
                0x0000000000010ee8       0x3c contiki-srf06-cc26xx.a(tcp-socket.o)
                0x0000000000010ee8                tcp_socket_send
 .text.tcp_socket_close
                0x0000000000010f24       0x1c contiki-srf06-cc26xx.a(tcp-socket.o)
                0x0000000000010f24                tcp_socket_close
 .text.tcp_socket_unregister
                0x0000000000010f40       0x2c contiki-srf06-cc26xx.a(tcp-socket.o)
                0x0000000000010f40                tcp_socket_unregister
 .text.uip_debug_ipaddr_print
                0x0000000000010f6c       0xb0 contiki-srf06-cc26xx.a(uip-debug.o)
                0x0000000000010f6c                uip_debug_ipaddr_print
 .text.uiplib_ip6addrconv
                0x000000000001101c       0xd8 contiki-srf06-cc26xx.a(uiplib.o)
                0x000000000001101c                uiplib_ip6addrconv
 .text.uip_udp_packet_send
                0x00000000000110f4       0x40 contiki-srf06-cc26xx.a(uip-udp-packet.)
                0x00000000000110f4                uip_udp_packet_send
 .text.rpl_get_mode
                0x0000000000011134        0xc contiki-srf06-cc26xx.a(rpl.o)
                0x0000000000011134                rpl_get_mode
 .text.rpl_purge_routes
                0x0000000000011140       0x7c contiki-srf06-cc26xx.a(rpl.o)
                0x0000000000011140                rpl_purge_routes
 .text.rpl_remove_routes
                0x00000000000111bc       0x24 contiki-srf06-cc26xx.a(rpl.o)
                0x00000000000111bc                rpl_remove_routes
 .text.rpl_remove_routes_by_nexthop
                0x00000000000111e0       0x34 contiki-srf06-cc26xx.a(rpl.o)
                0x00000000000111e0                rpl_remove_routes_by_nexthop
 .text.rpl_add_route
                0x0000000000011214       0x38 contiki-srf06-cc26xx.a(rpl.o)
                0x0000000000011214                rpl_add_route
 .text.rpl_link_neighbor_callback
                0x000000000001124c       0x60 contiki-srf06-cc26xx.a(rpl.o)
                0x000000000001124c                rpl_link_neighbor_callback
 .text.rpl_ipv6_neighbor_callback
                0x00000000000112ac       0x30 contiki-srf06-cc26xx.a(rpl.o)
                0x00000000000112ac                rpl_ipv6_neighbor_callback
 .text.rpl_purge_dags
                0x00000000000112dc       0x40 contiki-srf06-cc26xx.a(rpl.o)
                0x00000000000112dc                rpl_purge_dags
 .text.rpl_init
                0x000000000001131c       0x4c contiki-srf06-cc26xx.a(rpl.o)
                0x000000000001131c                rpl_init
 .text.lollipop_greater_than
                0x0000000000011368       0x3c contiki-srf06-cc26xx.a(rpl-dag.o)
 .text.rpl_set_preferred_parent
                0x00000000000113a4       0x2c contiki-srf06-cc26xx.a(rpl-dag.o)
 .text.set_ip_from_prefix
                0x00000000000113d0       0x2c contiki-srf06-cc26xx.a(rpl-dag.o)
 .text.check_prefix
                0x00000000000113fc       0x78 contiki-srf06-cc26xx.a(rpl-dag.o)
 .text.find_parent_any_dag_any_instance
                0x0000000000011474       0x1c contiki-srf06-cc26xx.a(rpl-dag.o)
 .text.rpl_dag_init
                0x0000000000011490       0x14 contiki-srf06-cc26xx.a(rpl-dag.o)
                0x0000000000011490                rpl_dag_init
 .text.rpl_get_parent
                0x00000000000114a4       0x10 contiki-srf06-cc26xx.a(rpl-dag.o)
                0x00000000000114a4                rpl_get_parent
 .text.rpl_rank_via_parent
                0x00000000000114b4       0x1c contiki-srf06-cc26xx.a(rpl-dag.o)
                0x00000000000114b4                rpl_rank_via_parent
 .text.rpl_get_parent_ipaddr
                0x00000000000114d0       0x18 contiki-srf06-cc26xx.a(rpl-dag.o)
                0x00000000000114d0                rpl_get_parent_ipaddr
 .text.rpl_get_parent_link_stats
                0x00000000000114e8       0x18 contiki-srf06-cc26xx.a(rpl-dag.o)
                0x00000000000114e8                rpl_get_parent_link_stats
 .text.best_parent
                0x0000000000011500       0x98 contiki-srf06-cc26xx.a(rpl-dag.o)
 .text.rpl_parent_is_fresh
                0x0000000000011598       0x10 contiki-srf06-cc26xx.a(rpl-dag.o)
                0x0000000000011598                rpl_parent_is_fresh
 .text.rpl_parent_is_reachable
                0x00000000000115a8       0x40 contiki-srf06-cc26xx.a(rpl-dag.o)
                0x00000000000115a8                rpl_parent_is_reachable
 .text.rpl_repair_root
                0x00000000000115e8       0x5c contiki-srf06-cc26xx.a(rpl-dag.o)
                0x00000000000115e8                rpl_repair_root
 .text.rpl_set_prefix
                0x0000000000011644       0x98 contiki-srf06-cc26xx.a(rpl-dag.o)
                0x0000000000011644                rpl_set_prefix
 .text.rpl_set_default_route
                0x00000000000116dc       0x30 contiki-srf06-cc26xx.a(rpl-dag.o)
                0x00000000000116dc                rpl_set_default_route
 .text.rpl_alloc_instance
                0x000000000001170c       0x34 contiki-srf06-cc26xx.a(rpl-dag.o)
                0x000000000001170c                rpl_alloc_instance
 .text.rpl_alloc_dag
                0x0000000000011740       0x5c contiki-srf06-cc26xx.a(rpl-dag.o)
                0x0000000000011740                rpl_alloc_dag
 .text.rpl_add_parent
                0x000000000001179c       0x30 contiki-srf06-cc26xx.a(rpl-dag.o)
                0x000000000001179c                rpl_add_parent
 .text.rpl_find_parent
                0x00000000000117cc       0x18 contiki-srf06-cc26xx.a(rpl-dag.o)
                0x00000000000117cc                rpl_find_parent
 .text.rpl_find_parent_any_dag
                0x00000000000117e4       0x20 contiki-srf06-cc26xx.a(rpl-dag.o)
                0x00000000000117e4                rpl_find_parent_any_dag
 .text.rpl_select_parent
                0x0000000000011804       0x58 contiki-srf06-cc26xx.a(rpl-dag.o)
                0x0000000000011804                rpl_select_parent
 .text.rpl_select_dag
                0x000000000001185c      0x184 contiki-srf06-cc26xx.a(rpl-dag.o)
                0x000000000001185c                rpl_select_dag
 .text.rpl_nullify_parent
                0x00000000000119e0       0x58 contiki-srf06-cc26xx.a(rpl-dag.o)
                0x00000000000119e0                rpl_nullify_parent
 .text.rpl_remove_parent
                0x0000000000011a38       0x1c contiki-srf06-cc26xx.a(rpl-dag.o)
                0x0000000000011a38                rpl_remove_parent
 .text.nbr_callback
                0x0000000000011a54        0x4 contiki-srf06-cc26xx.a(rpl-dag.o)
 .text.remove_parents.constprop.6
                0x0000000000011a58       0x44 contiki-srf06-cc26xx.a(rpl-dag.o)
 .text.rpl_free_dag
                0x0000000000011a9c       0x3c contiki-srf06-cc26xx.a(rpl-dag.o)
                0x0000000000011a9c                rpl_free_dag
 .text.rpl_move_parent
                0x0000000000011ad8       0x58 contiki-srf06-cc26xx.a(rpl-dag.o)
                0x0000000000011ad8                rpl_move_parent
 .text.rpl_get_dag
                0x0000000000011b30       0x3c contiki-srf06-cc26xx.a(rpl-dag.o)
                0x0000000000011b30                rpl_get_dag
 .text.rpl_get_any_dag
                0x0000000000011b6c       0x18 contiki-srf06-cc26xx.a(rpl-dag.o)
                0x0000000000011b6c                rpl_get_any_dag
 .text.rpl_get_instance
                0x0000000000011b84       0x20 contiki-srf06-cc26xx.a(rpl-dag.o)
                0x0000000000011b84                rpl_get_instance
 .text.rpl_join_instance
                0x0000000000011ba4      0x168 contiki-srf06-cc26xx.a(rpl-dag.o)
                0x0000000000011ba4                rpl_join_instance
 .text.rpl_local_repair
                0x0000000000011d0c       0x90 contiki-srf06-cc26xx.a(rpl-dag.o)
                0x0000000000011d0c                rpl_local_repair
 .text.rpl_process_parent_event
                0x0000000000011d9c       0x9c contiki-srf06-cc26xx.a(rpl-dag.o)
                0x0000000000011d9c                rpl_process_parent_event
 .text.rpl_add_dag
                0x0000000000011e38      0x154 contiki-srf06-cc26xx.a(rpl-dag.o)
                0x0000000000011e38                rpl_add_dag
 .text.rpl_recalculate_ranks
                0x0000000000011f8c       0x50 contiki-srf06-cc26xx.a(rpl-dag.o)
                0x0000000000011f8c                rpl_recalculate_ranks
 .text.rpl_process_dio
                0x0000000000011fdc      0x334 contiki-srf06-cc26xx.a(rpl-dag.o)
                0x0000000000011fdc                rpl_process_dio
 .text.update_hbh_header
                0x0000000000012310       0xcc contiki-srf06-cc26xx.a(rpl-ext-header.)
 .text.insert_hbh_header.isra.0
                0x00000000000123dc       0xac contiki-srf06-cc26xx.a(rpl-ext-header.)
 .text.rpl_verify_hbh_header
                0x0000000000012488       0xf0 contiki-srf06-cc26xx.a(rpl-ext-header.)
                0x0000000000012488                rpl_verify_hbh_header
 .text.rpl_remove_header
                0x0000000000012578       0x7c contiki-srf06-cc26xx.a(rpl-ext-header.)
                0x0000000000012578                rpl_remove_header
 .text.rpl_update_header
                0x00000000000125f4       0x74 contiki-srf06-cc26xx.a(rpl-ext-header.)
                0x00000000000125f4                rpl_update_header
 .text.get32    0x0000000000012668       0x20 contiki-srf06-cc26xx.a(rpl-icmp6.o)
 .text.dao_ack_input
                0x0000000000012688       0x14 contiki-srf06-cc26xx.a(rpl-icmp6.o)
 .text.dao_output_target_seq
                0x000000000001269c      0x12c contiki-srf06-cc26xx.a(rpl-icmp6.o)
 .text.dio_input
                0x00000000000127c8      0x270 contiki-srf06-cc26xx.a(rpl-icmp6.o)
 .text.rpl_icmp6_update_nbr_table
                0x0000000000012a38       0x38 contiki-srf06-cc26xx.a(rpl-icmp6.o)
                0x0000000000012a38                rpl_icmp6_update_nbr_table
 .text.dao_input
                0x0000000000012a70      0x2ec contiki-srf06-cc26xx.a(rpl-icmp6.o)
 .text.dis_output
                0x0000000000012d5c       0x58 contiki-srf06-cc26xx.a(rpl-icmp6.o)
                0x0000000000012d5c                dis_output
 .text.dio_output
                0x0000000000012db4      0x2e8 contiki-srf06-cc26xx.a(rpl-icmp6.o)
                0x0000000000012db4                dio_output
 .text.dis_input
                0x000000000001309c       0x54 contiki-srf06-cc26xx.a(rpl-icmp6.o)
 .text.dao_output
                0x00000000000130f0       0x90 contiki-srf06-cc26xx.a(rpl-icmp6.o)
                0x00000000000130f0                dao_output
 .text.dao_output_target
                0x0000000000013180        0xc contiki-srf06-cc26xx.a(rpl-icmp6.o)
                0x0000000000013180                dao_output_target
 .text.rpl_icmp6_register_handlers
                0x000000000001318c       0x30 contiki-srf06-cc26xx.a(rpl-icmp6.o)
                0x000000000001318c                rpl_icmp6_register_handlers
 .text.reset    0x00000000000131bc        0x4 contiki-srf06-cc26xx.a(rpl-mrhof.o)
 .text.update_metric_container
                0x00000000000131c0        0x8 contiki-srf06-cc26xx.a(rpl-mrhof.o)
 .text.parent_link_metric
                0x00000000000131c8       0x14 contiki-srf06-cc26xx.a(rpl-mrhof.o)
 .text.parent_has_usable_link
                0x00000000000131dc       0x18 contiki-srf06-cc26xx.a(rpl-mrhof.o)
 .text.best_dag
                0x00000000000131f4       0x2c contiki-srf06-cc26xx.a(rpl-mrhof.o)
 .text.parent_path_cost
                0x0000000000013220       0x4c contiki-srf06-cc26xx.a(rpl-mrhof.o)
 .text.parent_is_acceptable
                0x000000000001326c       0x34 contiki-srf06-cc26xx.a(rpl-mrhof.o)
 .text.rank_via_parent
                0x00000000000132a0       0x3c contiki-srf06-cc26xx.a(rpl-mrhof.o)
 .text.best_parent
                0x00000000000132dc       0x70 contiki-srf06-cc26xx.a(rpl-mrhof.o)
 .text.new_dio_interval
                0x000000000001334c       0x60 contiki-srf06-cc26xx.a(rpl-timers.o)
 .text.handle_periodic_timer
                0x00000000000133ac       0x58 contiki-srf06-cc26xx.a(rpl-timers.o)
 .text.set_dao_lifetime_timer
                0x0000000000013404       0x48 contiki-srf06-cc26xx.a(rpl-timers.o)
 .text.handle_unicast_dio_timer
                0x000000000001344c       0x1c contiki-srf06-cc26xx.a(rpl-timers.o)
 .text.handle_dio_timer
                0x0000000000013468       0x8c contiki-srf06-cc26xx.a(rpl-timers.o)
 .text.schedule_dao
                0x00000000000134f4       0x54 contiki-srf06-cc26xx.a(rpl-timers.o)
 .text.handle_dao_timer
                0x0000000000013548       0x5c contiki-srf06-cc26xx.a(rpl-timers.o)
 .text.rpl_reset_periodic_timer
                0x00000000000135a4       0x3c contiki-srf06-cc26xx.a(rpl-timers.o)
                0x00000000000135a4                rpl_reset_periodic_timer
 .text.rpl_reset_dio_timer
                0x00000000000135e0       0x1c contiki-srf06-cc26xx.a(rpl-timers.o)
                0x00000000000135e0                rpl_reset_dio_timer
 .text.rpl_schedule_dao
                0x00000000000135fc        0x8 contiki-srf06-cc26xx.a(rpl-timers.o)
                0x00000000000135fc                rpl_schedule_dao
 .text.rpl_schedule_unicast_dio_immediately
                0x0000000000013604       0x14 contiki-srf06-cc26xx.a(rpl-timers.o)
                0x0000000000013604                rpl_schedule_unicast_dio_immediately
 .text.get_probing_delay
                0x0000000000013618       0x4c contiki-srf06-cc26xx.a(rpl-timers.o)
                0x0000000000013618                get_probing_delay
 .text.get_probing_target
                0x0000000000013664       0xdc contiki-srf06-cc26xx.a(rpl-timers.o)
                0x0000000000013664                get_probing_target
 .text.rpl_schedule_probing
                0x0000000000013740       0x20 contiki-srf06-cc26xx.a(rpl-timers.o)
                0x0000000000013740                rpl_schedule_probing
 .text.handle_probing_timer
                0x0000000000013760       0x34 contiki-srf06-cc26xx.a(rpl-timers.o)
 .text.SafeHapiVoid
                0x0000000000013794       0x2c contiki-srf06-cc26xx.a(adi.o)
                0x0000000000013794                SafeHapiVoid
 .text.NOROM_AONBatMonTemperatureGetDegC
                0x00000000000137c0       0x30 contiki-srf06-cc26xx.a(aon_batmon.o)
                0x00000000000137c0                NOROM_AONBatMonTemperatureGetDegC
 .text.NOROM_AONRTCCurrentCompareValueGet
                0x00000000000137f0       0x24 contiki-srf06-cc26xx.a(aon_rtc.o)
                0x00000000000137f0                NOROM_AONRTCCurrentCompareValueGet
 .text.NOROM_ChipInfo_GetSupportedProtocol_BV
                0x0000000000013814       0x10 contiki-srf06-cc26xx.a(chipinfo.o)
                0x0000000000013814                NOROM_ChipInfo_GetSupportedProtocol_BV
 .text.NOROM_ChipInfo_GetChipFamily
                0x0000000000013824       0x50 contiki-srf06-cc26xx.a(chipinfo.o)
                0x0000000000013824                NOROM_ChipInfo_GetChipFamily
 .text.NOROM_ChipInfo_GetChipType
                0x0000000000013874       0x5c contiki-srf06-cc26xx.a(chipinfo.o)
                0x0000000000013874                NOROM_ChipInfo_GetChipType
 .text.NOROM_ChipInfo_GetHwRevision
                0x00000000000138d0       0x70 contiki-srf06-cc26xx.a(chipinfo.o)
                0x00000000000138d0                NOROM_ChipInfo_GetHwRevision
 .text.NOROM_ThisCodeIsBuiltForCC26xxHwRev22AndLater_HaltIfViolated
                0x0000000000013940       0x14 contiki-srf06-cc26xx.a(chipinfo.o)
                0x0000000000013940                NOROM_ThisCodeIsBuiltForCC26xxHwRev22AndLater_HaltIfViolated
 .text.NOROM_CPUcpsid
                0x0000000000013954        0x8 contiki-srf06-cc26xx.a(cpu.o)
                0x0000000000013954                NOROM_CPUcpsid
 .text.NOROM_CPUcpsie
                0x000000000001395c        0x8 contiki-srf06-cc26xx.a(cpu.o)
                0x000000000001395c                NOROM_CPUcpsie
 .text.NOROM_CPUdelay
                0x0000000000013964        0x8 contiki-srf06-cc26xx.a(cpu.o)
                0x0000000000013964                NOROM_CPUdelay
 .text.NOROM_DDI32RegWrite
                0x000000000001396c       0x34 contiki-srf06-cc26xx.a(ddi.o)
                0x000000000001396c                NOROM_DDI32RegWrite
 .text.NOROM_DDI16BitfieldWrite
                0x00000000000139a0       0x4c contiki-srf06-cc26xx.a(ddi.o)
                0x00000000000139a0                NOROM_DDI16BitfieldWrite
 .text.NOROM_DDI16BitfieldRead
                0x00000000000139ec       0x48 contiki-srf06-cc26xx.a(ddi.o)
                0x00000000000139ec                NOROM_DDI16BitfieldRead
 .text.NOROM_OSCClockSourceSet
                0x0000000000013a34       0x50 contiki-srf06-cc26xx.a(osc.o)
                0x0000000000013a34                NOROM_OSCClockSourceSet
 .text.NOROM_OSCClockSourceGet
                0x0000000000013a84       0x24 contiki-srf06-cc26xx.a(osc.o)
                0x0000000000013a84                NOROM_OSCClockSourceGet
 .text.NOROM_PowerCtrlSourceSet
                0x0000000000013aa8       0x30 contiki-srf06-cc26xx.a(pwr_ctrl.o)
                0x0000000000013aa8                NOROM_PowerCtrlSourceSet
 .text.TrimAfterColdResetWakeupFromShutDown
                0x0000000000013ad8       0xe4 contiki-srf06-cc26xx.a(setup.o)
 .text.NOROM_SetupTrimDevice
                0x0000000000013bbc       0xa4 contiki-srf06-cc26xx.a(setup.o)
                0x0000000000013bbc                NOROM_SetupTrimDevice
 .text.NOROM_SetupGetTrimForXoscHfCtl.part.3
                0x0000000000013c60       0x20 contiki-srf06-cc26xx.a(setup_rom.o)
 .text.NOROM_SetupGetTrimForRadcExtCfg.part.4
                0x0000000000013c80       0x20 contiki-srf06-cc26xx.a(setup_rom.o)
 .text.NOROM_SetupAfterColdResetWakeupFromShutDownCfg1
                0x0000000000013ca0       0x7c contiki-srf06-cc26xx.a(setup_rom.o)
                0x0000000000013ca0                NOROM_SetupAfterColdResetWakeupFromShutDownCfg1
 .text.NOROM_SetupAfterColdResetWakeupFromShutDownCfg3
                0x0000000000013d1c      0x194 contiki-srf06-cc26xx.a(setup_rom.o)
                0x0000000000013d1c                NOROM_SetupAfterColdResetWakeupFromShutDownCfg3
 .text.NOROM_SetupGetTrimForAnabypassValue1
                0x0000000000013eb0       0x64 contiki-srf06-cc26xx.a(setup_rom.o)
                0x0000000000013eb0                NOROM_SetupGetTrimForAnabypassValue1
 .text.NOROM_SetupGetTrimForAmpcompCtrl
                0x0000000000013f14       0x74 contiki-srf06-cc26xx.a(setup_rom.o)
                0x0000000000013f14                NOROM_SetupGetTrimForAmpcompCtrl
 .text.NOROM_SetupAfterColdResetWakeupFromShutDownCfg2
                0x0000000000013f88      0x194 contiki-srf06-cc26xx.a(setup_rom.o)
                0x0000000000013f88                NOROM_SetupAfterColdResetWakeupFromShutDownCfg2
 .text.NOROM_SetupSetCacheModeAccordingToCcfgSetting
                0x000000000001411c       0x6c contiki-srf06-cc26xx.a(setup_rom.o)
                0x000000000001411c                NOROM_SetupSetCacheModeAccordingToCcfgSetting
 .text.NOROM_SysCtrlSetRechargeBeforePowerDown
                0x0000000000014188      0x274 contiki-srf06-cc26xx.a(sys_ctrl.o)
                0x0000000000014188                NOROM_SysCtrlSetRechargeBeforePowerDown
 .text.NOROM_SysCtrlAdjustRechargeAfterPowerDown
                0x00000000000143fc       0x64 contiki-srf06-cc26xx.a(sys_ctrl.o)
                0x00000000000143fc                NOROM_SysCtrlAdjustRechargeAfterPowerDown
 .text.NOROM_SysCtrl_DCDC_VoltageConditionalControl
                0x0000000000014460       0x7c contiki-srf06-cc26xx.a(sys_ctrl.o)
                0x0000000000014460                NOROM_SysCtrl_DCDC_VoltageConditionalControl
 .text.NOROM_TRNGConfigure
                0x00000000000144dc       0x38 contiki-srf06-cc26xx.a(trng.o)
                0x00000000000144dc                NOROM_TRNGConfigure
 .text.linkaddr_copy
                0x0000000000014514        0xc contiki-srf06-cc26xx.a(linkaddr.o)
                0x0000000000014514                linkaddr_copy
 .text.linkaddr_cmp
                0x0000000000014520       0x10 contiki-srf06-cc26xx.a(linkaddr.o)
                0x0000000000014520                linkaddr_cmp
 .text.periodic
                0x0000000000014530       0x2c contiki-srf06-cc26xx.a(link-stats.o)
 .text.link_stats_from_lladdr
                0x000000000001455c        0xc contiki-srf06-cc26xx.a(link-stats.o)
                0x000000000001455c                link_stats_from_lladdr
 .text.link_stats_is_fresh
                0x0000000000014568       0x28 contiki-srf06-cc26xx.a(link-stats.o)
                0x0000000000014568                link_stats_is_fresh
 .text.link_stats_packet_sent
                0x0000000000014590       0xbc contiki-srf06-cc26xx.a(link-stats.o)
                0x0000000000014590                link_stats_packet_sent
 .text.link_stats_input_callback
                0x000000000001464c       0x5c contiki-srf06-cc26xx.a(link-stats.o)
                0x000000000001464c                link_stats_input_callback
 .text.link_stats_init
                0x00000000000146a8       0x28 contiki-srf06-cc26xx.a(link-stats.o)
                0x00000000000146a8                link_stats_init
 .text.nbr_set_bit
                0x00000000000146d0       0x4c contiki-srf06-cc26xx.a(nbr-table.o)
 .text.index_from_lladdr
                0x000000000001471c       0x50 contiki-srf06-cc26xx.a(nbr-table.o)
 .text.nbr_get_bit.constprop.0
                0x000000000001476c       0x2c contiki-srf06-cc26xx.a(nbr-table.o)
 .text.remove_key
                0x0000000000014798       0xa0 contiki-srf06-cc26xx.a(nbr-table.o)
 .text.nbr_table_register
                0x0000000000014838       0x2c contiki-srf06-cc26xx.a(nbr-table.o)
                0x0000000000014838                nbr_table_register
 .text.nbr_table_next
                0x0000000000014864       0x70 contiki-srf06-cc26xx.a(nbr-table.o)
                0x0000000000014864                nbr_table_next
 .text.nbr_table_head
                0x00000000000148d4       0x58 contiki-srf06-cc26xx.a(nbr-table.o)
                0x00000000000148d4                nbr_table_head
 .text.nbr_table_add_lladdr
                0x000000000001492c      0x13c contiki-srf06-cc26xx.a(nbr-table.o)
                0x000000000001492c                nbr_table_add_lladdr
 .text.nbr_table_get_from_lladdr
                0x0000000000014a68       0x34 contiki-srf06-cc26xx.a(nbr-table.o)
                0x0000000000014a68                nbr_table_get_from_lladdr
 .text.nbr_table_remove
                0x0000000000014a9c       0x2c contiki-srf06-cc26xx.a(nbr-table.o)
                0x0000000000014a9c                nbr_table_remove
 .text.nbr_table_lock
                0x0000000000014ac8       0x14 contiki-srf06-cc26xx.a(nbr-table.o)
                0x0000000000014ac8                nbr_table_lock
 .text.nbr_table_unlock
                0x0000000000014adc       0x14 contiki-srf06-cc26xx.a(nbr-table.o)
                0x0000000000014adc                nbr_table_unlock
 .text.nbr_table_get_lladdr
                0x0000000000014af0       0x30 contiki-srf06-cc26xx.a(nbr-table.o)
                0x0000000000014af0                nbr_table_get_lladdr
 .text.nbr_table_update_lladdr
                0x0000000000014b20       0x54 contiki-srf06-cc26xx.a(nbr-table.o)
                0x0000000000014b20                nbr_table_update_lladdr
 .text.netstack_init
                0x0000000000014b74       0x38 contiki-srf06-cc26xx.a(netstack.o)
                0x0000000000014b74                netstack_init
 .text.packetbuf_copyto
                0x0000000000014bac       0x50 contiki-srf06-cc26xx.a(packetbuf.o)
                0x0000000000014bac                packetbuf_copyto
 .text.packetbuf_hdralloc
                0x0000000000014bfc       0x58 contiki-srf06-cc26xx.a(packetbuf.o)
                0x0000000000014bfc                packetbuf_hdralloc
 .text.packetbuf_hdrreduce
                0x0000000000014c54       0x2c contiki-srf06-cc26xx.a(packetbuf.o)
                0x0000000000014c54                packetbuf_hdrreduce
 .text.packetbuf_set_datalen
                0x0000000000014c80        0xc contiki-srf06-cc26xx.a(packetbuf.o)
                0x0000000000014c80                packetbuf_set_datalen
 .text.packetbuf_dataptr
                0x0000000000014c8c       0x20 contiki-srf06-cc26xx.a(packetbuf.o)
                0x0000000000014c8c                packetbuf_dataptr
 .text.packetbuf_hdrptr
                0x0000000000014cac        0x8 contiki-srf06-cc26xx.a(packetbuf.o)
                0x0000000000014cac                packetbuf_hdrptr
 .text.packetbuf_datalen
                0x0000000000014cb4        0xc contiki-srf06-cc26xx.a(packetbuf.o)
                0x0000000000014cb4                packetbuf_datalen
 .text.packetbuf_totlen
                0x0000000000014cc0       0x24 contiki-srf06-cc26xx.a(packetbuf.o)
                0x0000000000014cc0                packetbuf_totlen
 .text.packetbuf_attr_clear
                0x0000000000014ce4       0x34 contiki-srf06-cc26xx.a(packetbuf.o)
                0x0000000000014ce4                packetbuf_attr_clear
 .text.packetbuf_clear
                0x0000000000014d18       0x20 contiki-srf06-cc26xx.a(packetbuf.o)
                0x0000000000014d18                packetbuf_clear
 .text.packetbuf_copyfrom
                0x0000000000014d38       0x40 contiki-srf06-cc26xx.a(packetbuf.o)
                0x0000000000014d38                packetbuf_copyfrom
 .text.packetbuf_attr_copyto
                0x0000000000014d78       0x44 contiki-srf06-cc26xx.a(packetbuf.o)
                0x0000000000014d78                packetbuf_attr_copyto
 .text.packetbuf_attr_copyfrom
                0x0000000000014dbc       0x44 contiki-srf06-cc26xx.a(packetbuf.o)
                0x0000000000014dbc                packetbuf_attr_copyfrom
 .text.packetbuf_set_attr
                0x0000000000014e00       0x10 contiki-srf06-cc26xx.a(packetbuf.o)
                0x0000000000014e00                packetbuf_set_attr
 .text.packetbuf_attr
                0x0000000000014e10        0xc contiki-srf06-cc26xx.a(packetbuf.o)
                0x0000000000014e10                packetbuf_attr
 .text.packetbuf_set_addr
                0x0000000000014e1c       0x18 contiki-srf06-cc26xx.a(packetbuf.o)
                0x0000000000014e1c                packetbuf_set_addr
 .text.packetbuf_addr
                0x0000000000014e34       0x10 contiki-srf06-cc26xx.a(packetbuf.o)
                0x0000000000014e34                packetbuf_addr
 .text.packetbuf_holds_broadcast
                0x0000000000014e44       0x10 contiki-srf06-cc26xx.a(packetbuf.o)
                0x0000000000014e44                packetbuf_holds_broadcast
 .text.queuebuf_init
                0x0000000000014e54       0x1c contiki-srf06-cc26xx.a(queuebuf.o)
                0x0000000000014e54                queuebuf_init
 .text.queuebuf_numfree
                0x0000000000014e70        0xc contiki-srf06-cc26xx.a(queuebuf.o)
                0x0000000000014e70                queuebuf_numfree
 .text.queuebuf_new_from_packetbuf
                0x0000000000014e7c       0x48 contiki-srf06-cc26xx.a(queuebuf.o)
                0x0000000000014e7c                queuebuf_new_from_packetbuf
 .text.queuebuf_update_attr_from_packetbuf
                0x0000000000014ec4        0xc contiki-srf06-cc26xx.a(queuebuf.o)
                0x0000000000014ec4                queuebuf_update_attr_from_packetbuf
 .text.queuebuf_update_from_packetbuf
                0x0000000000014ed0       0x1c contiki-srf06-cc26xx.a(queuebuf.o)
                0x0000000000014ed0                queuebuf_update_from_packetbuf
 .text.queuebuf_free
                0x0000000000014eec       0x2c contiki-srf06-cc26xx.a(queuebuf.o)
                0x0000000000014eec                queuebuf_free
 .text.queuebuf_to_packetbuf
                0x0000000000014f18       0x30 contiki-srf06-cc26xx.a(queuebuf.o)
                0x0000000000014f18                queuebuf_to_packetbuf
 .text.queuebuf_attr
                0x0000000000014f48        0xc contiki-srf06-cc26xx.a(queuebuf.o)
                0x0000000000014f48                queuebuf_attr
 .text.input_packet
                0x0000000000014f54        0xc contiki-srf06-cc26xx.a(csma.o)
 .text.on       0x0000000000014f60        0xc contiki-srf06-cc26xx.a(csma.o)
 .text.off      0x0000000000014f6c        0xc contiki-srf06-cc26xx.a(csma.o)
 .text.channel_check_interval
                0x0000000000014f78       0x10 contiki-srf06-cc26xx.a(csma.o)
 .text.transmit_packet_list
                0x0000000000014f88       0x34 contiki-srf06-cc26xx.a(csma.o)
 .text.schedule_transmission
                0x0000000000014fbc       0x58 contiki-srf06-cc26xx.a(csma.o)
 .text.send_packet
                0x0000000000015014      0x154 contiki-srf06-cc26xx.a(csma.o)
 .text.init     0x0000000000015168       0x24 contiki-srf06-cc26xx.a(csma.o)
 .text.tx_done  0x000000000001518c       0x94 contiki-srf06-cc26xx.a(csma.o)
 .text.packet_sent
                0x0000000000015220       0xe8 contiki-srf06-cc26xx.a(csma.o)
 .text.parse    0x0000000000015308       0xa0 contiki-srf06-cc26xx.a(framer-802154.o)
 .text.create_frame.isra.0
                0x00000000000153a8      0x144 contiki-srf06-cc26xx.a(framer-802154.o)
 .text.create   0x00000000000154ec        0x8 contiki-srf06-cc26xx.a(framer-802154.o)
 .text.hdr_length
                0x00000000000154f4        0x8 contiki-srf06-cc26xx.a(framer-802154.o)
 .text.mac_call_sent_callback
                0x00000000000154fc       0x10 contiki-srf06-cc26xx.a(mac.o)
                0x00000000000154fc                mac_call_sent_callback
 .text.duty_cycle
                0x000000000001550c        0x4 contiki-srf06-cc26xx.a(contikimac.o)
 .text.init     0x0000000000015510       0x40 contiki-srf06-cc26xx.a(contikimac.o)
 .text.on       0x0000000000015550       0x2c contiki-srf06-cc26xx.a(contikimac.o)
 .text.off      0x000000000001557c       0x38 contiki-srf06-cc26xx.a(contikimac.o)
 .text.recv_burst_off
                0x00000000000155b4       0x14 contiki-srf06-cc26xx.a(contikimac.o)
 .text.powercycle_turn_radio_off.part.2
                0x00000000000155c8       0x10 contiki-srf06-cc26xx.a(contikimac.o)
 .text.turn_off
                0x00000000000155d8       0x48 contiki-srf06-cc26xx.a(contikimac.o)
 .text.turn_on  0x0000000000015620       0x40 contiki-srf06-cc26xx.a(contikimac.o)
 .text.schedule_powercycle_fixed.part.5
                0x0000000000015660       0x2c contiki-srf06-cc26xx.a(contikimac.o)
 .text.input_packet
                0x000000000001568c       0xac contiki-srf06-cc26xx.a(contikimac.o)
 .text.send_packet.isra.8
                0x0000000000015738      0x228 contiki-srf06-cc26xx.a(contikimac.o)
 .text.qsend_list
                0x0000000000015960       0xec contiki-srf06-cc26xx.a(contikimac.o)
 .text.qsend_packet
                0x0000000000015a4c       0x24 contiki-srf06-cc26xx.a(contikimac.o)
 .text.powercycle_wrapper
                0x0000000000015a70      0x234 contiki-srf06-cc26xx.a(contikimac.o)
 .text.init     0x0000000000015ca4        0x4 contiki-srf06-cc26xx.a(nullsec.o)
 .text.input    0x0000000000015ca8        0xc contiki-srf06-cc26xx.a(nullsec.o)
 .text.send     0x0000000000015cb4       0x20 contiki-srf06-cc26xx.a(nullsec.o)
 .text.sensor_common_read_reg
                0x0000000000015cd4       0x1c contiki-srf06-cc26xx.a(sensor-common.o)
                0x0000000000015cd4                sensor_common_read_reg
 .text.sensor_common_write_reg
                0x0000000000015cf0       0x38 contiki-srf06-cc26xx.a(sensor-common.o)
                0x0000000000015cf0                sensor_common_write_reg
 .text.sensor_common_set_error_data
                0x0000000000015d28       0x10 contiki-srf06-cc26xx.a(sensor-common.o)
                0x0000000000015d28                sensor_common_set_error_data
 .text.aux_ctrl_power_up
                0x0000000000015d38       0x28 contiki-srf06-cc26xx.a(aux-ctrl.o)
                0x0000000000015d38                aux_ctrl_power_up
 .text.aux_ctrl_register_consumer
                0x0000000000015d60       0x40 contiki-srf06-cc26xx.a(aux-ctrl.o)
                0x0000000000015d60                aux_ctrl_register_consumer
 .text.aux_ctrl_power_down
                0x0000000000015da0       0x6c contiki-srf06-cc26xx.a(aux-ctrl.o)
                0x0000000000015da0                aux_ctrl_power_down
 .text.aux_ctrl_unregister_consumer
                0x0000000000015e0c       0x28 contiki-srf06-cc26xx.a(aux-ctrl.o)
                0x0000000000015e0c                aux_ctrl_unregister_consumer
 .text.process_thread_rf_core_process
                0x0000000000015e34       0x58 contiki-srf06-cc26xx.a(rf-core.o)
 .text.rf_core_is_accessible
                0x0000000000015e8c       0x10 contiki-srf06-cc26xx.a(rf-core.o)
                0x0000000000015e8c                rf_core_is_accessible
 .text.rf_core_send_cmd
                0x0000000000015e9c       0xa4 contiki-srf06-cc26xx.a(rf-core.o)
                0x0000000000015e9c                rf_core_send_cmd
 .text.rf_core_wait_cmd_done
                0x0000000000015f40       0x30 contiki-srf06-cc26xx.a(rf-core.o)
                0x0000000000015f40                rf_core_wait_cmd_done
 .text.rf_core_power_up
                0x0000000000015f70       0xcc contiki-srf06-cc26xx.a(rf-core.o)
                0x0000000000015f70                rf_core_power_up
 .text.rf_core_start_rat
                0x000000000001603c       0x68 contiki-srf06-cc26xx.a(rf-core.o)
                0x000000000001603c                rf_core_start_rat
 .text.rf_core_stop_rat
                0x00000000000160a4       0x7c contiki-srf06-cc26xx.a(rf-core.o)
                0x00000000000160a4                rf_core_stop_rat
 .text.rf_core_power_down
                0x0000000000016120       0xec contiki-srf06-cc26xx.a(rf-core.o)
                0x0000000000016120                rf_core_power_down
 .text.rf_core_set_modesel
                0x000000000001620c       0x44 contiki-srf06-cc26xx.a(rf-core.o)
                0x000000000001620c                rf_core_set_modesel
 .text.rf_core_boot
                0x0000000000016250       0x1c contiki-srf06-cc26xx.a(rf-core.o)
                0x0000000000016250                rf_core_boot
 .text.rf_core_restart_rat
                0x000000000001626c       0x18 contiki-srf06-cc26xx.a(rf-core.o)
                0x000000000001626c                rf_core_restart_rat
 .text.rf_core_setup_interrupts
                0x0000000000016284       0x74 contiki-srf06-cc26xx.a(rf-core.o)
                0x0000000000016284                rf_core_setup_interrupts
 .text.rf_core_cmd_done_en