Archive member included because of file (symbol)

contiki-srf06-cc26xx.a(mqtt.o)
                              obj_srf06-cc26xx/mqtt-client.o (mqtt_register)
contiki-srf06-cc26xx.a(contiki-main.o)
                              obj_srf06-cc26xx/startup_gcc.o (main)
contiki-srf06-cc26xx.a(sensors.o)
                              cc26xx-web-demo.co (sensors_event)
contiki-srf06-cc26xx.a(leds.o)
                              contiki-srf06-cc26xx.a(contiki-main.o) (leds_init)
contiki-srf06-cc26xx.a(leds-arch.o)
                              contiki-srf06-cc26xx.a(leds.o) (leds_arch_init)
contiki-srf06-cc26xx.a(sensortag-senso)
                              contiki-srf06-cc26xx.a(sensors.o) (sensors_flags)
contiki-srf06-cc26xx.a(bmp-280-sensor.)
                              cc26xx-web-demo.co (bmp_280_sensor)
contiki-srf06-cc26xx.a(tmp-007-sensor.)
                              cc26xx-web-demo.co (tmp_007_sensor)
contiki-srf06-cc26xx.a(opt-3001-sensor)
                              cc26xx-web-demo.co (opt_3001_sensor)
contiki-srf06-cc26xx.a(hdc-1000-sensor)
                              cc26xx-web-demo.co (hdc_1000_sensor)
contiki-srf06-cc26xx.a(mpu-9250-sensor)
                              cc26xx-web-demo.co (mpu_9250_sensor)
contiki-srf06-cc26xx.a(button-sensor.o)
                              contiki-srf06-cc26xx.a(sensortag-senso) (button_right_sensor)
contiki-srf06-cc26xx.a(reed-relay.o)
                              cc26xx-web-demo.co (reed_relay_sensor)
contiki-srf06-cc26xx.a(ext-flash.o)
                              cc26xx-web-demo.co (ext_flash_open)
contiki-srf06-cc26xx.a(buzzer.o)
                              obj_srf06-cc26xx/mqtt-client.o (buzzer_start)
contiki-srf06-cc26xx.a(board.o)
                              contiki-srf06-cc26xx.a(contiki-main.o) (board_init)
contiki-srf06-cc26xx.a(board-spi.o)
                              contiki-srf06-cc26xx.a(ext-flash.o) (board_spi_write)
contiki-srf06-cc26xx.a(board-i2c.o)
                              contiki-srf06-cc26xx.a(board.o) (board_i2c_wakeup)
contiki-srf06-cc26xx.a(clock.o)
                              contiki-srf06-cc26xx.a(contiki-main.o) (clock_init)
contiki-srf06-cc26xx.a(rtimer-arch.o)
                              contiki-srf06-cc26xx.a(mpu-9250-sensor) (rtimer_arch_now)
contiki-srf06-cc26xx.a(soc-rtc.o)
                              contiki-srf06-cc26xx.a(contiki-main.o) (soc_rtc_init)
contiki-srf06-cc26xx.a(contiki-watchdo)
                              contiki-srf06-cc26xx.a(contiki-main.o) (watchdog_init)
contiki-srf06-cc26xx.a(putchar.o)
                              contiki-srf06-cc26xx.a(contiki-main.o) (putchar)
contiki-srf06-cc26xx.a(ieee-addr.o)
                              contiki-srf06-cc26xx.a(contiki-main.o) (ieee_addr_cpy_to)
contiki-srf06-cc26xx.a(batmon-sensor.o)
                              cc26xx-web-demo.co (batmon_sensor)
contiki-srf06-cc26xx.a(cc26xx-uart.o)
                              contiki-srf06-cc26xx.a(contiki-main.o) (cc26xx_uart_init)
contiki-srf06-cc26xx.a(lpm.o)
                              contiki-srf06-cc26xx.a(button-sensor.o) (lpm_shutdown)
contiki-srf06-cc26xx.a(gpio-interrupt.)
                              contiki-srf06-cc26xx.a(button-sensor.o) (gpio_interrupt_register_handler)
contiki-srf06-cc26xx.a(oscillators.o)
                              contiki-srf06-cc26xx.a(contiki-main.o) (oscillators_select_lf_xosc)
contiki-srf06-cc26xx.a(ieee-mode.o)
                              contiki-srf06-cc26xx.a(contiki-main.o) (ieee_mode_driver)
contiki-srf06-cc26xx.a(random.o)
                              cc26xx-web-demo.co (random_rand)
contiki-srf06-cc26xx.a(soc-trng.o)
                              contiki-srf06-cc26xx.a(random.o) (soc_trng_rand_synchronous)
contiki-srf06-cc26xx.a(dbg-printf.o)
                              obj_srf06-cc26xx/mqtt-client.o (printf)
contiki-srf06-cc26xx.a(dbg-snprintf.o)
                              cc26xx-web-demo.co (snprintf)
contiki-srf06-cc26xx.a(dbg-sprintf.o)
                              cc26xx-web-demo.co (sprintf)
contiki-srf06-cc26xx.a(strformat.o)
                              contiki-srf06-cc26xx.a(dbg-printf.o) (format_str_v)
contiki-srf06-cc26xx.a(autostart.o)
                              contiki-srf06-cc26xx.a(contiki-main.o) (autostart_start)
contiki-srf06-cc26xx.a(ctimer.o)
                              contiki-srf06-cc26xx.a(contiki-main.o) (ctimer_init)
contiki-srf06-cc26xx.a(energest.o)
                              contiki-srf06-cc26xx.a(contiki-main.o) (energest_init)
contiki-srf06-cc26xx.a(etimer.o)
                              contiki-srf06-cc26xx.a(clock.o) (etimer_request_poll)
contiki-srf06-cc26xx.a(process.o)
                              cc26xx-web-demo.co (process_alloc_event)
contiki-srf06-cc26xx.a(rtimer.o)
                              contiki-srf06-cc26xx.a(contiki-main.o) (rtimer_init)
contiki-srf06-cc26xx.a(timer.o)
                              obj_srf06-cc26xx/mqtt-client.o (timer_set)
contiki-srf06-cc26xx.a(serial-line.o)
[...]
Memory Configuration

Name             Origin             Length             Attributes
FLASH            0x0000000000000000 0x000000000001ffa8 xr
FLASH_CCFG       0x000000000001ffa8 0x0000000000000058 xr
SRAM             0x0000000020000000 0x0000000000005000 xrw
GPRAM            0x0000000011000000 0x0000000000002000 xrw
*default*        0x0000000000000000 0xffffffffffffffff

Linker script and memory map

LOAD obj_srf06-cc26xx/fault-handlers.o
LOAD obj_srf06-cc26xx/ccfg.o
LOAD obj_srf06-cc26xx/startup_gcc.o
LOAD cc26xx-web-demo.co
LOAD obj_srf06-cc26xx/cetic-6lbr-client.o
LOAD obj_srf06-cc26xx/mqtt-client.o
LOAD obj_srf06-cc26xx/httpd-simple.o
LOAD contiki-srf06-cc26xx.a
LOAD /usr/bin/../lib/gcc/arm-none-eabi/4.9.3/../../../../arm-none-eabi/lib/armv7-m/libm.a
START GROUP
LOAD /usr/bin/../lib/gcc/arm-none-eabi/4.9.3/armv7-m/libgcc.a
LOAD /usr/bin/../lib/gcc/arm-none-eabi/4.9.3/../../../../arm-none-eabi/lib/armv7-m/libc.a
END GROUP
                0x0000000020005000                _estack = (ORIGIN (SRAM) + 0x5000)
                0x0000000000000000                _Min_Heap_Size = 0x0
                0x0000000000000100                _Min_Stack_Size = 0x100

.text           0x0000000000000000    0x195e5
                0x0000000000000000                _text = .
 *(SORT(.vectors))
 .vectors       0x0000000000000000       0xc8 obj_srf06-cc26xx/startup_gcc.o
                0x0000000000000000                g_pfnVectors
 *(SORT(.text*))
 .text.value    0x00000000000000c8       0xb0 contiki-srf06-cc26xx.a(opt-3001-sensor)
 .text.value    0x0000000000000178       0x9c contiki-srf06-cc26xx.a(hdc-1000-sensor)
 *fill*         0x0000000000000214        0x4 00000000
 .text.value    0x0000000000000218      0x1b4 contiki-srf06-cc26xx.a(mpu-9250-sensor)
 *fill*         0x00000000000003cc        0x4 00000000
 .text.__ieee754_pow
                0x00000000000003d0      0xaa0 /usr/bin/../lib/gcc/arm-none-eabi/4.9.3/../../../../arm-none-eabi/lib/armv7-m/libm.a(lib_a-e_pow.o)
                0x00000000000003d0                __ieee754_pow
 .text.scalbn   0x0000000000000e70       0xec /usr/bin/../lib/gcc/arm-none-eabi/4.9.3/../../../../arm-none-eabi/lib/armv7-m/libm.a(lib_a-s_scalbn.o)
                0x0000000000000e70                scalbn
 .text.FaultISR
                0x0000000000000f5c       0x18 obj_srf06-cc26xx/fault-handlers.o
                0x0000000000000f5c                FaultISR
 .text.NmiSRHandler
                0x0000000000000f74        0x4 obj_srf06-cc26xx/startup_gcc.o
                0x0000000000000f74                NmiSR
 .text.IntDefaultHandler
                0x0000000000000f78        0x4 obj_srf06-cc26xx/startup_gcc.o
                0x0000000000000f78                SSI0IntHandler
                0x0000000000000f78                SWEvent0IntHandler
                0x0000000000000f78                uDMAIntHandler
                0x0000000000000f78                WatchdogIntHandler
                0x0000000000000f78                RFCHardwareIntHandler
                0x0000000000000f78                Timer1BIntHandler
                0x0000000000000f78                I2SIntHandler
                0x0000000000000f78                Timer2BIntHandler
                0x0000000000000f78                Timer2AIntHandler
                0x0000000000000f78                Timer1AIntHandler
                0x0000000000000f78                AONIntHandler
                0x0000000000000f78                AUXSWEvent0IntHandler
                0x0000000000000f78                AUXADCIntHandler
                0x0000000000000f78                PendSVIntHandler
                0x0000000000000f78                AUXSWEvent1IntHandler
                0x0000000000000f78                SVCallIntHandler
                0x0000000000000f78                MPUFaultIntHandler
                0x0000000000000f78                SysTickIntHandler
                0x0000000000000f78                BusFaultIntHandler
                0x0000000000000f78                AONProgIntHandler
                0x0000000000000f78                AUXCompAIntHandler
                0x0000000000000f78                SSI1IntHandler
                0x0000000000000f78                FlashIntHandler
                0x0000000000000f78                uDMAErrIntHandler
                0x0000000000000f78                UsageFaultIntHandler
                0x0000000000000f78                RFCCmdAckIntHandler
                0x0000000000000f78                CryptoIntHandler
                0x0000000000000f78                Timer0AIntHandler
                0x0000000000000f78                I2CIntHandler
                0x0000000000000f78                DebugMonIntHandler
                0x0000000000000f78                Timer0BIntHandler
                0x0000000000000f78                AUXCombEventIntHandler
                0x0000000000000f78                Timer3AIntHandler
                0x0000000000000f78                DynProgIntHandler
                0x0000000000000f78                Timer3BIntHandler
 .text.ResetISR
                0x0000000000000f7c       0x5c obj_srf06-cc26xx/startup_gcc.o
                0x0000000000000f7c                ResetISR
 .text.publish_led_off
                0x0000000000000fd8        0x8 cc26xx-web-demo.co
 .text.get_batmon_reading
                0x0000000000000fe0       0xf4 cc26xx-web-demo.co
 .text.print_mpu_reading
                0x00000000000010d4       0x3c cc26xx-web-demo.co
 .text.sensor_readings_handler
                0x0000000000001110       0x7c cc26xx-web-demo.co
 .text.init_bmp_reading
                0x000000000000118c       0x3c cc26xx-web-demo.co
 .text.init_light_reading
                0x00000000000011c8       0x30 cc26xx-web-demo.co
 .text.init_hdc_reading
                0x00000000000011f8       0x3c cc26xx-web-demo.co
 .text.init_tmp_reading
                0x0000000000001234       0x3c cc26xx-web-demo.co
 .text.init_mpu_reading
                0x0000000000001270       0x78 cc26xx-web-demo.co
 .text.init_sensor_readings
                0x00000000000012e8       0x2c cc26xx-web-demo.co
 .text.echo_reply_handler
                0x0000000000001314       0x24 cc26xx-web-demo.co
 .text.save_config
                0x0000000000001338       0x94 cc26xx-web-demo.co
 .text.ping_interval_post_handler
                0x00000000000013cc       0x44 cc26xx-web-demo.co
 .text.cc26xx_web_demo_ipaddr_sprintf
                0x0000000000001410       0xa4 cc26xx-web-demo.co
                0x0000000000001410                cc26xx_web_demo_ipaddr_sprintf
 .text.cc26xx_web_demo_sensor_first
                0x00000000000014b4        0xc cc26xx-web-demo.co
                0x00000000000014b4                cc26xx_web_demo_sensor_first
 .text.cc26xx_web_demo_restore_defaults
                0x00000000000014c0       0x44 cc26xx-web-demo.co
                0x00000000000014c0                cc26xx_web_demo_restore_defaults
 .text.process_thread_cc26xx_web_demo_process
                0x0000000000001504      0xb48 cc26xx-web-demo.co
 .text.defaults_post_handler
                0x000000000000204c       0x24 cc26xx-web-demo.co
 .text.process_thread_cetic_6lbr_client_process
                0x0000000000002070      0x1ec obj_srf06-cc26xx/cetic-6lbr-client.o
 .text.publish_led_off
                0x000000000000225c        0x8 obj_srf06-cc26xx/mqtt-client.o
 .text.init_config
                0x0000000000002264       0xc0 obj_srf06-cc26xx/mqtt-client.o
 .text.update_config
                0x0000000000002324       0xcc obj_srf06-cc26xx/mqtt-client.o
 .text.mqtt_event
                0x00000000000023f0       0xfc obj_srf06-cc26xx/mqtt-client.o
 .text.process_thread_mqtt_client_process
                0x00000000000024ec      0x474 obj_srf06-cc26xx/mqtt-client.o
 .text.new_net_config.part.2
                0x0000000000002960       0x24 obj_srf06-cc26xx/mqtt-client.o
 .text.org_id_post_handler
                0x0000000000002984       0x60 obj_srf06-cc26xx/mqtt-client.o
 .text.type_id_post_handler
                0x00000000000029e4       0x64 obj_srf06-cc26xx/mqtt-client.o
 .text.event_type_id_post_handler
                0x0000000000002a48       0x64 obj_srf06-cc26xx/mqtt-client.o
 .text.cmd_type_post_handler
                0x0000000000002aac       0x78 obj_srf06-cc26xx/mqtt-client.o
 .text.username_post_handler
                0x0000000000002b24       0x64 obj_srf06-cc26xx/mqtt-client.o
 .text.password_post_handler
                0x0000000000002b88       0x64 obj_srf06-cc26xx/mqtt-client.o
 .text.reconnect_post_handler
                0x0000000000002bec       0x34 obj_srf06-cc26xx/mqtt-client.o
 .text.ip_addr_post_handler
                0x0000000000002c20       0x70 obj_srf06-cc26xx/mqtt-client.o
 .text.port_post_handler
                0x0000000000002c90       0x58 obj_srf06-cc26xx/mqtt-client.o
 .text.interval_post_handler
                0x0000000000002ce8       0x48 obj_srf06-cc26xx/mqtt-client.o
 .text.html_escape_quotes
                0x0000000000002d30       0x74 obj_srf06-cc26xx/httpd-simple.o
 .text.enqueue_chunk
                0x0000000000002da4      0x110 obj_srf06-cc26xx/httpd-simple.o
 .text.generate_top_matter
                0x0000000000002eb4      0x270 obj_srf06-cc26xx/httpd-simple.o
 .text.generate_mqtt_config
                0x0000000000003124      0x8cc obj_srf06-cc26xx/httpd-simple.o
 .text.send_headers
                0x00000000000039f0      0x120 obj_srf06-cc26xx/httpd-simple.o
 .text.generate_config
                0x0000000000003b10      0x594 obj_srf06-cc26xx/httpd-simple.o
 .text.generate_index
                0x00000000000040a4      0x53c obj_srf06-cc26xx/httpd-simple.o
 .text.send_string
                0x00000000000045e0       0x44 obj_srf06-cc26xx/httpd-simple.o
 .text.handle_output
                0x0000000000004624      0x2d8 obj_srf06-cc26xx/httpd-simple.o
 .text.handle_input
                0x00000000000048fc      0x5b4 obj_srf06-cc26xx/httpd-simple.o
 .text.process_thread_httpd_simple_process
                0x0000000000004eb0      0x15c obj_srf06-cc26xx/httpd-simple.o
 .text.httpd_simple_register_post_handler
                0x000000000000500c        0xc obj_srf06-cc26xx/httpd-simple.o
                0x000000000000500c                httpd_simple_register_post_handler
 .text.call_event
                0x0000000000005018       0x1c contiki-srf06-cc26xx.a(mqtt.o)
 .text.connect_tcp
                0x0000000000005034       0x7c contiki-srf06-cc26xx.a(mqtt.o)
 .text.abort_connection
                0x00000000000050b0       0x40 contiki-srf06-cc26xx.a(mqtt.o)
 .text.send_out_buffer
                0x00000000000050f0       0x24 contiki-srf06-cc26xx.a(mqtt.o)
 .text.write_bytes
                0x0000000000005114       0x50 contiki-srf06-cc26xx.a(mqtt.o)
 .text.string_to_mqtt_string
                0x0000000000005164       0x18 contiki-srf06-cc26xx.a(mqtt.o)
 .text.handle_publish
                0x000000000000517c       0x38 contiki-srf06-cc26xx.a(mqtt.o)
 .text.tcp_input
                0x00000000000051b4      0x364 contiki-srf06-cc26xx.a(mqtt.o)
 .text.keep_alive_callback
                0x0000000000005518       0x40 contiki-srf06-cc26xx.a(mqtt.o)
 .text.tcp_event
                0x0000000000005558       0x98 contiki-srf06-cc26xx.a(mqtt.o)
 .text.mqtt_init.part.4
                0x00000000000055f0       0xac contiki-srf06-cc26xx.a(mqtt.o)
 .text.process_thread_mqtt_process
                0x000000000000569c     0x169c contiki-srf06-cc26xx.a(mqtt.o)
 .text.mqtt_register
                0x0000000000006d38       0x84 contiki-srf06-cc26xx.a(mqtt.o)
                0x0000000000006d38                mqtt_register
 .text.mqtt_connect
                0x0000000000006dbc       0x68 contiki-srf06-cc26xx.a(mqtt.o)
                0x0000000000006dbc                mqtt_connect
 .text.mqtt_disconnect
                0x0000000000006e24       0x24 contiki-srf06-cc26xx.a(mqtt.o)
                0x0000000000006e24                mqtt_disconnect
 .text.mqtt_subscribe
                0x0000000000006e48       0x68 contiki-srf06-cc26xx.a(mqtt.o)
                0x0000000000006e48                mqtt_subscribe
 .text.mqtt_publish
                0x0000000000006eb0       0x80 contiki-srf06-cc26xx.a(mqtt.o)
                0x0000000000006eb0                mqtt_publish
 .text.mqtt_set_username_password
                0x0000000000006f30       0x3c contiki-srf06-cc26xx.a(mqtt.o)
                0x0000000000006f30                mqtt_set_username_password
 .text.fade     0x0000000000006f6c       0x64 contiki-srf06-cc26xx.a(contiki-main.o)
 .text.startup.main
                0x0000000000006fd0      0x24c contiki-srf06-cc26xx.a(contiki-main.o)
                0x0000000000006fd0                main
 .text.process_thread_sensors_process
                0x000000000000721c       0xf8 contiki-srf06-cc26xx.a(sensors.o)
 .text.sensors_changed
                0x0000000000007314       0x50 contiki-srf06-cc26xx.a(sensors.o)
                0x0000000000007314                sensors_changed
 .text.leds_init
                0x0000000000007364       0x14 contiki-srf06-cc26xx.a(leds.o)
                0x0000000000007364                leds_init
 .text.leds_on  0x0000000000007378       0x14 contiki-srf06-cc26xx.a(leds.o)
                0x0000000000007378                leds_on
 .text.leds_off
                0x000000000000738c       0x14 contiki-srf06-cc26xx.a(leds.o)
                0x000000000000738c                leds_off
 .text.leds_arch_init
                0x00000000000073a0       0x38 contiki-srf06-cc26xx.a(leds-arch.o)
                0x00000000000073a0                leds_arch_init
 .text.leds_arch_set
                0x00000000000073d8       0x34 contiki-srf06-cc26xx.a(leds-arch.o)
                0x00000000000073d8                leds_arch_set
 .text.status   0x000000000000740c       0x14 contiki-srf06-cc26xx.a(bmp-280-sensor.)
 .text.notify_ready
                0x0000000000007420       0x14 contiki-srf06-cc26xx.a(bmp-280-sensor.)
 .text.enable_sensor
                0x0000000000007434       0x2c contiki-srf06-cc26xx.a(bmp-280-sensor.)
 .text.configure
                0x0000000000007460       0x94 contiki-srf06-cc26xx.a(bmp-280-sensor.)
 .text.value    0x00000000000074f4      0x15c contiki-srf06-cc26xx.a(bmp-280-sensor.)
 .text.status   0x0000000000007650       0x14 contiki-srf06-cc26xx.a(tmp-007-sensor.)
 .text.notify_ready
                0x0000000000007664       0x14 contiki-srf06-cc26xx.a(tmp-007-sensor.)
 .text.enable_sensor
                0x0000000000007678       0x2c contiki-srf06-cc26xx.a(tmp-007-sensor.)
 .text.configure
                0x00000000000076a4       0x94 contiki-srf06-cc26xx.a(tmp-007-sensor.)
 .text.value    0x0000000000007738       0xec contiki-srf06-cc26xx.a(tmp-007-sensor.)
 .text.status   0x0000000000007824        0xc contiki-srf06-cc26xx.a(opt-3001-sensor)
 .text.enable_sensor
                0x0000000000007830       0x44 contiki-srf06-cc26xx.a(opt-3001-sensor)
 .text.notify_ready
                0x0000000000007874       0x54 contiki-srf06-cc26xx.a(opt-3001-sensor)
 .text.configure
                0x00000000000078c8       0x4c contiki-srf06-cc26xx.a(opt-3001-sensor)
 .text.status   0x0000000000007914       0x14 contiki-srf06-cc26xx.a(hdc-1000-sensor)
 .text.notify_ready
                0x0000000000007928       0x60 contiki-srf06-cc26xx.a(hdc-1000-sensor)
 .text.configure
                0x0000000000007988       0xb8 contiki-srf06-cc26xx.a(hdc-1000-sensor)
 .text.acc_convert
                0x0000000000007a40       0x70 contiki-srf06-cc26xx.a(mpu-9250-sensor)
 .text.status   0x0000000000007ab0       0x14 contiki-srf06-cc26xx.a(mpu-9250-sensor)
 .text.notify_ready
                0x0000000000007ac4       0x14 contiki-srf06-cc26xx.a(mpu-9250-sensor)
 .text.sensor_sleep
                0x0000000000007ad8       0x38 contiki-srf06-cc26xx.a(mpu-9250-sensor)
 .text.configure
                0x0000000000007b10       0xdc contiki-srf06-cc26xx.a(mpu-9250-sensor)
 .text.int_status
                0x0000000000007bec       0x28 contiki-srf06-cc26xx.a(mpu-9250-sensor)
 .text.initialise
                0x0000000000007c14       0xfc contiki-srf06-cc26xx.a(mpu-9250-sensor)
 .text.status.part.0
                0x0000000000007d10       0x14 contiki-srf06-cc26xx.a(button-sensor.o)
 .text.value_left
                0x0000000000007d24       0x24 contiki-srf06-cc26xx.a(button-sensor.o)
 .text.value_right
                0x0000000000007d48       0x18 contiki-srf06-cc26xx.a(button-sensor.o)
 .text.status_left
                0x0000000000007d60       0x10 contiki-srf06-cc26xx.a(button-sensor.o)
 .text.status_right
                0x0000000000007d70       0x10 contiki-srf06-cc26xx.a(button-sensor.o)
 .text.config_buttons
                0x0000000000007d80       0x84 contiki-srf06-cc26xx.a(button-sensor.o)
 .text.config_left
                0x0000000000007e04        0xc contiki-srf06-cc26xx.a(button-sensor.o)
 .text.config_right
                0x0000000000007e10        0xc contiki-srf06-cc26xx.a(button-sensor.o)
 .text.button_press_handler
                0x0000000000007e1c       0x64 contiki-srf06-cc26xx.a(button-sensor.o)
 .text.value    0x0000000000007e80       0x10 contiki-srf06-cc26xx.a(reed-relay.o)
 .text.status   0x0000000000007e90       0x20 contiki-srf06-cc26xx.a(reed-relay.o)
 .text.configure
                0x0000000000007eb0       0x6c contiki-srf06-cc26xx.a(reed-relay.o)
 .text.reed_interrupt_handler
                0x0000000000007f1c       0x28 contiki-srf06-cc26xx.a(reed-relay.o)
 .text.write_enable
                0x0000000000007f44       0x2c contiki-srf06-cc26xx.a(ext-flash.o)
 .text.verify_part
                0x0000000000007f70       0x7c contiki-srf06-cc26xx.a(ext-flash.o)
 .text.wait_ready
                0x0000000000007fec       0x64 contiki-srf06-cc26xx.a(ext-flash.o)
 .text.power_down
                0x0000000000008050       0x50 contiki-srf06-cc26xx.a(ext-flash.o)
 .text.ext_flash_open
                0x00000000000080a0       0x60 contiki-srf06-cc26xx.a(ext-flash.o)
                0x00000000000080a0                ext_flash_open
 .text.ext_flash_close
                0x0000000000008100       0x10 contiki-srf06-cc26xx.a(ext-flash.o)
                0x0000000000008100                ext_flash_close
 .text.ext_flash_read
                0x0000000000008110       0x54 contiki-srf06-cc26xx.a(ext-flash.o)
                0x0000000000008110                ext_flash_read
 .text.ext_flash_write
                0x0000000000008164       0x98 contiki-srf06-cc26xx.a(ext-flash.o)
                0x0000000000008164                ext_flash_write
 .text.ext_flash_erase
                0x00000000000081fc       0x90 contiki-srf06-cc26xx.a(ext-flash.o)
                0x00000000000081fc                ext_flash_erase
 .text.ext_flash_init
                0x000000000000828c       0x14 contiki-srf06-cc26xx.a(ext-flash.o)
                0x000000000000828c                ext_flash_init
 .text.buzzer_init
                0x00000000000082a0        0xc contiki-srf06-cc26xx.a(buzzer.o)
                0x00000000000082a0                buzzer_init
 .text.buzzer_start
                0x00000000000082ac       0xa4 contiki-srf06-cc26xx.a(buzzer.o)
                0x00000000000082ac                buzzer_start
 .text.buzzer_stop
                0x0000000000008350       0x74 contiki-srf06-cc26xx.a(buzzer.o)
                0x0000000000008350                buzzer_stop
 .text.power_domains_on
                0x00000000000083c4       0x20 contiki-srf06-cc26xx.a(board.o)
 .text.lpm_wakeup_handler
                0x00000000000083e4        0x4 contiki-srf06-cc26xx.a(board.o)
 .text.shutdown_handler
                0x00000000000083e8       0x68 contiki-srf06-cc26xx.a(board.o)
 .text.board_init
                0x0000000000008450      0x118 contiki-srf06-cc26xx.a(board.o)
                0x0000000000008450                board_init
 .text.accessible
                0x0000000000008568       0x24 contiki-srf06-cc26xx.a(board-spi.o)
 .text.board_spi_write
                0x000000000000858c       0x3c contiki-srf06-cc26xx.a(board-spi.o)
                0x000000000000858c                board_spi_write
 .text.board_spi_read
                0x00000000000085c8       0x48 contiki-srf06-cc26xx.a(board-spi.o)
                0x00000000000085c8                board_spi_read
 .text.board_spi_flush
                0x0000000000008610       0x24 contiki-srf06-cc26xx.a(board-spi.o)
                0x0000000000008610                board_spi_flush
 .text.board_spi_open
                0x0000000000008634       0xc0 contiki-srf06-cc26xx.a(board-spi.o)
                0x0000000000008634                board_spi_open
 .text.board_spi_close
                0x00000000000086f4       0x70 contiki-srf06-cc26xx.a(board-spi.o)
                0x00000000000086f4                board_spi_close
 .text.i2c_status
                0x0000000000008764       0x34 contiki-srf06-cc26xx.a(board-i2c.o)
 .text.accessible
                0x0000000000008798       0x24 contiki-srf06-cc26xx.a(board-i2c.o)
 .text.board_i2c_wakeup
                0x00000000000087bc       0x5c contiki-srf06-cc26xx.a(board-i2c.o)
                0x00000000000087bc                board_i2c_wakeup
 .text.board_i2c_shutdown
                0x0000000000008818       0xa4 contiki-srf06-cc26xx.a(board-i2c.o)
                0x0000000000008818                board_i2c_shutdown
 .text.board_i2c_write
                0x00000000000088bc      0x138 contiki-srf06-cc26xx.a(board-i2c.o)
                0x00000000000088bc                board_i2c_write
 .text.board_i2c_write_single
                0x00000000000089f4       0x70 contiki-srf06-cc26xx.a(board-i2c.o)
                0x00000000000089f4                board_i2c_write_single
 .text.board_i2c_read
                0x0000000000008a64      0x118 contiki-srf06-cc26xx.a(board-i2c.o)
                0x0000000000008a64                board_i2c_read
 .text.board_i2c_write_read
                0x0000000000008b7c      0x1cc contiki-srf06-cc26xx.a(board-i2c.o)
                0x0000000000008b7c                board_i2c_write_read
 .text.board_i2c_select
                0x0000000000008d48       0xdc contiki-srf06-cc26xx.a(board-i2c.o)
                0x0000000000008d48                board_i2c_select
 .text.power_domain_on
                0x0000000000008e24       0x20 contiki-srf06-cc26xx.a(clock.o)
 .text.clock_init
                0x0000000000008e44       0x98 contiki-srf06-cc26xx.a(clock.o)
                0x0000000000008e44                clock_init
 .text.clock_time
                0x0000000000008edc       0x34 contiki-srf06-cc26xx.a(clock.o)
                0x0000000000008edc                clock_time
 .text.clock_update
                0x0000000000008f10       0x3c contiki-srf06-cc26xx.a(clock.o)
                0x0000000000008f10                clock_update
 .text.clock_seconds
                0x0000000000008f4c       0x18 contiki-srf06-cc26xx.a(clock.o)
                0x0000000000008f4c                clock_seconds
 .text.rtimer_arch_init
                0x0000000000008f64        0x4 contiki-srf06-cc26xx.a(rtimer-arch.o)
                0x0000000000008f64                rtimer_arch_init
 .text.rtimer_arch_schedule
                0x0000000000008f68        0x8 contiki-srf06-cc26xx.a(rtimer-arch.o)
                0x0000000000008f68                rtimer_arch_schedule
 .text.rtimer_arch_now
                0x0000000000008f70        0x4 contiki-srf06-cc26xx.a(rtimer-arch.o)
                0x0000000000008f70                rtimer_arch_now
 .text.soc_rtc_init
                0x0000000000008f74       0xa0 contiki-srf06-cc26xx.a(soc-rtc.o)
                0x0000000000008f74                soc_rtc_init
 .text.soc_rtc_schedule_one_shot
                0x0000000000009014       0x70 contiki-srf06-cc26xx.a(soc-rtc.o)
                0x0000000000009014                soc_rtc_schedule_one_shot
 .text.soc_rtc_last_isr_time
                0x0000000000009084        0xc contiki-srf06-cc26xx.a(soc-rtc.o)
                0x0000000000009084                soc_rtc_last_isr_time
 .text.AONRTCIntHandler
                0x0000000000009090       0x88 contiki-srf06-cc26xx.a(soc-rtc.o)
                0x0000000000009090                AONRTCIntHandler
 .text.lock_config
                0x0000000000009118       0x18 contiki-srf06-cc26xx.a(contiki-watchdo)
 .text.unlock_config
                0x0000000000009130       0x2c contiki-srf06-cc26xx.a(contiki-watchdo)
 .text.watchdog_init
                0x000000000000915c       0x1c contiki-srf06-cc26xx.a(contiki-watchdo)
                0x000000000000915c                watchdog_init
 .text.watchdog_start
                0x0000000000009178       0x30 contiki-srf06-cc26xx.a(contiki-watchdo)
                0x0000000000009178                watchdog_start
 .text.watchdog_periodic
                0x00000000000091a8       0x1c contiki-srf06-cc26xx.a(contiki-watchdo)
                0x00000000000091a8                watchdog_periodic
 .text.putchar  0x00000000000091c4       0x10 contiki-srf06-cc26xx.a(putchar.o)
                0x00000000000091c4                putchar
 .text.puts     0x00000000000091d4       0x30 contiki-srf06-cc26xx.a(putchar.o)
                0x00000000000091d4                puts
 .text.dbg_send_bytes
                0x0000000000009204       0x40 contiki-srf06-cc26xx.a(putchar.o)
                0x0000000000009204                dbg_send_bytes
 .text.ieee_addr_cpy_to
                0x0000000000009244       0x40 contiki-srf06-cc26xx.a(ieee-addr.o)
                0x0000000000009244                ieee_addr_cpy_to
 .text.configure
                0x0000000000009284       0x34 contiki-srf06-cc26xx.a(batmon-sensor.o)
 .text.status   0x00000000000092b8       0x14 contiki-srf06-cc26xx.a(batmon-sensor.o)
 .text.value    0x00000000000092cc       0x24 contiki-srf06-cc26xx.a(batmon-sensor.o)
 .text.power_and_clock
                0x00000000000092f0       0x40 contiki-srf06-cc26xx.a(cc26xx-uart.o)
 .text.enable   0x0000000000009330       0xf4 contiki-srf06-cc26xx.a(cc26xx-uart.o)
 .text.accessible
                0x0000000000009424       0x24 contiki-srf06-cc26xx.a(cc26xx-uart.o)
 .text.lpm_drop_handler
                0x0000000000009448       0xcc contiki-srf06-cc26xx.a(cc26xx-uart.o)
 .text.cc26xx_uart_init
                0x0000000000009514       0x28 contiki-srf06-cc26xx.a(cc26xx-uart.o)
                0x0000000000009514                cc26xx_uart_init
 .text.cc26xx_uart_write_byte
                0x000000000000953c       0x28 contiki-srf06-cc26xx.a(cc26xx-uart.o)
                0x000000000000953c                cc26xx_uart_write_byte
 .text.cc26xx_uart_busy
                0x0000000000009564       0x18 contiki-srf06-cc26xx.a(cc26xx-uart.o)
                0x0000000000009564                cc26xx_uart_busy
 .text.UART0IntHandler
                0x000000000000957c       0x54 contiki-srf06-cc26xx.a(cc26xx-uart.o)
                0x000000000000957c                UART0IntHandler
 .text.lpm_shutdown
                0x00000000000095d0      0x19c contiki-srf06-cc26xx.a(lpm.o)
                0x00000000000095d0                lpm_shutdown
 .text.lpm_sleep
                0x000000000000976c       0x14 contiki-srf06-cc26xx.a(lpm.o)
                0x000000000000976c                lpm_sleep
 .text.lpm_drop
                0x0000000000009780      0x25c contiki-srf06-cc26xx.a(lpm.o)
                0x0000000000009780                lpm_drop
 .text.lpm_register_module
                0x00000000000099dc        0xc contiki-srf06-cc26xx.a(lpm.o)
                0x00000000000099dc                lpm_register_module
 .text.lpm_unregister_module
                0x00000000000099e8        0xc contiki-srf06-cc26xx.a(lpm.o)
                0x00000000000099e8                lpm_unregister_module
 .text.lpm_init
                0x00000000000099f4       0x20 contiki-srf06-cc26xx.a(lpm.o)
                0x00000000000099f4                lpm_init
 .text.lpm_pin_set_default_state
                0x0000000000009a14       0x2c contiki-srf06-cc26xx.a(lpm.o)
                0x0000000000009a14                lpm_pin_set_default_state
 .text.gpio_interrupt_register_handler
                0x0000000000009a40       0x2c contiki-srf06-cc26xx.a(gpio-interrupt.)
                0x0000000000009a40                gpio_interrupt_register_handler
 .text.gpio_interrupt_init
                0x0000000000009a6c       0x24 contiki-srf06-cc26xx.a(gpio-interrupt.)
                0x0000000000009a6c                gpio_interrupt_init
 .text.GPIOIntHandler
                0x0000000000009a90       0x30 contiki-srf06-cc26xx.a(gpio-interrupt.)
                0x0000000000009a90                GPIOIntHandler
 .text.oscillators_select_lf_xosc
                0x0000000000009ac0       0x50 contiki-srf06-cc26xx.a(oscillators.o)
                0x0000000000009ac0                oscillators_select_lf_xosc
 .text.oscillators_select_lf_rcosc
                0x0000000000009b10       0x3c contiki-srf06-cc26xx.a(oscillators.o)
                0x0000000000009b10                oscillators_select_lf_rcosc
 .text.oscillators_request_hf_xosc
                0x0000000000009b4c       0x30 contiki-srf06-cc26xx.a(oscillators.o)
                0x0000000000009b4c                oscillators_request_hf_xosc
 .text.oscillators_switch_to_hf_xosc
                0x0000000000009b7c       0x34 contiki-srf06-cc26xx.a(oscillators.o)
                0x0000000000009b7c                oscillators_switch_to_hf_xosc
 .text.oscillators_switch_to_hf_rc
                0x0000000000009bb0       0x38 contiki-srf06-cc26xx.a(oscillators.o)
                0x0000000000009bb0                oscillators_switch_to_hf_rc
 .text.request  0x0000000000009be8       0x20 contiki-srf06-cc26xx.a(ieee-mode.o)
 .text.rx_on    0x0000000000009c08       0x60 contiki-srf06-cc26xx.a(ieee-mode.o)
 .text.prepare  0x0000000000009c68       0x1c contiki-srf06-cc26xx.a(ieee-mode.o)
 .text.rf_radio_setup
                0x0000000000009c84       0x64 contiki-srf06-cc26xx.a(ieee-mode.o)
 .text.soft_on  0x0000000000009ce8       0x18 contiki-srf06-cc26xx.a(ieee-mode.o)
 .text.pending_packet
                0x0000000000009d00       0x48 contiki-srf06-cc26xx.a(ieee-mode.o)
 .text.soft_off
                0x0000000000009d48       0x44 contiki-srf06-cc26xx.a(ieee-mode.o)
 .text.get_object
                0x0000000000009d8c       0x4c contiki-srf06-cc26xx.a(ieee-mode.o)
 .text.transmitting
                0x0000000000009dd8       0x4c contiki-srf06-cc26xx.a(ieee-mode.o)
 .text.rx_off   0x0000000000009e24       0x6c contiki-srf06-cc26xx.a(ieee-mode.o)
 .text.set_object
                0x0000000000009e90       0x60 contiki-srf06-cc26xx.a(ieee-mode.o)
 .text.get_cca_info
                0x0000000000009ef0       0x50 contiki-srf06-cc26xx.a(ieee-mode.o)
 .text.check_rat_overflow
                0x0000000000009f40       0x80 contiki-srf06-cc26xx.a(ieee-mode.o)
 .text.receiving_packet
                0x0000000000009fc0       0x34 contiki-srf06-cc26xx.a(ieee-mode.o)
 .text.off      0x0000000000009ff4       0x6c contiki-srf06-cc26xx.a(ieee-mode.o)
 .text.on       0x000000000000a060       0xac contiki-srf06-cc26xx.a(ieee-mode.o)
 .text.set_value
                0x000000000000a10c      0x168 contiki-srf06-cc26xx.a(ieee-mode.o)
 .text.get_value
                0x000000000000a274      0x188 contiki-srf06-cc26xx.a(ieee-mode.o)
 .text.transmit
                0x000000000000a3fc       0xec contiki-srf06-cc26xx.a(ieee-mode.o)
 .text.send     0x000000000000a4e8       0x24 contiki-srf06-cc26xx.a(ieee-mode.o)
 .text.channel_clear
                0x000000000000a50c       0x68 contiki-srf06-cc26xx.a(ieee-mode.o)
 .text.read_frame
                0x000000000000a574      0x1a0 contiki-srf06-cc26xx.a(ieee-mode.o)
 .text.handle_rat_overflow
                0x000000000000a714       0x60 contiki-srf06-cc26xx.a(ieee-mode.o)
 .text.init     0x000000000000a774      0x118 contiki-srf06-cc26xx.a(ieee-mode.o)
 .text.random_rand
                0x000000000000a88c        0xc contiki-srf06-cc26xx.a(random.o)
                0x000000000000a88c                random_rand
 .text.random_init
                0x000000000000a898        0x4 contiki-srf06-cc26xx.a(random.o)
                0x000000000000a898                random_init
 .text.power_up
                0x000000000000a89c       0x40 contiki-srf06-cc26xx.a(soc-trng.o)
 .text.request  0x000000000000a8dc       0x14 contiki-srf06-cc26xx.a(soc-trng.o)
 .text.process_thread_soc_trng_process
                0x000000000000a8f0       0x94 contiki-srf06-cc26xx.a(soc-trng.o)
 .text.accessible
                0x000000000000a984       0x24 contiki-srf06-cc26xx.a(soc-trng.o)
 .text.soc_trng_rand_synchronous
                0x000000000000a9a8       0xc4 contiki-srf06-cc26xx.a(soc-trng.o)
                0x000000000000a9a8                soc_trng_rand_synchronous
 .text.TRNGIntHandler
                0x000000000000aa6c       0x50 contiki-srf06-cc26xx.a(soc-trng.o)
                0x000000000000aa6c                TRNGIntHandler
 .text.soc_trng_init
                0x000000000000aabc       0x28 contiki-srf06-cc26xx.a(soc-trng.o)
                0x000000000000aabc                soc_trng_init
 .text.write_str
                0x000000000000aae4       0x14 contiki-srf06-cc26xx.a(dbg-printf.o)
 .text.printf   0x000000000000aaf8       0x24 contiki-srf06-cc26xx.a(dbg-printf.o)
                0x000000000000aaf8                printf
 .text.buffer_str
                0x000000000000ab1c       0x28 contiki-srf06-cc26xx.a(dbg-snprintf.o)
 .text.snprintf
                0x000000000000ab44       0x38 contiki-srf06-cc26xx.a(dbg-snprintf.o)
                0x000000000000ab44                snprintf
 .text.vsnprintf
                0x000000000000ab7c       0x28 contiki-srf06-cc26xx.a(dbg-snprintf.o)
                0x000000000000ab7c                vsnprintf
 .text.buffer_str
                0x000000000000aba4       0x18 contiki-srf06-cc26xx.a(dbg-sprintf.o)
 .text.sprintf  0x000000000000abbc       0x34 contiki-srf06-cc26xx.a(dbg-sprintf.o)
                0x000000000000abbc                sprintf
 .text.fill_space
                0x000000000000abf0       0x3c contiki-srf06-cc26xx.a(strformat.o)
 .text.format_str_v
                0x000000000000ac2c      0x95c contiki-srf06-cc26xx.a(strformat.o)
                0x000000000000ac2c                format_str_v
 .text.autostart_start
                0x000000000000b588       0x18 contiki-srf06-cc26xx.a(autostart.o)
                0x000000000000b588                autostart_start
 .text.process_thread_ctimer_process
                0x000000000000b5a0       0x94 contiki-srf06-cc26xx.a(ctimer.o)
 .text.ctimer_init
                0x000000000000b634       0x28 contiki-srf06-cc26xx.a(ctimer.o)
                0x000000000000b634                ctimer_init
 .text.ctimer_set_with_process
                0x000000000000b65c       0x4c contiki-srf06-cc26xx.a(ctimer.o)
                0x000000000000b65c                ctimer_set_with_process
 .text.ctimer_set
                0x000000000000b6a8       0x18 contiki-srf06-cc26xx.a(ctimer.o)
                0x000000000000b6a8                ctimer_set
 .text.ctimer_reset
                0x000000000000b6c0       0x38 contiki-srf06-cc26xx.a(ctimer.o)
                0x000000000000b6c0                ctimer_reset
 .text.ctimer_restart
                0x000000000000b6f8       0x38 contiki-srf06-cc26xx.a(ctimer.o)
                0x000000000000b6f8                ctimer_restart
 .text.ctimer_stop
                0x000000000000b730       0x34 contiki-srf06-cc26xx.a(ctimer.o)
                0x000000000000b730                ctimer_stop
 .text.energest_init
                0x000000000000b764        0x4 contiki-srf06-cc26xx.a(energest.o)
                0x000000000000b764                energest_init
 .text.update_time
                0x000000000000b768       0x44 contiki-srf06-cc26xx.a(etimer.o)
 .text.process_thread_etimer_process
                0x000000000000b7ac       0xc8 contiki-srf06-cc26xx.a(etimer.o)
 .text.add_timer
                0x000000000000b874       0x54 contiki-srf06-cc26xx.a(etimer.o)
 .text.etimer_request_poll
                0x000000000000b8c8        0xc contiki-srf06-cc26xx.a(etimer.o)
                0x000000000000b8c8                etimer_request_poll
 .text.etimer_set
                0x000000000000b8d4       0x14 contiki-srf06-cc26xx.a(etimer.o)
                0x000000000000b8d4                etimer_set
 .text.etimer_reset
                0x000000000000b8e8       0x14 contiki-srf06-cc26xx.a(etimer.o)
                0x000000000000b8e8                etimer_reset
 .text.etimer_restart
                0x000000000000b8fc       0x14 contiki-srf06-cc26xx.a(etimer.o)
                0x000000000000b8fc                etimer_restart
 .text.etimer_expired
                0x000000000000b910        0xc contiki-srf06-cc26xx.a(etimer.o)
                0x000000000000b910                etimer_expired
 .text.etimer_expiration_time
                0x000000000000b91c        0x8 contiki-srf06-cc26xx.a(etimer.o)
                0x000000000000b91c                etimer_expiration_time
 .text.etimer_pending
                0x000000000000b924       0x10 contiki-srf06-cc26xx.a(etimer.o)
                0x000000000000b924                etimer_pending
 .text.etimer_next_expiration_time
                0x000000000000b934       0x14 contiki-srf06-cc26xx.a(etimer.o)
                0x000000000000b934                etimer_next_expiration_time
 .text.etimer_stop
                0x000000000000b948       0x4c contiki-srf06-cc26xx.a(etimer.o)
                0x000000000000b948                etimer_stop
 .text.exit_process
                0x000000000000b994       0xb0 contiki-srf06-cc26xx.a(process.o)
 .text.call_process.part.0
                0x000000000000ba44       0x38 contiki-srf06-cc26xx.a(process.o)
 .text.do_poll  0x000000000000ba7c       0x3c contiki-srf06-cc26xx.a(process.o)
 .text.process_alloc_event
                0x000000000000bab8       0x10 contiki-srf06-cc26xx.a(process.o)
                0x000000000000bab8                process_alloc_event
 .text.process_init
                0x000000000000bac8       0x34 contiki-srf06-cc26xx.a(process.o)
                0x000000000000bac8                process_init
 .text.process_run
                0x000000000000bafc       0xac contiki-srf06-cc26xx.a(process.o)
                0x000000000000bafc                process_run
 .text.process_nevents
                0x000000000000bba8       0x14 contiki-srf06-cc26xx.a(process.o)
                0x000000000000bba8                process_nevents
 .text.process_post
                0x000000000000bbbc       0x40 contiki-srf06-cc26xx.a(process.o)
                0x000000000000bbbc                process_post
 .text.process_post_synch
                0x000000000000bbfc       0x18 contiki-srf06-cc26xx.a(process.o)
                0x000000000000bbfc                process_post_synch
 .text.process_start
                0x000000000000bc14       0x40 contiki-srf06-cc26xx.a(process.o)
                0x000000000000bc14                process_start
 .text.process_poll
                0x000000000000bc54       0x18 contiki-srf06-cc26xx.a(process.o)
                0x000000000000bc54                process_poll
 .text.rtimer_init
                0x000000000000bc6c        0x4 contiki-srf06-cc26xx.a(rtimer.o)
                0x000000000000bc6c                rtimer_init
 .text.rtimer_set
                0x000000000000bc70       0x2c contiki-srf06-cc26xx.a(rtimer.o)
                0x000000000000bc70                rtimer_set
 .text.rtimer_run_next
                0x000000000000bc9c       0x28 contiki-srf06-cc26xx.a(rtimer.o)
                0x000000000000bc9c                rtimer_run_next
 .text.timer_set
                0x000000000000bcc4       0x10 contiki-srf06-cc26xx.a(timer.o)
                0x000000000000bcc4                timer_set
 .text.timer_reset
                0x000000000000bcd4        0xc contiki-srf06-cc26xx.a(timer.o)
                0x000000000000bcd4                timer_reset
 .text.timer_restart
                0x000000000000bce0        0xc contiki-srf06-cc26xx.a(timer.o)
                0x000000000000bce0                timer_restart
 .text.timer_expired
                0x000000000000bcec       0x1c contiki-srf06-cc26xx.a(timer.o)
                0x000000000000bcec                timer_expired
 .text.process_thread_serial_line_process
                0x000000000000bd08       0xac contiki-srf06-cc26xx.a(serial-line.o)
 .text.serial_line_init
                0x000000000000bdb4       0x24 contiki-srf06-cc26xx.a(serial-line.o)
                0x000000000000bdb4                serial_line_init
 .text.list_init
                0x000000000000bdd8        0x8 contiki-srf06-cc26xx.a(list.o)
                0x000000000000bdd8                list_init
 .text.list_head
                0x000000000000bde0        0x4 contiki-srf06-cc26xx.a(list.o)
                0x000000000000bde0                list_head
 .text.list_add
                0x000000000000bde4       0x48 contiki-srf06-cc26xx.a(list.o)
                0x000000000000bde4                list_add
 .text.list_push
                0x000000000000be2c       0x40 contiki-srf06-cc26xx.a(list.o)
                0x000000000000be2c                list_push
 .text.list_remove
                0x000000000000be6c       0x2c contiki-srf06-cc26xx.a(list.o)
                0x000000000000be6c                list_remove
 .text.list_length
                0x000000000000be98       0x14 contiki-srf06-cc26xx.a(list.o)
                0x000000000000be98                list_length
 .text.list_item_next
                0x000000000000beac        0x8 contiki-srf06-cc26xx.a(list.o)
                0x000000000000beac                list_item_next
 .text.memb_init
                0x000000000000beb4       0x24 contiki-srf06-cc26xx.a(memb.o)
                0x000000000000beb4                memb_init
 .text.memb_alloc
                0x000000000000bed8       0x3c contiki-srf06-cc26xx.a(memb.o)
                0x000000000000bed8                memb_alloc
 .text.memb_free
                0x000000000000bf14       0x44 contiki-srf06-cc26xx.a(memb.o)
                0x000000000000bf14                memb_free
 .text.memb_inmemb
                0x000000000000bf58       0x1c contiki-srf06-cc26xx.a(memb.o)
                0x000000000000bf58                memb_inmemb
 .text.memb_numfree
                0x000000000000bf74       0x1c contiki-srf06-cc26xx.a(memb.o)
                0x000000000000bf74                memb_numfree
 .text.ringbuf_init
                0x000000000000bf90       0x10 contiki-srf06-cc26xx.a(ringbuf.o)
                0x000000000000bf90                ringbuf_init
 .text.ringbuf_get
                0x000000000000bfa0       0x28 contiki-srf06-cc26xx.a(ringbuf.o)
                0x000000000000bfa0                ringbuf_get
 .text.sicslowpan_init
                0x000000000000bfc8       0x24 contiki-srf06-cc26xx.a(sicslowpan.o)
                0x000000000000bfc8                sicslowpan_init
 .text.compress_addr_64
                0x000000000000bfec       0x9c contiki-srf06-cc26xx.a(sicslowpan.o)
 .text.set_packet_attrs
                0x000000000000c088       0x4c contiki-srf06-cc26xx.a(sicslowpan.o)
 .text.addr_context_lookup_by_prefix
                0x000000000000c0d4       0x28 contiki-srf06-cc26xx.a(sicslowpan.o)
 .text.send_packet
                0x000000000000c0fc       0x24 contiki-srf06-cc26xx.a(sicslowpan.o)
 .text.packet_sent
                0x000000000000c120       0x28 contiki-srf06-cc26xx.a(sicslowpan.o)
 .text.store_fragment
                0x000000000000c148       0x68 contiki-srf06-cc26xx.a(sicslowpan.o)
 .text.add_fragment
                0x000000000000c1b0      0x19c contiki-srf06-cc26xx.a(sicslowpan.o)
 .text.uncompress_addr
                0x000000000000c34c       0xb8 contiki-srf06-cc26xx.a(sicslowpan.o)
 .text.input    0x000000000000c404      0x660 contiki-srf06-cc26xx.a(sicslowpan.o)
 .text.output   0x000000000000ca64      0x730 contiki-srf06-cc26xx.a(sicslowpan.o)
 .text.sicslowpan_get_last_rssi
                0x000000000000d194        0xc contiki-srf06-cc26xx.a(sicslowpan.o)
                0x000000000000d194                sicslowpan_get_last_rssi
 .text.chksum   0x000000000000d1a0       0x50 contiki-srf06-cc26xx.a(uip6.o)
 .text.upper_layer_chksum
                0x000000000000d1f0       0x58 contiki-srf06-cc26xx.a(uip6.o)
 .text.ext_hdr_options_process
                0x000000000000d248       0xc8 contiki-srf06-cc26xx.a(uip6.o)
 .text.uip_add32
                0x000000000000d310       0x58 contiki-srf06-cc26xx.a(uip6.o)
                0x000000000000d310                uip_add32
 .text.unlikely.uip_add_rcv_nxt
                0x000000000000d368       0x2c contiki-srf06-cc26xx.a(uip6.o)
 .text.uip_icmp6chksum
                0x000000000000d394        0x8 contiki-srf06-cc26xx.a(uip6.o)
                0x000000000000d394                uip_icmp6chksum
 .text.uip_init
                0x000000000000d39c       0x5c contiki-srf06-cc26xx.a(uip6.o)
                0x000000000000d39c                uip_init
 .text.uip_connect
                0x000000000000d3f8       0xfc contiki-srf06-cc26xx.a(uip6.o)
                0x000000000000d3f8                uip_connect
 .text.remove_ext_hdr
                0x000000000000d4f4       0x60 contiki-srf06-cc26xx.a(uip6.o)
                0x000000000000d4f4                remove_ext_hdr
 .text.uip_udp_new
                0x000000000000d554       0x94 contiki-srf06-cc26xx.a(uip6.o)
                0x000000000000d554                uip_udp_new
 .text.uip_unlisten
                0x000000000000d5e8       0x28 contiki-srf06-cc26xx.a(uip6.o)
                0x000000000000d5e8                uip_unlisten
 .text.uip_listen
                0x000000000000d610       0x24 contiki-srf06-cc26xx.a(uip6.o)
                0x000000000000d610                uip_listen
 .text.uip_process
                0x000000000000d634     0x1100 contiki-srf06-cc26xx.a(uip6.o)
                0x000000000000d634                uip_process
 .text.uip_htons
                0x000000000000e734        0x8 contiki-srf06-cc26xx.a(uip6.o)
                0x000000000000e734                uip_htons
 .text.uip_htonl
                0x000000000000e73c       0x14 contiki-srf06-cc26xx.a(uip6.o)
                0x000000000000e73c                uip_htonl
 .text.uip_send
                0x000000000000e750       0x50 contiki-srf06-cc26xx.a(uip6.o)
                0x000000000000e750                uip_send
 .text.uip_ds6_list_loop
                0x000000000000e7a0       0x60 contiki-srf06-cc26xx.a(uip-ds6.o)
                0x000000000000e7a0                uip_ds6_list_loop
 .text.uip_ds6_prefix_add
                0x000000000000e800       0x6c contiki-srf06-cc26xx.a(uip-ds6.o)
                0x000000000000e800                uip_ds6_prefix_add
 .text.uip_ds6_is_addr_onlink
                0x000000000000e86c       0x3c contiki-srf06-cc26xx.a(uip-ds6.o)
                0x000000000000e86c                uip_ds6_is_addr_onlink
 .text.uip_ds6_addr_lookup
                0x000000000000e8a8       0x30 contiki-srf06-cc26xx.a(uip-ds6.o)
                0x000000000000e8a8                uip_ds6_addr_lookup
 .text.uip_ds6_get_link_local
                0x000000000000e8d8       0x44 contiki-srf06-cc26xx.a(uip-ds6.o)
                0x000000000000e8d8                uip_ds6_get_link_local
 .text.uip_ds6_get_global
                0x000000000000e91c       0x44 contiki-srf06-cc26xx.a(uip-ds6.o)
                0x000000000000e91c                uip_ds6_get_global
 .text.uip_ds6_maddr_add
                0x000000000000e960       0x50 contiki-srf06-cc26xx.a(uip-ds6.o)
                0x000000000000e960                uip_ds6_maddr_add
 .text.uip_ds6_addr_add
                0x000000000000e9b0       0xa8 contiki-srf06-cc26xx.a(uip-ds6.o)
                0x000000000000e9b0                uip_ds6_addr_add
 .text.uip_ds6_maddr_lookup
                0x000000000000ea58       0x30 contiki-srf06-cc26xx.a(uip-ds6.o)
                0x000000000000ea58                uip_ds6_maddr_lookup
 .text.uip_ds6_addr_rm
                0x000000000000ea88       0x48 contiki-srf06-cc26xx.a(uip-ds6.o)
                0x000000000000ea88                uip_ds6_addr_rm
 .text.uip_ds6_periodic
                0x000000000000ead0       0x5c contiki-srf06-cc26xx.a(uip-ds6.o)
                0x000000000000ead0                uip_ds6_periodic
 .text.uip_ds6_select_src
                0x000000000000eb2c       0xf4 contiki-srf06-cc26xx.a(uip-ds6.o)
                0x000000000000eb2c                uip_ds6_select_src
 .text.uip_ds6_set_addr_iid
                0x000000000000ec20       0x14 contiki-srf06-cc26xx.a(uip-ds6.o)
                0x000000000000ec20                uip_ds6_set_addr_iid
 .text.uip_ds6_compute_reachable_time
                0x000000000000ec34       0x28 contiki-srf06-cc26xx.a(uip-ds6.o)
                0x000000000000ec34                uip_ds6_compute_reachable_time
 .text.uip_ds6_init
                0x000000000000ec5c       0xf8 contiki-srf06-cc26xx.a(uip-ds6.o)
                0x000000000000ec5c                uip_ds6_init
 .text.uip_ds6_nbr_rm
                0x000000000000ed54       0x20 contiki-srf06-cc26xx.a(uip-ds6-nbr.o)
                0x000000000000ed54                uip_ds6_nbr_rm
 .text.uip_ds6_neighbors_init
                0x000000000000ed74       0x1c contiki-srf06-cc26xx.a(uip-ds6-nbr.o)
                0x000000000000ed74                uip_ds6_neighbors_init
 .text.uip_ds6_nbr_add
                0x000000000000ed90       0x38 contiki-srf06-cc26xx.a(uip-ds6-nbr.o)
                0x000000000000ed90                uip_ds6_nbr_add
 .text.uip_ds6_nbr_get_ll
                0x000000000000edc8       0x10 contiki-srf06-cc26xx.a(uip-ds6-nbr.o)
                0x000000000000edc8                uip_ds6_nbr_get_ll
 .text.uip_ds6_nbr_lookup
                0x000000000000edd8       0x3c contiki-srf06-cc26xx.a(uip-ds6-nbr.o)
                0x000000000000edd8                uip_ds6_nbr_lookup
 .text.uip_ds6_nbr_ipaddr_from_lladdr
                0x000000000000ee14       0x10 contiki-srf06-cc26xx.a(uip-ds6-nbr.o)
                0x000000000000ee14                uip_ds6_nbr_ipaddr_from_lladdr
 .text.uip_ds6_nbr_lladdr_from_ipaddr
                0x000000000000ee24       0x1c contiki-srf06-cc26xx.a(uip-ds6-nbr.o)
                0x000000000000ee24                uip_ds6_nbr_lladdr_from_ipaddr
 .text.uip_ds6_link_neighbor_callback
                0x000000000000ee40       0x34 contiki-srf06-cc26xx.a(uip-ds6-nbr.o)
                0x000000000000ee40                uip_ds6_link_neighbor_callback
 .text.call_route_callback
                0x000000000000ee74       0x50 contiki-srf06-cc26xx.a(uip-ds6-route.o)
 .text.uip_ds6_route_init
                0x000000000000eec4       0x4c contiki-srf06-cc26xx.a(uip-ds6-route.o)
                0x000000000000eec4                uip_ds6_route_init
 .text.uip_ds6_route_nexthop
                0x000000000000ef10       0x1c contiki-srf06-cc26xx.a(uip-ds6-route.o)
                0x000000000000ef10                uip_ds6_route_nexthop
 .text.uip_ds6_route_head
                0x000000000000ef2c        0xc contiki-srf06-cc26xx.a(uip-ds6-route.o)
                0x000000000000ef2c                uip_ds6_route_head
 .text.uip_ds6_route_next
                0x000000000000ef38        0x8 contiki-srf06-cc26xx.a(uip-ds6-route.o)
                0x000000000000ef38                uip_ds6_route_next
 .text.uip_ds6_route_is_nexthop
                0x000000000000ef40       0x20 contiki-srf06-cc26xx.a(uip-ds6-route.o)
                0x000000000000ef40                uip_ds6_route_is_nexthop
 .text.uip_ds6_route_lookup
                0x000000000000ef60       0x78 contiki-srf06-cc26xx.a(uip-ds6-route.o)
                0x000000000000ef60                uip_ds6_route_lookup
 .text.uip_ds6_route_rm
                0x000000000000efd8       0xac contiki-srf06-cc26xx.a(uip-ds6-route.o)
                0x000000000000efd8                uip_ds6_route_rm
 .text.rm_routelist
                0x000000000000f084       0x38 contiki-srf06-cc26xx.a(uip-ds6-route.o)
 .text.rm_routelist_callback
                0x000000000000f0bc        0x4 contiki-srf06-cc26xx.a(uip-ds6-route.o)
 .text.uip_ds6_route_add
                0x000000000000f0c0      0x12c contiki-srf06-cc26xx.a(uip-ds6-route.o)
                0x000000000000f0c0                uip_ds6_route_add
 .text.uip_ds6_defrt_rm
                0x000000000000f1ec       0x48 contiki-srf06-cc26xx.a(uip-ds6-route.o)
                0x000000000000f1ec                uip_ds6_defrt_rm
 .text.uip_ds6_defrt_lookup
                0x000000000000f234       0x34 contiki-srf06-cc26xx.a(uip-ds6-route.o)
                0x000000000000f234                uip_ds6_defrt_lookup
 .text.uip_ds6_defrt_add
                0x000000000000f268       0x5c contiki-srf06-cc26xx.a(uip-ds6-route.o)
                0x000000000000f268                uip_ds6_defrt_add
 .text.uip_ds6_defrt_choose
                0x000000000000f2c4       0x34 contiki-srf06-cc26xx.a(uip-ds6-route.o)
                0x000000000000f2c4                uip_ds6_defrt_choose
 .text.uip_ds6_defrt_periodic
                0x000000000000f2f8       0x3c contiki-srf06-cc26xx.a(uip-ds6-route.o)
                0x000000000000f2f8                uip_ds6_defrt_periodic
 .text.echo_reply_input
                0x000000000000f334       0xb0 contiki-srf06-cc26xx.a(uip-icmp6.o)
 .text.echo_request_input
                0x000000000000f3e4       0xb8 contiki-srf06-cc26xx.a(uip-icmp6.o)
 .text.uip_icmp6_input
                0x000000000000f49c       0x3c contiki-srf06-cc26xx.a(uip-icmp6.o)
                0x000000000000f49c                uip_icmp6_input
 .text.uip_icmp6_register_input_handler
                0x000000000000f4d8        0xc contiki-srf06-cc26xx.a(uip-icmp6.o)
                0x000000000000f4d8                uip_icmp6_register_input_handler
 .text.uip_icmp6_error_output
                0x000000000000f4e4      0x150 contiki-srf06-cc26xx.a(uip-icmp6.o)
                0x000000000000f4e4                uip_icmp6_error_output
 .text.uip_icmp6_send
                0x000000000000f634       0x84 contiki-srf06-cc26xx.a(uip-icmp6.o)
                0x000000000000f634                uip_icmp6_send
 .text.uip_icmp6_echo_reply_callback_add
                0x000000000000f6b8       0x14 contiki-srf06-cc26xx.a(uip-icmp6.o)
                0x000000000000f6b8                uip_icmp6_echo_reply_callback_add
 .text.uip_icmp6_init
                0x000000000000f6cc       0x24 contiki-srf06-cc26xx.a(uip-icmp6.o)
                0x000000000000f6cc                uip_icmp6_init
 .text.ns_input
                0x000000000000f6f0      0x2a0 contiki-srf06-cc26xx.a(uip-nd6.o)
 .text.uip_nd6_init
                0x000000000000f990        0xc contiki-srf06-cc26xx.a(uip-nd6.o)
                0x000000000000f990                uip_nd6_init
 .text.psock_send
                0x000000000000f99c       0xa4 contiki-srf06-cc26xx.a(psock.o)
                0x000000000000f99c                psock_send
 .text.psock_datalen
                0x000000000000fa40        0xc contiki-srf06-cc26xx.a(psock.o)
                0x000000000000fa40                psock_datalen
 .text.psock_readto
                0x000000000000fa4c       0xbc contiki-srf06-cc26xx.a(psock.o)
                0x000000000000fa4c                psock_readto
 .text.psock_readbuf_len
                0x000000000000fb08       0xf4 contiki-srf06-cc26xx.a(psock.o)
                0x000000000000fb08                psock_readbuf_len
 .text.psock_init
                0x000000000000fbfc       0x18 contiki-srf06-cc26xx.a(psock.o)
                0x000000000000fbfc                psock_init
 .text.start_periodic_tcp_timer
                0x000000000000fc14       0x1c contiki-srf06-cc26xx.a(tcpip.o)
 .text.tcpip_set_outputfunc
                0x000000000000fc30        0xc contiki-srf06-cc26xx.a(tcpip.o)
                0x000000000000fc30                tcpip_set_outputfunc
 .text.tcp_connect
                0x000000000000fc3c       0x2c contiki-srf06-cc26xx.a(tcpip.o)
                0x000000000000fc3c                tcp_connect
 .text.tcp_unlisten
                0x000000000000fc68       0x3c contiki-srf06-cc26xx.a(tcpip.o)
                0x000000000000fc68                tcp_unlisten
 .text.tcp_listen
                0x000000000000fca4       0x34 contiki-srf06-cc26xx.a(tcpip.o)
                0x000000000000fca4                tcp_listen
 .text.tcp_attach
                0x000000000000fcd8       0x10 contiki-srf06-cc26xx.a(tcpip.o)
                0x000000000000fcd8                tcp_attach
 .text.udp_new  0x000000000000fce8       0x18 contiki-srf06-cc26xx.a(tcpip.o)
                0x000000000000fce8                udp_new
 .text.tcpip_icmp6_call
                0x000000000000fd00       0x28 contiki-srf06-cc26xx.a(tcpip.o)
                0x000000000000fd00                tcpip_icmp6_call
 .text.tcpip_input
                0x000000000000fd28       0x24 contiki-srf06-cc26xx.a(tcpip.o)
                0x000000000000fd28                tcpip_input
 .text.tcpip_ipv6_output
                0x000000000000fd4c       0xbc contiki-srf06-cc26xx.a(tcpip.o)
                0x000000000000fd4c                tcpip_ipv6_output
 .text.process_thread_tcpip_process
                0x000000000000fe08      0x1c8 contiki-srf06-cc26xx.a(tcpip.o)
 .text.tcpip_poll_tcp
                0x000000000000ffd0       0x10 contiki-srf06-cc26xx.a(tcpip.o)
                0x000000000000ffd0                tcpip_poll_tcp
 .text.tcpip_uipcall
                0x000000000000ffe0       0x70 contiki-srf06-cc26xx.a(tcpip.o)
                0x000000000000ffe0                tcpip_uipcall
 .text.newdata  0x0000000000010050       0x48 contiki-srf06-cc26xx.a(tcp-socket.o)
 .text.senddata
                0x0000000000010098       0x34 contiki-srf06-cc26xx.a(tcp-socket.o)
 .text.process_thread_tcp_socket_process
                0x00000000000100cc      0x2a4 contiki-srf06-cc26xx.a(tcp-socket.o)
 .text.tcp_socket_register
                0x0000000000010370       0x70 contiki-srf06-cc26xx.a(tcp-socket.o)
                0x0000000000010370                tcp_socket_register
 .text.tcp_socket_connect
                0x00000000000103e0       0x4c contiki-srf06-cc26xx.a(tcp-socket.o)
                0x00000000000103e0                tcp_socket_connect
 .text.tcp_socket_unlisten
                0x000000000001042c       0x3c contiki-srf06-cc26xx.a(tcp-socket.o)
                0x000000000001042c                tcp_socket_unlisten
 .text.tcp_socket_send
                0x0000000000010468       0x3c contiki-srf06-cc26xx.a(tcp-socket.o)
                0x0000000000010468                tcp_socket_send
 .text.tcp_socket_close
                0x00000000000104a4       0x1c contiki-srf06-cc26xx.a(tcp-socket.o)
                0x00000000000104a4                tcp_socket_close
 .text.tcp_socket_unregister
                0x00000000000104c0       0x2c contiki-srf06-cc26xx.a(tcp-socket.o)
                0x00000000000104c0                tcp_socket_unregister
 .text.uip_debug_ipaddr_print
                0x00000000000104ec       0xb0 contiki-srf06-cc26xx.a(uip-debug.o)
                0x00000000000104ec                uip_debug_ipaddr_print
 .text.uiplib_ip6addrconv
                0x000000000001059c       0xd8 contiki-srf06-cc26xx.a(uiplib.o)
                0x000000000001059c                uiplib_ip6addrconv
 .text.uip_udp_packet_send
                0x0000000000010674       0x40 contiki-srf06-cc26xx.a(uip-udp-packet.)
                0x0000000000010674                uip_udp_packet_send
 .text.rpl_get_mode
                0x00000000000106b4        0xc contiki-srf06-cc26xx.a(rpl.o)
                0x00000000000106b4                rpl_get_mode
 .text.rpl_purge_routes
                0x00000000000106c0       0x7c contiki-srf06-cc26xx.a(rpl.o)
                0x00000000000106c0                rpl_purge_routes
 .text.rpl_remove_routes
                0x000000000001073c       0x24 contiki-srf06-cc26xx.a(rpl.o)
                0x000000000001073c                rpl_remove_routes
 .text.rpl_remove_routes_by_nexthop
                0x0000000000010760       0x34 contiki-srf06-cc26xx.a(rpl.o)
                0x0000000000010760                rpl_remove_routes_by_nexthop
 .text.rpl_add_route
                0x0000000000010794       0x38 contiki-srf06-cc26xx.a(rpl.o)
                0x0000000000010794                rpl_add_route
 .text.rpl_link_neighbor_callback
                0x00000000000107cc       0x60 contiki-srf06-cc26xx.a(rpl.o)
                0x00000000000107cc                rpl_link_neighbor_callback
 .text.rpl_ipv6_neighbor_callback
                0x000000000001082c       0x30 contiki-srf06-cc26xx.a(rpl.o)
                0x000000000001082c                rpl_ipv6_neighbor_callback
 .text.rpl_purge_dags
                0x000000000001085c       0x40 contiki-srf06-cc26xx.a(rpl.o)
                0x000000000001085c                rpl_purge_dags
 .text.rpl_init
                0x000000000001089c       0x4c contiki-srf06-cc26xx.a(rpl.o)
                0x000000000001089c                rpl_init
 .text.lollipop_greater_than
                0x00000000000108e8       0x3c contiki-srf06-cc26xx.a(rpl-dag.o)
 .text.rpl_set_preferred_parent
                0x0000000000010924       0x2c contiki-srf06-cc26xx.a(rpl-dag.o)
 .text.set_ip_from_prefix
                0x0000000000010950       0x2c contiki-srf06-cc26xx.a(rpl-dag.o)
 .text.check_prefix
                0x000000000001097c       0x78 contiki-srf06-cc26xx.a(rpl-dag.o)
 .text.find_parent_any_dag_any_instance
                0x00000000000109f4       0x1c contiki-srf06-cc26xx.a(rpl-dag.o)
 .text.rpl_dag_init
                0x0000000000010a10       0x14 contiki-srf06-cc26xx.a(rpl-dag.o)
                0x0000000000010a10                rpl_dag_init
 .text.rpl_get_parent
                0x0000000000010a24       0x10 contiki-srf06-cc26xx.a(rpl-dag.o)
                0x0000000000010a24                rpl_get_parent
 .text.rpl_rank_via_parent
                0x0000000000010a34       0x1c contiki-srf06-cc26xx.a(rpl-dag.o)
                0x0000000000010a34                rpl_rank_via_parent
 .text.rpl_get_parent_ipaddr
                0x0000000000010a50       0x18 contiki-srf06-cc26xx.a(rpl-dag.o)
                0x0000000000010a50                rpl_get_parent_ipaddr
 .text.rpl_get_parent_link_stats
                0x0000000000010a68       0x18 contiki-srf06-cc26xx.a(rpl-dag.o)
                0x0000000000010a68                rpl_get_parent_link_stats
 .text.best_parent
                0x0000000000010a80       0x98 contiki-srf06-cc26xx.a(rpl-dag.o)
 .text.rpl_parent_is_fresh
                0x0000000000010b18       0x10 contiki-srf06-cc26xx.a(rpl-dag.o)
                0x0000000000010b18                rpl_parent_is_fresh
 .text.rpl_parent_is_reachable
                0x0000000000010b28       0x40 contiki-srf06-cc26xx.a(rpl-dag.o)
                0x0000000000010b28                rpl_parent_is_reachable
 .text.rpl_repair_root
                0x0000000000010b68       0x5c contiki-srf06-cc26xx.a(rpl-dag.o)
                0x0000000000010b68                rpl_repair_root
 .text.rpl_set_prefix
                0x0000000000010bc4       0x98 contiki-srf06-cc26xx.a(rpl-dag.o)
                0x0000000000010bc4                rpl_set_prefix
 .text.rpl_set_default_route
                0x0000000000010c5c       0x30 contiki-srf06-cc26xx.a(rpl-dag.o)
                0x0000000000010c5c                rpl_set_default_route
 .text.rpl_alloc_instance
                0x0000000000010c8c       0x34 contiki-srf06-cc26xx.a(rpl-dag.o)
                0x0000000000010c8c                rpl_alloc_instance
 .text.rpl_alloc_dag
                0x0000000000010cc0       0x5c contiki-srf06-cc26xx.a(rpl-dag.o)
                0x0000000000010cc0                rpl_alloc_dag
 .text.rpl_add_parent
                0x0000000000010d1c       0x30 contiki-srf06-cc26xx.a(rpl-dag.o)
                0x0000000000010d1c                rpl_add_parent
 .text.rpl_find_parent
                0x0000000000010d4c       0x18 contiki-srf06-cc26xx.a(rpl-dag.o)
                0x0000000000010d4c                rpl_find_parent
 .text.rpl_find_parent_any_dag
                0x0000000000010d64       0x20 contiki-srf06-cc26xx.a(rpl-dag.o)
                0x0000000000010d64                rpl_find_parent_any_dag
 .text.rpl_select_parent
                0x0000000000010d84       0x58 contiki-srf06-cc26xx.a(rpl-dag.o)
                0x0000000000010d84                rpl_select_parent
 .text.rpl_select_dag
                0x0000000000010ddc      0x184 contiki-srf06-cc26xx.a(rpl-dag.o)
                0x0000000000010ddc                rpl_select_dag
 .text.rpl_nullify_parent
                0x0000000000010f60       0x58 contiki-srf06-cc26xx.a(rpl-dag.o)
                0x0000000000010f60                rpl_nullify_parent
 .text.rpl_remove_parent
                0x0000000000010fb8       0x1c contiki-srf06-cc26xx.a(rpl-dag.o)
                0x0000000000010fb8                rpl_remove_parent
 .text.nbr_callback
                0x0000000000010fd4        0x4 contiki-srf06-cc26xx.a(rpl-dag.o)
 .text.remove_parents.constprop.6
                0x0000000000010fd8       0x44 contiki-srf06-cc26xx.a(rpl-dag.o)
 .text.rpl_free_dag
                0x000000000001101c       0x3c contiki-srf06-cc26xx.a(rpl-dag.o)
                0x000000000001101c                rpl_free_dag
 .text.rpl_move_parent
                0x0000000000011058       0x58 contiki-srf06-cc26xx.a(rpl-dag.o)
                0x0000000000011058                rpl_move_parent
 .text.rpl_get_dag
                0x00000000000110b0       0x3c contiki-srf06-cc26xx.a(rpl-dag.o)
                0x00000000000110b0                rpl_get_dag
 .text.rpl_get_any_dag
                0x00000000000110ec       0x18 contiki-srf06-cc26xx.a(rpl-dag.o)
                0x00000000000110ec                rpl_get_any_dag
 .text.rpl_get_instance
                0x0000000000011104       0x20 contiki-srf06-cc26xx.a(rpl-dag.o)
                0x0000000000011104                rpl_get_instance
 .text.rpl_join_instance
                0x0000000000011124      0x168 contiki-srf06-cc26xx.a(rpl-dag.o)
                0x0000000000011124                rpl_join_instance
 .text.rpl_local_repair
                0x000000000001128c       0x90 contiki-srf06-cc26xx.a(rpl-dag.o)
                0x000000000001128c                rpl_local_repair
 .text.rpl_process_parent_event
                0x000000000001131c       0x9c contiki-srf06-cc26xx.a(rpl-dag.o)
                0x000000000001131c                rpl_process_parent_event
 .text.rpl_add_dag
                0x00000000000113b8      0x154 contiki-srf06-cc26xx.a(rpl-dag.o)
                0x00000000000113b8                rpl_add_dag
 .text.rpl_recalculate_ranks
                0x000000000001150c       0x50 contiki-srf06-cc26xx.a(rpl-dag.o)
                0x000000000001150c                rpl_recalculate_ranks
 .text.rpl_process_dio
                0x000000000001155c      0x334 contiki-srf06-cc26xx.a(rpl-dag.o)
                0x000000000001155c                rpl_process_dio
 .text.update_hbh_header
                0x0000000000011890       0xcc contiki-srf06-cc26xx.a(rpl-ext-header.)
 .text.insert_hbh_header.isra.0
                0x000000000001195c       0xac contiki-srf06-cc26xx.a(rpl-ext-header.)
 .text.rpl_verify_hbh_header
                0x0000000000011a08       0xf0 contiki-srf06-cc26xx.a(rpl-ext-header.)
                0x0000000000011a08                rpl_verify_hbh_header
 .text.rpl_remove_header
                0x0000000000011af8       0x7c contiki-srf06-cc26xx.a(rpl-ext-header.)
                0x0000000000011af8                rpl_remove_header
 .text.rpl_update_header
                0x0000000000011b74       0x74 contiki-srf06-cc26xx.a(rpl-ext-header.)
                0x0000000000011b74                rpl_update_header
 .text.get32    0x0000000000011be8       0x20 contiki-srf06-cc26xx.a(rpl-icmp6.o)
 .text.dao_ack_input
                0x0000000000011c08       0x14 contiki-srf06-cc26xx.a(rpl-icmp6.o)
 .text.dao_output_target_seq
                0x0000000000011c1c      0x12c contiki-srf06-cc26xx.a(rpl-icmp6.o)
 .text.dio_input
                0x0000000000011d48      0x270 contiki-srf06-cc26xx.a(rpl-icmp6.o)
 .text.rpl_icmp6_update_nbr_table
                0x0000000000011fb8       0x38 contiki-srf06-cc26xx.a(rpl-icmp6.o)
                0x0000000000011fb8                rpl_icmp6_update_nbr_table
 .text.dao_input
                0x0000000000011ff0      0x2ec contiki-srf06-cc26xx.a(rpl-icmp6.o)
 .text.dis_output
                0x00000000000122dc       0x58 contiki-srf06-cc26xx.a(rpl-icmp6.o)
                0x00000000000122dc                dis_output
 .text.dio_output
                0x0000000000012334      0x2e8 contiki-srf06-cc26xx.a(rpl-icmp6.o)
                0x0000000000012334                dio_output
 .text.dis_input
                0x000000000001261c       0x54 contiki-srf06-cc26xx.a(rpl-icmp6.o)
 .text.dao_output
                0x0000000000012670       0x90 contiki-srf06-cc26xx.a(rpl-icmp6.o)
                0x0000000000012670                dao_output
 .text.dao_output_target
                0x0000000000012700        0xc contiki-srf06-cc26xx.a(rpl-icmp6.o)
                0x0000000000012700                dao_output_target
 .text.rpl_icmp6_register_handlers
                0x000000000001270c       0x30 contiki-srf06-cc26xx.a(rpl-icmp6.o)
                0x000000000001270c                rpl_icmp6_register_handlers
 .text.reset    0x000000000001273c        0x4 contiki-srf06-cc26xx.a(rpl-mrhof.o)
 .text.update_metric_container
                0x0000000000012740        0x8 contiki-srf06-cc26xx.a(rpl-mrhof.o)
 .text.parent_link_metric
                0x0000000000012748       0x14 contiki-srf06-cc26xx.a(rpl-mrhof.o)
 .text.parent_has_usable_link
                0x000000000001275c       0x18 contiki-srf06-cc26xx.a(rpl-mrhof.o)
 .text.best_dag
                0x0000000000012774       0x2c contiki-srf06-cc26xx.a(rpl-mrhof.o)
 .text.parent_path_cost
                0x00000000000127a0       0x4c contiki-srf06-cc26xx.a(rpl-mrhof.o)
 .text.parent_is_acceptable
                0x00000000000127ec       0x34 contiki-srf06-cc26xx.a(rpl-mrhof.o)
 .text.rank_via_parent
                0x0000000000012820       0x3c contiki-srf06-cc26xx.a(rpl-mrhof.o)
 .text.best_parent
                0x000000000001285c       0x70 contiki-srf06-cc26xx.a(rpl-mrhof.o)
 .text.new_dio_interval
                0x00000000000128cc       0x60 contiki-srf06-cc26xx.a(rpl-timers.o)
 .text.handle_periodic_timer
                0x000000000001292c       0x58 contiki-srf06-cc26xx.a(rpl-timers.o)
 .text.set_dao_lifetime_timer
                0x0000000000012984       0x48 contiki-srf06-cc26xx.a(rpl-timers.o)
 .text.handle_unicast_dio_timer
                0x00000000000129cc       0x1c contiki-srf06-cc26xx.a(rpl-timers.o)
 .text.handle_dio_timer
                0x00000000000129e8       0x8c contiki-srf06-cc26xx.a(rpl-timers.o)
 .text.schedule_dao
                0x0000000000012a74       0x54 contiki-srf06-cc26xx.a(rpl-timers.o)
 .text.handle_dao_timer
                0x0000000000012ac8       0x5c contiki-srf06-cc26xx.a(rpl-timers.o)
 .text.rpl_reset_periodic_timer
                0x0000000000012b24       0x3c contiki-srf06-cc26xx.a(rpl-timers.o)
                0x0000000000012b24                rpl_reset_periodic_timer
 .text.rpl_reset_dio_timer
                0x0000000000012b60       0x1c contiki-srf06-cc26xx.a(rpl-timers.o)
                0x0000000000012b60                rpl_reset_dio_timer
 .text.rpl_schedule_dao
                0x0000000000012b7c        0x8 contiki-srf06-cc26xx.a(rpl-timers.o)
                0x0000000000012b7c                rpl_schedule_dao
 .text.rpl_schedule_unicast_dio_immediately
                0x0000000000012b84       0x14 contiki-srf06-cc26xx.a(rpl-timers.o)
                0x0000000000012b84                rpl_schedule_unicast_dio_immediately
 .text.get_probing_delay
                0x0000000000012b98       0x4c contiki-srf06-cc26xx.a(rpl-timers.o)
                0x0000000000012b98                get_probing_delay
 .text.get_probing_target
                0x0000000000012be4       0xdc contiki-srf06-cc26xx.a(rpl-timers.o)
                0x0000000000012be4                get_probing_target
 .text.rpl_schedule_probing
                0x0000000000012cc0       0x20 contiki-srf06-cc26xx.a(rpl-timers.o)
                0x0000000000012cc0                rpl_schedule_probing
 .text.handle_probing_timer
                0x0000000000012ce0       0x34 contiki-srf06-cc26xx.a(rpl-timers.o)
 .text.SafeHapiVoid
                0x0000000000012d14       0x2c contiki-srf06-cc26xx.a(adi.o)
                0x0000000000012d14                SafeHapiVoid
 .text.NOROM_AONBatMonTemperatureGetDegC
                0x0000000000012d40       0x30 contiki-srf06-cc26xx.a(aon_batmon.o)
                0x0000000000012d40                NOROM_AONBatMonTemperatureGetDegC
 .text.NOROM_AONRTCCurrentCompareValueGet
                0x0000000000012d70       0x24 contiki-srf06-cc26xx.a(aon_rtc.o)
                0x0000000000012d70                NOROM_AONRTCCurrentCompareValueGet
 .text.NOROM_ChipInfo_GetSupportedProtocol_BV
                0x0000000000012d94       0x10 contiki-srf06-cc26xx.a(chipinfo.o)
                0x0000000000012d94                NOROM_ChipInfo_GetSupportedProtocol_BV
 .text.NOROM_ChipInfo_GetChipFamily
                0x0000000000012da4       0x50 contiki-srf06-cc26xx.a(chipinfo.o)
                0x0000000000012da4                NOROM_ChipInfo_GetChipFamily
 .text.NOROM_ChipInfo_GetChipType
                0x0000000000012df4       0x5c contiki-srf06-cc26xx.a(chipinfo.o)
                0x0000000000012df4                NOROM_ChipInfo_GetChipType
 .text.NOROM_ChipInfo_GetHwRevision
                0x0000000000012e50       0x70 contiki-srf06-cc26xx.a(chipinfo.o)
                0x0000000000012e50                NOROM_ChipInfo_GetHwRevision
 .text.NOROM_ThisCodeIsBuiltForCC26xxHwRev22AndLater_HaltIfViolated
                0x0000000000012ec0       0x14 contiki-srf06-cc26xx.a(chipinfo.o)
                0x0000000000012ec0                NOROM_ThisCodeIsBuiltForCC26xxHwRev22AndLater_HaltIfViolated
 .text.NOROM_CPUcpsid
                0x0000000000012ed4        0x8 contiki-srf06-cc26xx.a(cpu.o)
                0x0000000000012ed4                NOROM_CPUcpsid
 .text.NOROM_CPUcpsie
                0x0000000000012edc        0x8 contiki-srf06-cc26xx.a(cpu.o)
                0x0000000000012edc                NOROM_CPUcpsie
 .text.NOROM_CPUdelay
                0x0000000000012ee4        0x8 contiki-srf06-cc26xx.a(cpu.o)
                0x0000000000012ee4                NOROM_CPUdelay
 .text.NOROM_DDI32RegWrite
                0x0000000000012eec       0x34 contiki-srf06-cc26xx.a(ddi.o)
                0x0000000000012eec                NOROM_DDI32RegWrite
 .text.NOROM_DDI16BitfieldWrite
                0x0000000000012f20       0x4c contiki-srf06-cc26xx.a(ddi.o)
                0x0000000000012f20                NOROM_DDI16BitfieldWrite
 .text.NOROM_DDI16BitfieldRead
                0x0000000000012f6c       0x48 contiki-srf06-cc26xx.a(ddi.o)
                0x0000000000012f6c                NOROM_DDI16BitfieldRead
 .text.NOROM_OSCClockSourceSet
                0x0000000000012fb4       0x50 contiki-srf06-cc26xx.a(osc.o)
                0x0000000000012fb4                NOROM_OSCClockSourceSet
 .text.NOROM_OSCClockSourceGet
                0x0000000000013004       0x24 contiki-srf06-cc26xx.a(osc.o)
                0x0000000000013004                NOROM_OSCClockSourceGet
 .text.NOROM_PowerCtrlSourceSet
                0x0000000000013028       0x30 contiki-srf06-cc26xx.a(pwr_ctrl.o)
                0x0000000000013028                NOROM_PowerCtrlSourceSet
 .text.TrimAfterColdResetWakeupFromShutDown
                0x0000000000013058       0xe4 contiki-srf06-cc26xx.a(setup.o)
 .text.NOROM_SetupTrimDevice
                0x000000000001313c       0xa4 contiki-srf06-cc26xx.a(setup.o)
                0x000000000001313c                NOROM_SetupTrimDevice
 .text.NOROM_SetupGetTrimForXoscHfCtl.part.3
                0x00000000000131e0       0x20 contiki-srf06-cc26xx.a(setup_rom.o)
 .text.NOROM_SetupGetTrimForRadcExtCfg.part.4
                0x0000000000013200       0x20 contiki-srf06-cc26xx.a(setup_rom.o)
 .text.NOROM_SetupAfterColdResetWakeupFromShutDownCfg1
                0x0000000000013220       0x7c contiki-srf06-cc26xx.a(setup_rom.o)
                0x0000000000013220                NOROM_SetupAfterColdResetWakeupFromShutDownCfg1
 .text.NOROM_SetupAfterColdResetWakeupFromShutDownCfg3
                0x000000000001329c      0x194 contiki-srf06-cc26xx.a(setup_rom.o)
                0x000000000001329c                NOROM_SetupAfterColdResetWakeupFromShutDownCfg3
 .text.NOROM_SetupGetTrimForAnabypassValue1
                0x0000000000013430       0x64 contiki-srf06-cc26xx.a(setup_rom.o)
                0x0000000000013430                NOROM_SetupGetTrimForAnabypassValue1
 .text.NOROM_SetupGetTrimForAmpcompCtrl
                0x0000000000013494       0x74 contiki-srf06-cc26xx.a(setup_rom.o)
                0x0000000000013494                NOROM_SetupGetTrimForAmpcompCtrl
 .text.NOROM_SetupAfterColdResetWakeupFromShutDownCfg2
                0x0000000000013508      0x194 contiki-srf06-cc26xx.a(setup_rom.o)
                0x0000000000013508                NOROM_SetupAfterColdResetWakeupFromShutDownCfg2
 .text.NOROM_SetupSetCacheModeAccordingToCcfgSetting
                0x000000000001369c       0x6c contiki-srf06-cc26xx.a(setup_rom.o)
                0x000000000001369c                NOROM_SetupSetCacheModeAccordingToCcfgSetting
 .text.NOROM_SysCtrlSetRechargeBeforePowerDown
                0x0000000000013708      0x274 contiki-srf06-cc26xx.a(sys_ctrl.o)
                0x0000000000013708                NOROM_SysCtrlSetRechargeBeforePowerDown
 .text.NOROM_SysCtrlAdjustRechargeAfterPowerDown
                0x000000000001397c       0x64 contiki-srf06-cc26xx.a(sys_ctrl.o)
                0x000000000001397c                NOROM_SysCtrlAdjustRechargeAfterPowerDown
 .text.NOROM_SysCtrl_DCDC_VoltageConditionalControl
                0x00000000000139e0       0x7c contiki-srf06-cc26xx.a(sys_ctrl.o)
                0x00000000000139e0                NOROM_SysCtrl_DCDC_VoltageConditionalControl
 .text.NOROM_TRNGConfigure
                0x0000000000013a5c       0x38 contiki-srf06-cc26xx.a(trng.o)
                0x0000000000013a5c                NOROM_TRNGConfigure
 .text.linkaddr_copy
                0x0000000000013a94        0xc contiki-srf06-cc26xx.a(linkaddr.o)
                0x0000000000013a94                linkaddr_copy
 .text.linkaddr_cmp
                0x0000000000013aa0       0x10 contiki-srf06-cc26xx.a(linkaddr.o)
                0x0000000000013aa0                linkaddr_cmp
 .text.periodic
                0x0000000000013ab0       0x2c contiki-srf06-cc26xx.a(link-stats.o)
 .text.link_stats_from_lladdr
                0x0000000000013adc        0xc contiki-srf06-cc26xx.a(link-stats.o)
                0x0000000000013adc                link_stats_from_lladdr
 .text.link_stats_is_fresh
                0x0000000000013ae8       0x28 contiki-srf06-cc26xx.a(link-stats.o)
                0x0000000000013ae8                link_stats_is_fresh
 .text.link_stats_packet_sent
                0x0000000000013b10       0xbc contiki-srf06-cc26xx.a(link-stats.o)
                0x0000000000013b10                link_stats_packet_sent
 .text.link_stats_input_callback
                0x0000000000013bcc       0x5c contiki-srf06-cc26xx.a(link-stats.o)
                0x0000000000013bcc                link_stats_input_callback
 .text.link_stats_init
                0x0000000000013c28       0x28 contiki-srf06-cc26xx.a(link-stats.o)
                0x0000000000013c28                link_stats_init
 .text.nbr_set_bit
                0x0000000000013c50       0x4c contiki-srf06-cc26xx.a(nbr-table.o)
 .text.index_from_lladdr
                0x0000000000013c9c       0x50 contiki-srf06-cc26xx.a(nbr-table.o)
 .text.nbr_get_bit.constprop.0
                0x0000000000013cec       0x2c contiki-srf06-cc26xx.a(nbr-table.o)
 .text.remove_key
                0x0000000000013d18       0xa0 contiki-srf06-cc26xx.a(nbr-table.o)
 .text.nbr_table_register
                0x0000000000013db8       0x2c contiki-srf06-cc26xx.a(nbr-table.o)
                0x0000000000013db8                nbr_table_register
 .text.nbr_table_next
                0x0000000000013de4       0x70 contiki-srf06-cc26xx.a(nbr-table.o)
                0x0000000000013de4                nbr_table_next
 .text.nbr_table_head
                0x0000000000013e54       0x58 contiki-srf06-cc26xx.a(nbr-table.o)
                0x0000000000013e54                nbr_table_head
 .text.nbr_table_add_lladdr
                0x0000000000013eac      0x13c contiki-srf06-cc26xx.a(nbr-table.o)
                0x0000000000013eac                nbr_table_add_lladdr
 .text.nbr_table_get_from_lladdr
                0x0000000000013fe8       0x34 contiki-srf06-cc26xx.a(nbr-table.o)
                0x0000000000013fe8                nbr_table_get_from_lladdr
 .text.nbr_table_remove
                0x000000000001401c       0x2c contiki-srf06-cc26xx.a(nbr-table.o)
                0x000000000001401c                nbr_table_remove
 .text.nbr_table_lock
                0x0000000000014048       0x14 contiki-srf06-cc26xx.a(nbr-table.o)
                0x0000000000014048                nbr_table_lock
 .text.nbr_table_unlock
                0x000000000001405c       0x14 contiki-srf06-cc26xx.a(nbr-table.o)
                0x000000000001405c                nbr_table_unlock
 .text.nbr_table_get_lladdr
                0x0000000000014070       0x30 contiki-srf06-cc26xx.a(nbr-table.o)
                0x0000000000014070                nbr_table_get_lladdr
 .text.nbr_table_update_lladdr
                0x00000000000140a0       0x54 contiki-srf06-cc26xx.a(nbr-table.o)
                0x00000000000140a0                nbr_table_update_lladdr
 .text.netstack_init
                0x00000000000140f4       0x38 contiki-srf06-cc26xx.a(netstack.o)
                0x00000000000140f4                netstack_init
 .text.packetbuf_copyto
                0x000000000001412c       0x50 contiki-srf06-cc26xx.a(packetbuf.o)
                0x000000000001412c                packetbuf_copyto
 .text.packetbuf_hdralloc
                0x000000000001417c       0x58 contiki-srf06-cc26xx.a(packetbuf.o)
                0x000000000001417c                packetbuf_hdralloc
 .text.packetbuf_hdrreduce
                0x00000000000141d4       0x2c contiki-srf06-cc26xx.a(packetbuf.o)
                0x00000000000141d4                packetbuf_hdrreduce
 .text.packetbuf_set_datalen
                0x0000000000014200        0xc contiki-srf06-cc26xx.a(packetbuf.o)
                0x0000000000014200                packetbuf_set_datalen
 .text.packetbuf_dataptr
                0x000000000001420c       0x20 contiki-srf06-cc26xx.a(packetbuf.o)
                0x000000000001420c                packetbuf_dataptr
 .text.packetbuf_hdrptr
                0x000000000001422c        0x8 contiki-srf06-cc26xx.a(packetbuf.o)
                0x000000000001422c                packetbuf_hdrptr
 .text.packetbuf_datalen
                0x0000000000014234        0xc contiki-srf06-cc26xx.a(packetbuf.o)
                0x0000000000014234                packetbuf_datalen
 .text.packetbuf_totlen
                0x0000000000014240       0x24 contiki-srf06-cc26xx.a(packetbuf.o)
                0x0000000000014240                packetbuf_totlen
 .text.packetbuf_attr_clear
                0x0000000000014264       0x34 contiki-srf06-cc26xx.a(packetbuf.o)
                0x0000000000014264                packetbuf_attr_clear
 .text.packetbuf_clear
                0x0000000000014298       0x20 contiki-srf06-cc26xx.a(packetbuf.o)
                0x0000000000014298                packetbuf_clear
 .text.packetbuf_copyfrom
                0x00000000000142b8       0x40 contiki-srf06-cc26xx.a(packetbuf.o)
                0x00000000000142b8                packetbuf_copyfrom
 .text.packetbuf_attr_copyto
                0x00000000000142f8       0x44 contiki-srf06-cc26xx.a(packetbuf.o)
                0x00000000000142f8                packetbuf_attr_copyto
 .text.packetbuf_attr_copyfrom
                0x000000000001433c       0x44 contiki-srf06-cc26xx.a(packetbuf.o)
                0x000000000001433c                packetbuf_attr_copyfrom
 .text.packetbuf_set_attr
                0x0000000000014380       0x10 contiki-srf06-cc26xx.a(packetbuf.o)
                0x0000000000014380                packetbuf_set_attr
 .text.packetbuf_attr
                0x0000000000014390        0xc contiki-srf06-cc26xx.a(packetbuf.o)
                0x0000000000014390                packetbuf_attr
 .text.packetbuf_set_addr
                0x000000000001439c       0x18 contiki-srf06-cc26xx.a(packetbuf.o)
                0x000000000001439c                packetbuf_set_addr
 .text.packetbuf_addr
                0x00000000000143b4       0x10 contiki-srf06-cc26xx.a(packetbuf.o)
                0x00000000000143b4                packetbuf_addr
 .text.packetbuf_holds_broadcast
                0x00000000000143c4       0x10 contiki-srf06-cc26xx.a(packetbuf.o)
                0x00000000000143c4                packetbuf_holds_broadcast
 .text.queuebuf_init
                0x00000000000143d4       0x1c contiki-srf06-cc26xx.a(queuebuf.o)
                0x00000000000143d4                queuebuf_init
 .text.queuebuf_numfree
                0x00000000000143f0        0xc contiki-srf06-cc26xx.a(queuebuf.o)
                0x00000000000143f0                queuebuf_numfree
 .text.queuebuf_new_from_packetbuf
                0x00000000000143fc       0x48 contiki-srf06-cc26xx.a(queuebuf.o)
                0x00000000000143fc                queuebuf_new_from_packetbuf
 .text.queuebuf_update_attr_from_packetbuf
                0x0000000000014444        0xc contiki-srf06-cc26xx.a(queuebuf.o)
                0x0000000000014444                queuebuf_update_attr_from_packetbuf
 .text.queuebuf_update_from_packetbuf
                0x0000000000014450       0x1c contiki-srf06-cc26xx.a(queuebuf.o)
                0x0000000000014450                queuebuf_update_from_packetbuf
 .text.queuebuf_free
                0x000000000001446c       0x2c contiki-srf06-cc26xx.a(queuebuf.o)
                0x000000000001446c                queuebuf_free
 .text.queuebuf_to_packetbuf
                0x0000000000014498       0x30 contiki-srf06-cc26xx.a(queuebuf.o)
                0x0000000000014498                queuebuf_to_packetbuf
 .text.queuebuf_attr
                0x00000000000144c8        0xc contiki-srf06-cc26xx.a(queuebuf.o)
                0x00000000000144c8                queuebuf_attr
 .text.input_packet
                0x00000000000144d4        0xc contiki-srf06-cc26xx.a(csma.o)
 .text.on       0x00000000000144e0        0xc contiki-srf06-cc26xx.a(csma.o)
 .text.off      0x00000000000144ec        0xc contiki-srf06-cc26xx.a(csma.o)
 .text.channel_check_interval
                0x00000000000144f8       0x10 contiki-srf06-cc26xx.a(csma.o)
 .text.transmit_packet_list
                0x0000000000014508       0x34 contiki-srf06-cc26xx.a(csma.o)
 .text.schedule_transmission
                0x000000000001453c       0x58 contiki-srf06-cc26xx.a(csma.o)
 .text.send_packet
                0x0000000000014594      0x154 contiki-srf06-cc26xx.a(csma.o)
 .text.init     0x00000000000146e8       0x24 contiki-srf06-cc26xx.a(csma.o)
 .text.tx_done  0x000000000001470c       0x94 contiki-srf06-cc26xx.a(csma.o)
 .text.packet_sent
                0x00000000000147a0       0xe8 contiki-srf06-cc26xx.a(csma.o)
 .text.parse    0x0000000000014888       0xa0 contiki-srf06-cc26xx.a(framer-802154.o)
 .text.create_frame.isra.0
                0x0000000000014928      0x144 contiki-srf06-cc26xx.a(framer-802154.o)
 .text.create   0x0000000000014a6c        0x8 contiki-srf06-cc26xx.a(framer-802154.o)
 .text.hdr_length
                0x0000000000014a74        0x8 contiki-srf06-cc26xx.a(framer-802154.o)
 .text.mac_call_sent_callback
                0x0000000000014a7c       0x10 contiki-srf06-cc26xx.a(mac.o)
                0x0000000000014a7c                mac_call_sent_callback
 .text.duty_cycle
                0x0000000000014a8c        0x4 contiki-srf06-cc26xx.a(contikimac.o)
 .text.init     0x0000000000014a90       0x40 contiki-srf06-cc26xx.a(contikimac.o)
 .text.on       0x0000000000014ad0       0x2c contiki-srf06-cc26xx.a(contikimac.o)
 .text.off      0x0000000000014afc       0x38 contiki-srf06-cc26xx.a(contikimac.o)
 .text.recv_burst_off
                0x0000000000014b34       0x14 contiki-srf06-cc26xx.a(contikimac.o)
 .text.powercycle_turn_radio_off.part.2
                0x0000000000014b48       0x10 contiki-srf06-cc26xx.a(contikimac.o)
 .text.turn_off
                0x0000000000014b58       0x48 contiki-srf06-cc26xx.a(contikimac.o)
 .text.turn_on  0x0000000000014ba0       0x40 contiki-srf06-cc26xx.a(contikimac.o)
 .text.schedule_powercycle_fixed.part.5
                0x0000000000014be0       0x2c contiki-srf06-cc26xx.a(contikimac.o)
 .text.input_packet
                0x0000000000014c0c       0xac contiki-srf06-cc26xx.a(contikimac.o)
 .text.send_packet.isra.8
                0x0000000000014cb8      0x228 contiki-srf06-cc26xx.a(contikimac.o)
 .text.qsend_list
                0x0000000000014ee0       0xec contiki-srf06-cc26xx.a(contikimac.o)
 .text.qsend_packet
                0x0000000000014fcc       0x24 contiki-srf06-cc26xx.a(contikimac.o)
 .text.powercycle_wrapper
                0x0000000000014ff0      0x234 contiki-srf06-cc26xx.a(contikimac.o)
 .text.init     0x0000000000015224        0x4 contiki-srf06-cc26xx.a(nullsec.o)
 .text.input    0x0000000000015228        0xc contiki-srf06-cc26xx.a(nullsec.o)
 .text.send     0x0000000000015234       0x20 contiki-srf06-cc26xx.a(nullsec.o)
 .text.sensor_common_read_reg
                0x0000000000015254       0x1c contiki-srf06-cc26xx.a(sensor-common.o)
                0x0000000000015254                sensor_common_read_reg
 .text.sensor_common_write_reg
                0x0000000000015270       0x38 contiki-srf06-cc26xx.a(sensor-common.o)
                0x0000000000015270                sensor_common_write_reg
 .text.sensor_common_set_error_data
                0x00000000000152a8       0x10 contiki-srf06-cc26xx.a(sensor-common.o)
                0x00000000000152a8                sensor_common_set_error_data
 .text.aux_ctrl_power_up
                0x00000000000152b8       0x28 contiki-srf06-cc26xx.a(aux-ctrl.o)
                0x00000000000152b8                aux_ctrl_power_up
 .text.aux_ctrl_register_consumer
                0x00000000000152e0       0x40 contiki-srf06-cc26xx.a(aux-ctrl.o)
                0x00000000000152e0                aux_ctrl_register_consumer
 .text.aux_ctrl_power_down
                0x0000000000015320       0x6c contiki-srf06-cc26xx.a(aux-ctrl.o)
                0x0000000000015320                aux_ctrl_power_down
 .text.aux_ctrl_unregister_consumer
                0x000000000001538c       0x28 contiki-srf06-cc26xx.a(aux-ctrl.o)
                0x000000000001538c                aux_ctrl_unregister_consumer
 .text.process_thread_rf_core_process
                0x00000000000153b4       0x58 contiki-srf06-cc26xx.a(rf-core.o)
 .text.rf_core_is_accessible
                0x000000000001540c       0x10 contiki-srf06-cc26xx.a(rf-core.o)
                0x000000000001540c                rf_core_is_accessible
 .text.rf_core_send_cmd
                0x000000000001541c       0xa4 contiki-srf06-cc26xx.a(rf-core.o)
                0x000000000001541c                rf_core_send_cmd
 .text.rf_core_wait_cmd_done
                0x00000000000154c0       0x30 contiki-srf06-cc26xx.a(rf-core.o)
                0x00000000000154c0                rf_core_wait_cmd_done
 .text.rf_core_power_up
                0x00000000000154f0       0xcc contiki-srf06-cc26xx.a(rf-core.o)
                0x00000000000154f0                rf_core_power_up
 .text.rf_core_start_rat
                0x00000000000155bc       0x68 contiki-srf06-cc26xx.a(rf-core.o)
                0x00000000000155bc                rf_core_start_rat
 .text.rf_core_stop_rat
                0x0000000000015624       0x7c contiki-srf06-cc26xx.a(rf-core.o)
                0x0000000000015624                rf_core_stop_rat
 .text.rf_core_power_down
                0x00000000000156a0       0xec contiki-srf06-cc26xx.a(rf-core.o)
                0x00000000000156a0                rf_core_power_down
 .text.rf_core_set_modesel
                0x000000000001578c       0x44 contiki-srf06-cc26xx.a(rf-core.o)
                0x000000000001578c                rf_core_set_modesel
 .text.rf_core_boot
                0x00000000000157d0       0x1c contiki-srf06-cc26xx.a(rf-core.o)
                0x00000000000157d0                rf_core_boot
 .text.rf_core_restart_rat
                0x00000000000157ec       0x18 contiki-srf06-cc26xx.a(rf-core.o)
                0x00000000000157ec                rf_core_restart_rat
 .text.rf_core_setup_interrupts
                0x0000000000015804       0x74 contiki-srf06-cc26xx.a(rf-core.o)
                0x0000000000015804                rf_core_setup_interrupts
 .text.rf_core_cmd_done_en
                0x0000000000015878       0x28 contiki-srf06-cc26xx.a(rf-core.o)
                0x0000000000015878                rf_core_cmd_done_en
 .text.rf_core_cmd_done_dis
                0x00000000000158a0       0x18 contiki-srf06-cc26xx.a(rf-core.o)
                0x00000000000158a0                rf_core_cmd_done_dis
 .text.rf_core_get_last_radio_op
                0x00000000000158b8        0xc contiki-srf06-cc26xx.a(rf-core.o)
                0x00000000000158b8                rf_core_get_last_radio_op
 .text.rf_core_init_radio_op
                0x00000000000158c4       0x20 contiki-srf06-cc26xx.a(rf-core.o)
                0x00000000000158c4                rf_core_init_radio_op
 .text.rf_core_primary_mode_register
                0x00000000000158e4        0xc contiki-srf06-cc26xx.a(rf-core.o)
                0x00000000000158e4                rf_core_primary_mode_register
 .text.RFCCPE1IntHandler
                0x00000000000158f0       0x28 contiki-srf06-cc26xx.a(rf-core.o)
                0x00000000000158f0                RFCCPE1IntHandler
 .text.RFCCPE0IntHandler
                0x0000000000015918       0x5c contiki-srf06-cc26xx.a(rf-core.o)
                0x0000000000015918                RFCCPE0IntHandler
 .text.rf_ble_is_active
                0x0000000000015974        0xc contiki-srf06-cc26xx.a(rf-ble.o)